Archive member included to satisfy reference by file (symbol)

/opt/st/stm32cubeide_1.17.0/plugins/com.st.stm32cube.ide.mcu.externaltools.gnu-tools-for-stm32.12.3.rel1.linux64_1.1.0.202410170702/tools/bin/../lib/gcc/arm-none-eabi/12.3.1/../../../../arm-none-eabi/lib/thumb/v7e-m+fp/hard/libc_nano.a(libc_a-exit.o)
                              /opt/st/stm32cubeide_1.17.0/plugins/com.st.stm32cube.ide.mcu.externaltools.gnu-tools-for-stm32.12.3.rel1.linux64_1.1.0.202410170702/tools/bin/../lib/gcc/arm-none-eabi/12.3.1/../../../../arm-none-eabi/lib/thumb/v7e-m+fp/hard/crt0.o (exit)
/opt/st/stm32cubeide_1.17.0/plugins/com.st.stm32cube.ide.mcu.externaltools.gnu-tools-for-stm32.12.3.rel1.linux64_1.1.0.202410170702/tools/bin/../lib/gcc/arm-none-eabi/12.3.1/../../../../arm-none-eabi/lib/thumb/v7e-m+fp/hard/libc_nano.a(libc_a-findfp.o)
                              ./Middlewares/Third_Party/FreeRTOS/Source/tasks.o (__sf)
/opt/st/stm32cubeide_1.17.0/plugins/com.st.stm32cube.ide.mcu.externaltools.gnu-tools-for-stm32.12.3.rel1.linux64_1.1.0.202410170702/tools/bin/../lib/gcc/arm-none-eabi/12.3.1/../../../../arm-none-eabi/lib/thumb/v7e-m+fp/hard/libc_nano.a(libc_a-fwalk.o)
                              /opt/st/stm32cubeide_1.17.0/plugins/com.st.stm32cube.ide.mcu.externaltools.gnu-tools-for-stm32.12.3.rel1.linux64_1.1.0.202410170702/tools/bin/../lib/gcc/arm-none-eabi/12.3.1/../../../../arm-none-eabi/lib/thumb/v7e-m+fp/hard/libc_nano.a(libc_a-findfp.o) (_fwalk_sglue)
/opt/st/stm32cubeide_1.17.0/plugins/com.st.stm32cube.ide.mcu.externaltools.gnu-tools-for-stm32.12.3.rel1.linux64_1.1.0.202410170702/tools/bin/../lib/gcc/arm-none-eabi/12.3.1/../../../../arm-none-eabi/lib/thumb/v7e-m+fp/hard/libc_nano.a(libc_a-sprintf.o)
                              ./Middlewares/Third_Party/FreeRTOS/Source/tasks.o (sprintf)
/opt/st/stm32cubeide_1.17.0/plugins/com.st.stm32cube.ide.mcu.externaltools.gnu-tools-for-stm32.12.3.rel1.linux64_1.1.0.202410170702/tools/bin/../lib/gcc/arm-none-eabi/12.3.1/../../../../arm-none-eabi/lib/thumb/v7e-m+fp/hard/libc_nano.a(libc_a-stdio.o)
                              /opt/st/stm32cubeide_1.17.0/plugins/com.st.stm32cube.ide.mcu.externaltools.gnu-tools-for-stm32.12.3.rel1.linux64_1.1.0.202410170702/tools/bin/../lib/gcc/arm-none-eabi/12.3.1/../../../../arm-none-eabi/lib/thumb/v7e-m+fp/hard/libc_nano.a(libc_a-findfp.o) (__sread)
/opt/st/stm32cubeide_1.17.0/plugins/com.st.stm32cube.ide.mcu.externaltools.gnu-tools-for-stm32.12.3.rel1.linux64_1.1.0.202410170702/tools/bin/../lib/gcc/arm-none-eabi/12.3.1/../../../../arm-none-eabi/lib/thumb/v7e-m+fp/hard/libc_nano.a(libc_a-memset.o)
                              /opt/st/stm32cubeide_1.17.0/plugins/com.st.stm32cube.ide.mcu.externaltools.gnu-tools-for-stm32.12.3.rel1.linux64_1.1.0.202410170702/tools/bin/../lib/gcc/arm-none-eabi/12.3.1/../../../../arm-none-eabi/lib/thumb/v7e-m+fp/hard/crt0.o (memset)
/opt/st/stm32cubeide_1.17.0/plugins/com.st.stm32cube.ide.mcu.externaltools.gnu-tools-for-stm32.12.3.rel1.linux64_1.1.0.202410170702/tools/bin/../lib/gcc/arm-none-eabi/12.3.1/../../../../arm-none-eabi/lib/thumb/v7e-m+fp/hard/libc_nano.a(libc_a-closer.o)
                              /opt/st/stm32cubeide_1.17.0/plugins/com.st.stm32cube.ide.mcu.externaltools.gnu-tools-for-stm32.12.3.rel1.linux64_1.1.0.202410170702/tools/bin/../lib/gcc/arm-none-eabi/12.3.1/../../../../arm-none-eabi/lib/thumb/v7e-m+fp/hard/libc_nano.a(libc_a-stdio.o) (_close_r)
/opt/st/stm32cubeide_1.17.0/plugins/com.st.stm32cube.ide.mcu.externaltools.gnu-tools-for-stm32.12.3.rel1.linux64_1.1.0.202410170702/tools/bin/../lib/gcc/arm-none-eabi/12.3.1/../../../../arm-none-eabi/lib/thumb/v7e-m+fp/hard/libc_nano.a(libc_a-reent.o)
                              ./Middlewares/Third_Party/FreeRTOS/Source/tasks.o (_reclaim_reent)
/opt/st/stm32cubeide_1.17.0/plugins/com.st.stm32cube.ide.mcu.externaltools.gnu-tools-for-stm32.12.3.rel1.linux64_1.1.0.202410170702/tools/bin/../lib/gcc/arm-none-eabi/12.3.1/../../../../arm-none-eabi/lib/thumb/v7e-m+fp/hard/libc_nano.a(libc_a-impure.o)
                              ./Middlewares/Third_Party/FreeRTOS/Source/tasks.o (_impure_ptr)
/opt/st/stm32cubeide_1.17.0/plugins/com.st.stm32cube.ide.mcu.externaltools.gnu-tools-for-stm32.12.3.rel1.linux64_1.1.0.202410170702/tools/bin/../lib/gcc/arm-none-eabi/12.3.1/../../../../arm-none-eabi/lib/thumb/v7e-m+fp/hard/libc_nano.a(libc_a-lseekr.o)
                              /opt/st/stm32cubeide_1.17.0/plugins/com.st.stm32cube.ide.mcu.externaltools.gnu-tools-for-stm32.12.3.rel1.linux64_1.1.0.202410170702/tools/bin/../lib/gcc/arm-none-eabi/12.3.1/../../../../arm-none-eabi/lib/thumb/v7e-m+fp/hard/libc_nano.a(libc_a-stdio.o) (_lseek_r)
/opt/st/stm32cubeide_1.17.0/plugins/com.st.stm32cube.ide.mcu.externaltools.gnu-tools-for-stm32.12.3.rel1.linux64_1.1.0.202410170702/tools/bin/../lib/gcc/arm-none-eabi/12.3.1/../../../../arm-none-eabi/lib/thumb/v7e-m+fp/hard/libc_nano.a(libc_a-readr.o)
[...]
Memory Configuration

Name             Origin             Length             Attributes
RAM              0x20000000         0x00010000         xrw
FLASH            0x08000000         0x00020000         xr
*default*        0x00000000         0xffffffff

Linker script and memory map

LOAD /opt/st/stm32cubeide_1.17.0/plugins/com.st.stm32cube.ide.mcu.externaltools.gnu-tools-for-stm32.12.3.rel1.linux64_1.1.0.202410170702/tools/bin/../lib/gcc/arm-none-eabi/12.3.1/thumb/v7e-m+fp/hard/crti.o
LOAD /opt/st/stm32cubeide_1.17.0/plugins/com.st.stm32cube.ide.mcu.externaltools.gnu-tools-for-stm32.12.3.rel1.linux64_1.1.0.202410170702/tools/bin/../lib/gcc/arm-none-eabi/12.3.1/thumb/v7e-m+fp/hard/crtbegin.o
LOAD /opt/st/stm32cubeide_1.17.0/plugins/com.st.stm32cube.ide.mcu.externaltools.gnu-tools-for-stm32.12.3.rel1.linux64_1.1.0.202410170702/tools/bin/../lib/gcc/arm-none-eabi/12.3.1/../../../../arm-none-eabi/lib/thumb/v7e-m+fp/hard/crt0.o
LOAD ./Core/Src/ANALOG.o
LOAD ./Core/Src/CONTROL.o
LOAD ./Core/Src/IMU.o
LOAD ./Core/Src/TELEMETRY.o
LOAD ./Core/Src/adc.o
LOAD ./Core/Src/dma.o
LOAD ./Core/Src/freertos.o
LOAD ./Core/Src/gpio.o
LOAD ./Core/Src/i2c.o
LOAD ./Core/Src/main.o
LOAD ./Core/Src/stm32f4xx_hal_msp.o
LOAD ./Core/Src/stm32f4xx_hal_timebase_tim.o
LOAD ./Core/Src/stm32f4xx_it.o
LOAD ./Core/Src/syscalls.o
LOAD ./Core/Src/sysmem.o
LOAD ./Core/Src/system_stm32f4xx.o
LOAD ./Core/Src/tim.o
LOAD ./Core/Src/usart.o
LOAD ./Core/Startup/startup_stm32f401cbux.o
LOAD ./Drivers/STM32F4xx_HAL_Driver/Src/stm32f4xx_hal.o
LOAD ./Drivers/STM32F4xx_HAL_Driver/Src/stm32f4xx_hal_adc.o
LOAD ./Drivers/STM32F4xx_HAL_Driver/Src/stm32f4xx_hal_adc_ex.o
LOAD ./Drivers/STM32F4xx_HAL_Driver/Src/stm32f4xx_hal_cortex.o
LOAD ./Drivers/STM32F4xx_HAL_Driver/Src/stm32f4xx_hal_dma.o
LOAD ./Drivers/STM32F4xx_HAL_Driver/Src/stm32f4xx_hal_dma_ex.o
LOAD ./Drivers/STM32F4xx_HAL_Driver/Src/stm32f4xx_hal_exti.o
LOAD ./Drivers/STM32F4xx_HAL_Driver/Src/stm32f4xx_hal_flash.o
LOAD ./Drivers/STM32F4xx_HAL_Driver/Src/stm32f4xx_hal_flash_ex.o
LOAD ./Drivers/STM32F4xx_HAL_Driver/Src/stm32f4xx_hal_flash_ramfunc.o
LOAD ./Drivers/STM32F4xx_HAL_Driver/Src/stm32f4xx_hal_gpio.o
LOAD ./Drivers/STM32F4xx_HAL_Driver/Src/stm32f4xx_hal_i2c.o
LOAD ./Drivers/STM32F4xx_HAL_Driver/Src/stm32f4xx_hal_i2c_ex.o
LOAD ./Drivers/STM32F4xx_HAL_Driver/Src/stm32f4xx_hal_pwr.o
LOAD ./Drivers/STM32F4xx_HAL_Driver/Src/stm32f4xx_hal_pwr_ex.o
LOAD ./Drivers/STM32F4xx_HAL_Driver/Src/stm32f4xx_hal_rcc.o
LOAD ./Drivers/STM32F4xx_HAL_Driver/Src/stm32f4xx_hal_rcc_ex.o
LOAD ./Drivers/STM32F4xx_HAL_Driver/Src/stm32f4xx_hal_tim.o
LOAD ./Drivers/STM32F4xx_HAL_Driver/Src/stm32f4xx_hal_tim_ex.o
LOAD ./Drivers/STM32F4xx_HAL_Driver/Src/stm32f4xx_hal_uart.o
LOAD ./Drivers/STM32F4xx_HAL_Driver/Src/stm32f4xx_ll_adc.o
LOAD ./Middlewares/Third_Party/FreeRTOS/Source/CMSIS_RTOS_V2/cmsis_os2.o
LOAD ./Middlewares/Third_Party/FreeRTOS/Source/croutine.o
LOAD ./Middlewares/Third_Party/FreeRTOS/Source/event_groups.o
LOAD ./Middlewares/Third_Party/FreeRTOS/Source/list.o
LOAD ./Middlewares/Third_Party/FreeRTOS/Source/queue.o
LOAD ./Middlewares/Third_Party/FreeRTOS/Source/stream_buffer.o
LOAD ./Middlewares/Third_Party/FreeRTOS/Source/tasks.o
LOAD ./Middlewares/Third_Party/FreeRTOS/Source/timers.o
LOAD ./Middlewares/Third_Party/FreeRTOS/Source/portable/GCC/ARM_CM4F/port.o
LOAD ./Middlewares/Third_Party/FreeRTOS/Source/portable/MemMang/heap_4.o
START GROUP
LOAD /opt/st/stm32cubeide_1.17.0/plugins/com.st.stm32cube.ide.mcu.externaltools.gnu-tools-for-stm32.12.3.rel1.linux64_1.1.0.202410170702/tools/bin/../lib/gcc/arm-none-eabi/12.3.1/../../../../arm-none-eabi/lib/thumb/v7e-m+fp/hard/libc_nano.a
LOAD /opt/st/stm32cubeide_1.17.0/plugins/com.st.stm32cube.ide.mcu.externaltools.gnu-tools-for-stm32.12.3.rel1.linux64_1.1.0.202410170702/tools/bin/../lib/gcc/arm-none-eabi/12.3.1/../../../../arm-none-eabi/lib/thumb/v7e-m+fp/hard/libm.a
END GROUP
START GROUP
LOAD /opt/st/stm32cubeide_1.17.0/plugins/com.st.stm32cube.ide.mcu.externaltools.gnu-tools-for-stm32.12.3.rel1.linux64_1.1.0.202410170702/tools/bin/../lib/gcc/arm-none-eabi/12.3.1/thumb/v7e-m+fp/hard/libgcc.a
LOAD /opt/st/stm32cubeide_1.17.0/plugins/com.st.stm32cube.ide.mcu.externaltools.gnu-tools-for-stm32.12.3.rel1.linux64_1.1.0.202410170702/tools/bin/../lib/gcc/arm-none-eabi/12.3.1/../../../../arm-none-eabi/lib/thumb/v7e-m+fp/hard/libc_nano.a
END GROUP
START GROUP
LOAD /opt/st/stm32cubeide_1.17.0/plugins/com.st.stm32cube.ide.mcu.externaltools.gnu-tools-for-stm32.12.3.rel1.linux64_1.1.0.202410170702/tools/bin/../lib/gcc/arm-none-eabi/12.3.1/thumb/v7e-m+fp/hard/libgcc.a
LOAD /opt/st/stm32cubeide_1.17.0/plugins/com.st.stm32cube.ide.mcu.externaltools.gnu-tools-for-stm32.12.3.rel1.linux64_1.1.0.202410170702/tools/bin/../lib/gcc/arm-none-eabi/12.3.1/../../../../arm-none-eabi/lib/thumb/v7e-m+fp/hard/libc_nano.a
LOAD /opt/st/stm32cubeide_1.17.0/plugins/com.st.stm32cube.ide.mcu.externaltools.gnu-tools-for-stm32.12.3.rel1.linux64_1.1.0.202410170702/tools/bin/../lib/gcc/arm-none-eabi/12.3.1/../../../../arm-none-eabi/lib/thumb/v7e-m+fp/hard/libnosys.a
END GROUP
START GROUP
LOAD /opt/st/stm32cubeide_1.17.0/plugins/com.st.stm32cube.ide.mcu.externaltools.gnu-tools-for-stm32.12.3.rel1.linux64_1.1.0.202410170702/tools/bin/../lib/gcc/arm-none-eabi/12.3.1/thumb/v7e-m+fp/hard/libgcc.a
LOAD /opt/st/stm32cubeide_1.17.0/plugins/com.st.stm32cube.ide.mcu.externaltools.gnu-tools-for-stm32.12.3.rel1.linux64_1.1.0.202410170702/tools/bin/../lib/gcc/arm-none-eabi/12.3.1/../../../../arm-none-eabi/lib/thumb/v7e-m+fp/hard/libc_nano.a
LOAD /opt/st/stm32cubeide_1.17.0/plugins/com.st.stm32cube.ide.mcu.externaltools.gnu-tools-for-stm32.12.3.rel1.linux64_1.1.0.202410170702/tools/bin/../lib/gcc/arm-none-eabi/12.3.1/../../../../arm-none-eabi/lib/thumb/v7e-m+fp/hard/libnosys.a
END GROUP
LOAD /opt/st/stm32cubeide_1.17.0/plugins/com.st.stm32cube.ide.mcu.externaltools.gnu-tools-for-stm32.12.3.rel1.linux64_1.1.0.202410170702/tools/bin/../lib/gcc/arm-none-eabi/12.3.1/thumb/v7e-m+fp/hard/crtend.o
LOAD /opt/st/stm32cubeide_1.17.0/plugins/com.st.stm32cube.ide.mcu.externaltools.gnu-tools-for-stm32.12.3.rel1.linux64_1.1.0.202410170702/tools/bin/../lib/gcc/arm-none-eabi/12.3.1/thumb/v7e-m+fp/hard/crtn.o
                0x20010000                        _estack = (ORIGIN (RAM) + LENGTH (RAM))
                0x00000200                        _Min_Heap_Size = 0x200
                0x00000400                        _Min_Stack_Size = 0x400

.isr_vector     0x08000000      0x194
                0x08000000                        . = ALIGN (0x4)
 *(.isr_vector)
 .isr_vector    0x08000000      0x194 ./Core/Startup/startup_stm32f401cbux.o
                0x08000000                g_pfnVectors
                0x08000194                        . = ALIGN (0x4)

.text           0x080001a0     0x79c8
                0x080001a0                        . = ALIGN (0x4)
 *(.text)
 .text          0x080001a0       0x40 /opt/st/stm32cubeide_1.17.0/plugins/com.st.stm32cube.ide.mcu.externaltools.gnu-tools-for-stm32.12.3.rel1.linux64_1.1.0.202410170702/tools/bin/../lib/gcc/arm-none-eabi/12.3.1/thumb/v7e-m+fp/hard/crtbegin.o
 .text          0x080001e0       0x30 /opt/st/stm32cubeide_1.17.0/plugins/com.st.stm32cube.ide.mcu.externaltools.gnu-tools-for-stm32.12.3.rel1.linux64_1.1.0.202410170702/tools/bin/../lib/gcc/arm-none-eabi/12.3.1/thumb/v7e-m+fp/hard/libgcc.a(_aeabi_uldivmod.o)
                0x080001e0                __aeabi_uldivmod
 .text          0x08000210      0x2bc /opt/st/stm32cubeide_1.17.0/plugins/com.st.stm32cube.ide.mcu.externaltools.gnu-tools-for-stm32.12.3.rel1.linux64_1.1.0.202410170702/tools/bin/../lib/gcc/arm-none-eabi/12.3.1/thumb/v7e-m+fp/hard/libgcc.a(_udivmoddi4.o)
                0x08000210                __udivmoddi4
 .text          0x080004cc        0x4 /opt/st/stm32cubeide_1.17.0/plugins/com.st.stm32cube.ide.mcu.externaltools.gnu-tools-for-stm32.12.3.rel1.linux64_1.1.0.202410170702/tools/bin/../lib/gcc/arm-none-eabi/12.3.1/thumb/v7e-m+fp/hard/libgcc.a(_dvmd_tls.o)
                0x080004cc                __aeabi_ldiv0
                0x080004cc                __aeabi_idiv0
 *(.text*)
 .text.adc_read
                0x080004d0        0xe ./Core/Src/ANALOG.o
                0x080004d0                adc_read
 .text.control  0x080004de        0xe ./Core/Src/CONTROL.o
                0x080004de                control
 .text.imu_read
                0x080004ec        0xe ./Core/Src/IMU.o
                0x080004ec                imu_read
 .text.telemetry
                0x080004fa        0xe ./Core/Src/TELEMETRY.o
                0x080004fa                telemetry
 .text.MX_ADC1_Init
                0x08000508       0xf8 ./Core/Src/adc.o
                0x08000508                MX_ADC1_Init
 .text.HAL_ADC_MspInit
                0x08000600       0xf0 ./Core/Src/adc.o
                0x08000600                HAL_ADC_MspInit
 .text.MX_DMA_Init
                0x080006f0       0x40 ./Core/Src/dma.o
                0x080006f0                MX_DMA_Init
 .text.configureTimerForRunTimeStats
                0x08000730       0x14 ./Core/Src/freertos.o
                0x08000730                configureTimerForRunTimeStats
 .text.getRunTimeCounterValue
                0x08000744       0x18 ./Core/Src/freertos.o
                0x08000744                getRunTimeCounterValue
 .text.PreSleepProcessing
                0x0800075c       0x14 ./Core/Src/freertos.o
                0x0800075c                PreSleepProcessing
 .text.PostSleepProcessing
                0x08000770       0x14 ./Core/Src/freertos.o
                0x08000770                PostSleepProcessing
 .text.MX_FREERTOS_Init
                0x08000784      0x118 ./Core/Src/freertos.o
                0x08000784                MX_FREERTOS_Init
 .text.StartDefaultTask
                0x0800089c       0x20 ./Core/Src/freertos.o
                0x0800089c                StartDefaultTask
 .text._control_task
                0x080008bc       0x24 ./Core/Src/freertos.o
                0x080008bc                _control_task
 .text._imu_read_task
                0x080008e0       0x24 ./Core/Src/freertos.o
                0x080008e0                _imu_read_task
 .text._adc_read_task
                0x08000904       0x24 ./Core/Src/freertos.o
                0x08000904                _adc_read_task
 .text._telemetry_task
                0x08000928       0x28 ./Core/Src/freertos.o
                0x08000928                _telemetry_task
 .text.MX_GPIO_Init
                0x08000950       0x50 ./Core/Src/gpio.o
                0x08000950                MX_GPIO_Init
 .text.MX_I2C3_Init
                0x080009a0       0x5c ./Core/Src/i2c.o
                0x080009a0                MX_I2C3_Init
 .text.HAL_I2C_MspInit
                0x080009fc       0xd0 ./Core/Src/i2c.o
                0x080009fc                HAL_I2C_MspInit
 .text.main     0x08000acc       0x3c ./Core/Src/main.o
                0x08000acc                main
 .text.SystemClock_Config
                0x08000b08       0xd4 ./Core/Src/main.o
                0x08000b08                SystemClock_Config
 .text.HAL_TIM_PeriodElapsedCallback
                0x08000bdc       0x24 ./Core/Src/main.o
                0x08000bdc                HAL_TIM_PeriodElapsedCallback
 .text.Error_Handler
                0x08000c00        0xc ./Core/Src/main.o
                0x08000c00                Error_Handler
 .text.HAL_MspInit
                0x08000c0c       0x58 ./Core/Src/stm32f4xx_hal_msp.o
                0x08000c0c                HAL_MspInit
 .text.HAL_InitTick
                0x08000c64       0xe4 ./Core/Src/stm32f4xx_hal_timebase_tim.o
                0x08000c64                HAL_InitTick
 .text.NMI_Handler
                0x08000d48        0x8 ./Core/Src/stm32f4xx_it.o
                0x08000d48                NMI_Handler
 .text.HardFault_Handler
                0x08000d50        0x8 ./Core/Src/stm32f4xx_it.o
                0x08000d50                HardFault_Handler
 .text.MemManage_Handler
                0x08000d58        0x8 ./Core/Src/stm32f4xx_it.o
                0x08000d58                MemManage_Handler
 .text.BusFault_Handler
                0x08000d60        0x8 ./Core/Src/stm32f4xx_it.o
                0x08000d60                BusFault_Handler
 .text.UsageFault_Handler
                0x08000d68        0x8 ./Core/Src/stm32f4xx_it.o
                0x08000d68                UsageFault_Handler
 .text.DebugMon_Handler
                0x08000d70        0xe ./Core/Src/stm32f4xx_it.o
                0x08000d70                DebugMon_Handler
 *fill*         0x08000d7e        0x2 
 .text.TIM1_UP_TIM10_IRQHandler
                0x08000d80       0x14 ./Core/Src/stm32f4xx_it.o
                0x08000d80                TIM1_UP_TIM10_IRQHandler
 .text.TIM1_TRG_COM_TIM11_IRQHandler
                0x08000d94       0x20 ./Core/Src/stm32f4xx_it.o
                0x08000d94                TIM1_TRG_COM_TIM11_IRQHandler
 .text.TIM3_IRQHandler
                0x08000db4       0x14 ./Core/Src/stm32f4xx_it.o
                0x08000db4                TIM3_IRQHandler
 .text.DMA2_Stream0_IRQHandler
                0x08000dc8       0x14 ./Core/Src/stm32f4xx_it.o
                0x08000dc8                DMA2_Stream0_IRQHandler
 .text.SystemInit
                0x08000ddc       0x24 ./Core/Src/system_stm32f4xx.o
                0x08000ddc                SystemInit
 .text.MX_TIM3_Init
                0x08000e00      0x124 ./Core/Src/tim.o
                0x08000e00                MX_TIM3_Init
 .text.MX_TIM4_Init
                0x08000f24       0xf4 ./Core/Src/tim.o
                0x08000f24                MX_TIM4_Init
 .text.MX_TIM11_Init
                0x08001018       0x44 ./Core/Src/tim.o
                0x08001018                MX_TIM11_Init
 .text.HAL_TIM_Base_MspInit
                0x0800105c      0x11c ./Core/Src/tim.o
                0x0800105c                HAL_TIM_Base_MspInit
 .text.HAL_TIM_PWM_MspInit
                0x08001178       0x44 ./Core/Src/tim.o
                0x08001178                HAL_TIM_PWM_MspInit
 .text.HAL_TIM_MspPostInit
                0x080011bc       0x74 ./Core/Src/tim.o
                0x080011bc                HAL_TIM_MspPostInit
 .text.MX_USART1_UART_Init
                0x08001230       0x54 ./Core/Src/usart.o
                0x08001230                MX_USART1_UART_Init
 .text.HAL_UART_MspInit
                0x08001284       0x90 ./Core/Src/usart.o
                0x08001284                HAL_UART_MspInit
 .text.Reset_Handler
                0x08001314       0x50 ./Core/Startup/startup_stm32f401cbux.o
                0x08001314                Reset_Handler
 .text.Default_Handler
                0x08001364        0x2 ./Core/Startup/startup_stm32f401cbux.o
                0x08001364                RTC_Alarm_IRQHandler
                0x08001364                EXTI2_IRQHandler
                0x08001364                SPI4_IRQHandler
                0x08001364                TIM1_CC_IRQHandler
                0x08001364                DMA2_Stream5_IRQHandler
                0x08001364                DMA1_Stream5_IRQHandler
                0x08001364                PVD_IRQHandler
                0x08001364                SDIO_IRQHandler
                0x08001364                TAMP_STAMP_IRQHandler
                0x08001364                EXTI3_IRQHandler
                0x08001364                I2C3_ER_IRQHandler
                0x08001364                EXTI0_IRQHandler
                0x08001364                I2C2_EV_IRQHandler
                0x08001364                DMA1_Stream2_IRQHandler
                0x08001364                FPU_IRQHandler
                0x08001364                DMA2_Stream2_IRQHandler
                0x08001364                SPI1_IRQHandler
                0x08001364                TIM1_BRK_TIM9_IRQHandler
                0x08001364                DMA2_Stream3_IRQHandler
                0x08001364                USART6_IRQHandler
                0x08001364                TIM4_IRQHandler
                0x08001364                I2C1_EV_IRQHandler
                0x08001364                DMA1_Stream6_IRQHandler
                0x08001364                DMA1_Stream1_IRQHandler
                0x08001364                RCC_IRQHandler
                0x08001364                Default_Handler
                0x08001364                EXTI15_10_IRQHandler
                0x08001364                ADC_IRQHandler
                0x08001364                DMA1_Stream7_IRQHandler
                0x08001364                TIM5_IRQHandler
                0x08001364                DMA2_Stream7_IRQHandler
                0x08001364                I2C3_EV_IRQHandler
                0x08001364                EXTI9_5_IRQHandler
                0x08001364                RTC_WKUP_IRQHandler
                0x08001364                SPI2_IRQHandler
                0x08001364                DMA1_Stream0_IRQHandler
                0x08001364                EXTI4_IRQHandler
                0x08001364                WWDG_IRQHandler
                0x08001364                TIM2_IRQHandler
                0x08001364                OTG_FS_WKUP_IRQHandler
                0x08001364                EXTI1_IRQHandler
                0x08001364                USART2_IRQHandler
                0x08001364                I2C2_ER_IRQHandler
                0x08001364                DMA2_Stream1_IRQHandler
                0x08001364                FLASH_IRQHandler
                0x08001364                DMA2_Stream4_IRQHandler
                0x08001364                USART1_IRQHandler
                0x08001364                OTG_FS_IRQHandler
                0x08001364                SPI3_IRQHandler
                0x08001364                DMA1_Stream4_IRQHandler
                0x08001364                I2C1_ER_IRQHandler
                0x08001364                DMA2_Stream6_IRQHandler
                0x08001364                DMA1_Stream3_IRQHandler
 *fill*         0x08001366        0x2 
 .text.HAL_Init
                0x08001368       0x44 ./Drivers/STM32F4xx_HAL_Driver/Src/stm32f4xx_hal.o
                0x08001368                HAL_Init
 .text.HAL_IncTick
                0x080013ac       0x28 ./Drivers/STM32F4xx_HAL_Driver/Src/stm32f4xx_hal.o
                0x080013ac                HAL_IncTick
 .text.HAL_GetTick
                0x080013d4       0x18 ./Drivers/STM32F4xx_HAL_Driver/Src/stm32f4xx_hal.o
                0x080013d4                HAL_GetTick
 .text.HAL_ADC_Init
                0x080013ec       0x86 ./Drivers/STM32F4xx_HAL_Driver/Src/stm32f4xx_hal_adc.o
                0x080013ec                HAL_ADC_Init
 *fill*         0x08001472        0x2 
 .text.HAL_ADC_ConfigChannel
                0x08001474      0x244 ./Drivers/STM32F4xx_HAL_Driver/Src/stm32f4xx_hal_adc.o
                0x08001474                HAL_ADC_ConfigChannel
 .text.ADC_Init
                0x080016b8      0x1f8 ./Drivers/STM32F4xx_HAL_Driver/Src/stm32f4xx_hal_adc.o
 .text.__NVIC_SetPriorityGrouping
                0x080018b0       0x48 ./Drivers/STM32F4xx_HAL_Driver/Src/stm32f4xx_hal_cortex.o
 .text.__NVIC_GetPriorityGrouping
                0x080018f8       0x1c ./Drivers/STM32F4xx_HAL_Driver/Src/stm32f4xx_hal_cortex.o
 .text.__NVIC_EnableIRQ
                0x08001914       0x3c ./Drivers/STM32F4xx_HAL_Driver/Src/stm32f4xx_hal_cortex.o
 .text.__NVIC_SetPriority
                0x08001950       0x54 ./Drivers/STM32F4xx_HAL_Driver/Src/stm32f4xx_hal_cortex.o
 .text.NVIC_EncodePriority
                0x080019a4       0x66 ./Drivers/STM32F4xx_HAL_Driver/Src/stm32f4xx_hal_cortex.o
 .text.HAL_NVIC_SetPriorityGrouping
                0x08001a0a       0x16 ./Drivers/STM32F4xx_HAL_Driver/Src/stm32f4xx_hal_cortex.o
                0x08001a0a                HAL_NVIC_SetPriorityGrouping
 .text.HAL_NVIC_SetPriority
                0x08001a20       0x38 ./Drivers/STM32F4xx_HAL_Driver/Src/stm32f4xx_hal_cortex.o
                0x08001a20                HAL_NVIC_SetPriority
 .text.HAL_NVIC_EnableIRQ
                0x08001a58       0x1c ./Drivers/STM32F4xx_HAL_Driver/Src/stm32f4xx_hal_cortex.o
                0x08001a58                HAL_NVIC_EnableIRQ
 .text.HAL_DMA_Init
                0x08001a74      0x15c ./Drivers/STM32F4xx_HAL_Driver/Src/stm32f4xx_hal_dma.o
                0x08001a74                HAL_DMA_Init
 .text.HAL_DMA_IRQHandler
                0x08001bd0      0x314 ./Drivers/STM32F4xx_HAL_Driver/Src/stm32f4xx_hal_dma.o
                0x08001bd0                HAL_DMA_IRQHandler
 .text.DMA_CalcBaseAndBitshift
                0x08001ee4       0x6c ./Drivers/STM32F4xx_HAL_Driver/Src/stm32f4xx_hal_dma.o
 .text.DMA_CheckFifoParam
                0x08001f50       0xf8 ./Drivers/STM32F4xx_HAL_Driver/Src/stm32f4xx_hal_dma.o
 .text.HAL_GPIO_Init
                0x08002048      0x308 ./Drivers/STM32F4xx_HAL_Driver/Src/stm32f4xx_hal_gpio.o
                0x08002048                HAL_GPIO_Init
 .text.HAL_I2C_Init
                0x08002350      0x288 ./Drivers/STM32F4xx_HAL_Driver/Src/stm32f4xx_hal_i2c.o
                0x08002350                HAL_I2C_Init
 .text.HAL_RCC_OscConfig
                0x080025d8      0x4f0 ./Drivers/STM32F4xx_HAL_Driver/Src/stm32f4xx_hal_rcc.o
                0x080025d8                HAL_RCC_OscConfig
 .text.HAL_RCC_ClockConfig
                0x08002ac8      0x1cc ./Drivers/STM32F4xx_HAL_Driver/Src/stm32f4xx_hal_rcc.o
                0x08002ac8                HAL_RCC_ClockConfig
 .text.HAL_RCC_GetSysClockFreq
                0x08002c94      0x18c ./Drivers/STM32F4xx_HAL_Driver/Src/stm32f4xx_hal_rcc.o
                0x08002c94                HAL_RCC_GetSysClockFreq
 .text.HAL_RCC_GetHCLKFreq
                0x08002e20       0x18 ./Drivers/STM32F4xx_HAL_Driver/Src/stm32f4xx_hal_rcc.o
                0x08002e20                HAL_RCC_GetHCLKFreq
 .text.HAL_RCC_GetPCLK1Freq
                0x08002e38       0x28 ./Drivers/STM32F4xx_HAL_Driver/Src/stm32f4xx_hal_rcc.o
                0x08002e38                HAL_RCC_GetPCLK1Freq
 .text.HAL_RCC_GetPCLK2Freq
                0x08002e60       0x28 ./Drivers/STM32F4xx_HAL_Driver/Src/stm32f4xx_hal_rcc.o
                0x08002e60                HAL_RCC_GetPCLK2Freq
 .text.HAL_RCC_GetClockConfig
                0x08002e88       0x64 ./Drivers/STM32F4xx_HAL_Driver/Src/stm32f4xx_hal_rcc.o
                0x08002e88                HAL_RCC_GetClockConfig
 .text.HAL_TIM_Base_Init
                0x08002eec       0x9e ./Drivers/STM32F4xx_HAL_Driver/Src/stm32f4xx_hal_tim.o
                0x08002eec                HAL_TIM_Base_Init
 *fill*         0x08002f8a        0x2 
 .text.HAL_TIM_Base_Start_IT
                0x08002f8c       0xc4 ./Drivers/STM32F4xx_HAL_Driver/Src/stm32f4xx_hal_tim.o
                0x08002f8c                HAL_TIM_Base_Start_IT
 .text.HAL_TIM_PWM_Init
                0x08003050       0x9e ./Drivers/STM32F4xx_HAL_Driver/Src/stm32f4xx_hal_tim.o
                0x08003050                HAL_TIM_PWM_Init
 .text.HAL_TIM_IC_Init
                0x080030ee       0x9e ./Drivers/STM32F4xx_HAL_Driver/Src/stm32f4xx_hal_tim.o
                0x080030ee                HAL_TIM_IC_Init
 .text.HAL_TIM_IC_MspInit
                0x0800318c       0x14 ./Drivers/STM32F4xx_HAL_Driver/Src/stm32f4xx_hal_tim.o
                0x0800318c                HAL_TIM_IC_MspInit
 .text.HAL_TIM_IC_Start_IT
                0x080031a0      0x234 ./Drivers/STM32F4xx_HAL_Driver/Src/stm32f4xx_hal_tim.o
                0x080031a0                HAL_TIM_IC_Start_IT
 .text.HAL_TIM_IRQHandler
                0x080033d4      0x1e0 ./Drivers/STM32F4xx_HAL_Driver/Src/stm32f4xx_hal_tim.o
                0x080033d4                HAL_TIM_IRQHandler
 .text.HAL_TIM_IC_ConfigChannel
                0x080035b4      0x138 ./Drivers/STM32F4xx_HAL_Driver/Src/stm32f4xx_hal_tim.o
                0x080035b4                HAL_TIM_IC_ConfigChannel
 .text.HAL_TIM_PWM_ConfigChannel
                0x080036ec      0x184 ./Drivers/STM32F4xx_HAL_Driver/Src/stm32f4xx_hal_tim.o
                0x080036ec                HAL_TIM_PWM_ConfigChannel
 .text.HAL_TIM_ConfigClockSource
                0x08003870      0x18e ./Drivers/STM32F4xx_HAL_Driver/Src/stm32f4xx_hal_tim.o
                0x08003870                HAL_TIM_ConfigClockSource
 .text.HAL_TIM_OC_DelayElapsedCallback
                0x080039fe       0x14 ./Drivers/STM32F4xx_HAL_Driver/Src/stm32f4xx_hal_tim.o
                0x080039fe                HAL_TIM_OC_DelayElapsedCallback
 .text.HAL_TIM_IC_CaptureCallback
                0x08003a12       0x14 ./Drivers/STM32F4xx_HAL_Driver/Src/stm32f4xx_hal_tim.o
                0x08003a12                HAL_TIM_IC_CaptureCallback
 .text.HAL_TIM_PWM_PulseFinishedCallback
                0x08003a26       0x14 ./Drivers/STM32F4xx_HAL_Driver/Src/stm32f4xx_hal_tim.o
                0x08003a26                HAL_TIM_PWM_PulseFinishedCallback
 .text.HAL_TIM_TriggerCallback
                0x08003a3a       0x14 ./Drivers/STM32F4xx_HAL_Driver/Src/stm32f4xx_hal_tim.o
                0x08003a3a                HAL_TIM_TriggerCallback
 *fill*         0x08003a4e        0x2 
 .text.TIM_Base_SetConfig
                0x08003a50      0x118 ./Drivers/STM32F4xx_HAL_Driver/Src/stm32f4xx_hal_tim.o
                0x08003a50                TIM_Base_SetConfig
 .text.TIM_OC1_SetConfig
                0x08003b68       0xcc ./Drivers/STM32F4xx_HAL_Driver/Src/stm32f4xx_hal_tim.o
 .text.TIM_OC2_SetConfig
                0x08003c34       0xd8 ./Drivers/STM32F4xx_HAL_Driver/Src/stm32f4xx_hal_tim.o
                0x08003c34                TIM_OC2_SetConfig
 .text.TIM_OC3_SetConfig
                0x08003d0c       0xd4 ./Drivers/STM32F4xx_HAL_Driver/Src/stm32f4xx_hal_tim.o
 .text.TIM_OC4_SetConfig
                0x08003de0       0xa0 ./Drivers/STM32F4xx_HAL_Driver/Src/stm32f4xx_hal_tim.o
 .text.TIM_TI1_SetConfig
                0x08003e80       0xd0 ./Drivers/STM32F4xx_HAL_Driver/Src/stm32f4xx_hal_tim.o
                0x08003e80                TIM_TI1_SetConfig
 .text.TIM_TI1_ConfigInputStage
                0x08003f50       0x5e ./Drivers/STM32F4xx_HAL_Driver/Src/stm32f4xx_hal_tim.o
 .text.TIM_TI2_SetConfig
                0x08003fae       0x7a ./Drivers/STM32F4xx_HAL_Driver/Src/stm32f4xx_hal_tim.o
 .text.TIM_TI2_ConfigInputStage
                0x08004028       0x60 ./Drivers/STM32F4xx_HAL_Driver/Src/stm32f4xx_hal_tim.o
 .text.TIM_TI3_SetConfig
                0x08004088       0x78 ./Drivers/STM32F4xx_HAL_Driver/Src/stm32f4xx_hal_tim.o
 .text.TIM_TI4_SetConfig
                0x08004100       0x7a ./Drivers/STM32F4xx_HAL_Driver/Src/stm32f4xx_hal_tim.o
 .text.TIM_ITRx_SetConfig
                0x0800417a       0x36 ./Drivers/STM32F4xx_HAL_Driver/Src/stm32f4xx_hal_tim.o
 .text.TIM_ETR_SetConfig
                0x080041b0       0x40 ./Drivers/STM32F4xx_HAL_Driver/Src/stm32f4xx_hal_tim.o
                0x080041b0                TIM_ETR_SetConfig
 .text.TIM_CCxChannelCmd
                0x080041f0       0x4a ./Drivers/STM32F4xx_HAL_Driver/Src/stm32f4xx_hal_tim.o
                0x080041f0                TIM_CCxChannelCmd
 *fill*         0x0800423a        0x2 
 .text.HAL_TIMEx_MasterConfigSynchronization
                0x0800423c       0xdc ./Drivers/STM32F4xx_HAL_Driver/Src/stm32f4xx_hal_tim_ex.o
                0x0800423c                HAL_TIMEx_MasterConfigSynchronization
 .text.HAL_TIMEx_CommutCallback
                0x08004318       0x14 ./Drivers/STM32F4xx_HAL_Driver/Src/stm32f4xx_hal_tim_ex.o
                0x08004318                HAL_TIMEx_CommutCallback
 .text.HAL_TIMEx_BreakCallback
                0x0800432c       0x14 ./Drivers/STM32F4xx_HAL_Driver/Src/stm32f4xx_hal_tim_ex.o
                0x0800432c                HAL_TIMEx_BreakCallback
 .text.HAL_UART_Init
                0x08004340       0xa0 ./Drivers/STM32F4xx_HAL_Driver/Src/stm32f4xx_hal_uart.o
                0x08004340                HAL_UART_Init
 .text.UART_SetConfig
                0x080043e0      0x4e8 ./Drivers/STM32F4xx_HAL_Driver/Src/stm32f4xx_hal_uart.o
 .text.__NVIC_SetPriority
                0x080048c8       0x54 ./Middlewares/Third_Party/FreeRTOS/Source/CMSIS_RTOS_V2/cmsis_os2.o
 .text.SysTick_Handler
                0x0800491c       0x20 ./Middlewares/Third_Party/FreeRTOS/Source/CMSIS_RTOS_V2/cmsis_os2.o
                0x0800491c                SysTick_Handler
 .text.SVC_Setup
                0x0800493c       0x12 ./Middlewares/Third_Party/FreeRTOS/Source/CMSIS_RTOS_V2/cmsis_os2.o
 *fill*         0x0800494e        0x2 
 .text.osKernelInitialize
                0x08004950       0x48 ./Middlewares/Third_Party/FreeRTOS/Source/CMSIS_RTOS_V2/cmsis_os2.o
                0x08004950                osKernelInitialize
 .text.osKernelStart
                0x08004998       0x4c ./Middlewares/Third_Party/FreeRTOS/Source/CMSIS_RTOS_V2/cmsis_os2.o
                0x08004998                osKernelStart
 .text.osThreadNew
                0x080049e4      0x124 ./Middlewares/Third_Party/FreeRTOS/Source/CMSIS_RTOS_V2/cmsis_os2.o
                0x080049e4                osThreadNew
 .text.osDelay  0x08004b08       0x36 ./Middlewares/Third_Party/FreeRTOS/Source/CMSIS_RTOS_V2/cmsis_os2.o
                0x08004b08                osDelay
 .text.osMessageQueueNew
                0x08004b3e       0xe6 ./Middlewares/Third_Party/FreeRTOS/Source/CMSIS_RTOS_V2/cmsis_os2.o
                0x08004b3e                osMessageQueueNew
 .text.vApplicationGetIdleTaskMemory
                0x08004c24       0x34 ./Middlewares/Third_Party/FreeRTOS/Source/CMSIS_RTOS_V2/cmsis_os2.o
                0x08004c24                vApplicationGetIdleTaskMemory
 .text.vApplicationGetTimerTaskMemory
                0x08004c58       0x34 ./Middlewares/Third_Party/FreeRTOS/Source/CMSIS_RTOS_V2/cmsis_os2.o
                0x08004c58                vApplicationGetTimerTaskMemory
 .text.vListInitialise
                0x08004c8c       0x40 ./Middlewares/Third_Party/FreeRTOS/Source/list.o
                0x08004c8c                vListInitialise
 .text.vListInitialiseItem
                0x08004ccc       0x1a ./Middlewares/Third_Party/FreeRTOS/Source/list.o
                0x08004ccc                vListInitialiseItem
 .text.vListInsertEnd
                0x08004ce6       0x48 ./Middlewares/Third_Party/FreeRTOS/Source/list.o
                0x08004ce6                vListInsertEnd
 .text.vListInsert
                0x08004d2e       0x72 ./Middlewares/Third_Party/FreeRTOS/Source/list.o
                0x08004d2e                vListInsert
 .text.uxListRemove
                0x08004da0       0x54 ./Middlewares/Third_Party/FreeRTOS/Source/list.o
                0x08004da0                uxListRemove
 .text.xQueueGenericReset
                0x08004df4       0xd4 ./Middlewares/Third_Party/FreeRTOS/Source/queue.o
                0x08004df4                xQueueGenericReset
 .text.xQueueGenericCreateStatic
                0x08004ec8       0xfa ./Middlewares/Third_Party/FreeRTOS/Source/queue.o
                0x08004ec8                xQueueGenericCreateStatic
 .text.xQueueGenericCreate
                0x08004fc2       0x76 ./Middlewares/Third_Party/FreeRTOS/Source/queue.o
                0x08004fc2                xQueueGenericCreate
 .text.prvInitialiseNewQueue
                0x08005038       0x46 ./Middlewares/Third_Party/FreeRTOS/Source/queue.o
 *fill*         0x0800507e        0x2 
 .text.xQueueGenericSend
                0x08005080      0x204 ./Middlewares/Third_Party/FreeRTOS/Source/queue.o
                0x08005080                xQueueGenericSend
 .text.xQueueGenericSendFromISR
                0x08005284      0x13c ./Middlewares/Third_Party/FreeRTOS/Source/queue.o
                0x08005284                xQueueGenericSendFromISR
 .text.xQueueReceive
                0x080053c0      0x1c4 ./Middlewares/Third_Party/FreeRTOS/Source/queue.o
                0x080053c0                xQueueReceive
 .text.prvCopyDataToQueue
                0x08005584       0xd4 ./Middlewares/Third_Party/FreeRTOS/Source/queue.o
 .text.prvCopyDataFromQueue
                0x08005658       0x4c ./Middlewares/Third_Party/FreeRTOS/Source/queue.o
 .text.prvUnlockQueue
                0x080056a4       0xa4 ./Middlewares/Third_Party/FreeRTOS/Source/queue.o
 .text.prvIsQueueEmpty
                0x08005748       0x2c ./Middlewares/Third_Party/FreeRTOS/Source/queue.o
 .text.prvIsQueueFull
                0x08005774       0x30 ./Middlewares/Third_Party/FreeRTOS/Source/queue.o
 .text.vQueueAddToRegistry
                0x080057a4       0x54 ./Middlewares/Third_Party/FreeRTOS/Source/queue.o
                0x080057a4                vQueueAddToRegistry
 .text.vQueueWaitForMessageRestricted
                0x080057f8       0x68 ./Middlewares/Third_Party/FreeRTOS/Source/queue.o
                0x080057f8                vQueueWaitForMessageRestricted
 .text.xTaskCreateStatic
                0x08005860       0xc0 ./Middlewares/Third_Party/FreeRTOS/Source/tasks.o
                0x08005860                xTaskCreateStatic
 .text.xTaskCreate
                0x08005920       0x8a ./Middlewares/Third_Party/FreeRTOS/Source/tasks.o
                0x08005920                xTaskCreate
 *fill*         0x080059aa        0x2 
 .text.prvInitialiseNewTask
                0x080059ac      0x15c ./Middlewares/Third_Party/FreeRTOS/Source/tasks.o
 .text.prvAddNewTaskToReadyList
                0x08005b08       0xe0 ./Middlewares/Third_Party/FreeRTOS/Source/tasks.o
 .text.vTaskDelay
                0x08005be8       0x6c ./Middlewares/Third_Party/FreeRTOS/Source/tasks.o
                0x08005be8                vTaskDelay
 .text.vTaskStartScheduler
                0x08005c54       0xe4 ./Middlewares/Third_Party/FreeRTOS/Source/tasks.o
                0x08005c54                vTaskStartScheduler
 .text.vTaskSuspendAll
                0x08005d38       0x1c ./Middlewares/Third_Party/FreeRTOS/Source/tasks.o
                0x08005d38                vTaskSuspendAll
 .text.prvGetExpectedIdleTime
                0x08005d54       0x70 ./Middlewares/Third_Party/FreeRTOS/Source/tasks.o
 .text.xTaskResumeAll
                0x08005dc4      0x13c ./Middlewares/Third_Party/FreeRTOS/Source/tasks.o
                0x08005dc4                xTaskResumeAll
 .text.xTaskGetTickCount
                0x08005f00       0x20 ./Middlewares/Third_Party/FreeRTOS/Source/tasks.o
                0x08005f00                xTaskGetTickCount
 .text.vTaskStepTick
                0x08005f20       0x50 ./Middlewares/Third_Party/FreeRTOS/Source/tasks.o
                0x08005f20                vTaskStepTick
 .text.xTaskIncrementTick
                0x08005f70      0x174 ./Middlewares/Third_Party/FreeRTOS/Source/tasks.o
                0x08005f70                xTaskIncrementTick
 .text.vTaskSwitchContext
                0x080060e4      0x100 ./Middlewares/Third_Party/FreeRTOS/Source/tasks.o
                0x080060e4                vTaskSwitchContext
 .text.vTaskPlaceOnEventList
                0x080061e4       0x4c ./Middlewares/Third_Party/FreeRTOS/Source/tasks.o
                0x080061e4                vTaskPlaceOnEventList
 .text.vTaskPlaceOnEventListRestricted
                0x08006230       0x58 ./Middlewares/Third_Party/FreeRTOS/Source/tasks.o
                0x08006230                vTaskPlaceOnEventListRestricted
 .text.xTaskRemoveFromEventList
                0x08006288       0xcc ./Middlewares/Third_Party/FreeRTOS/Source/tasks.o
                0x08006288                xTaskRemoveFromEventList
 .text.vTaskInternalSetTimeOutState
                0x08006354       0x2c ./Middlewares/Third_Party/FreeRTOS/Source/tasks.o
                0x08006354                vTaskInternalSetTimeOutState
 .text.xTaskCheckForTimeOut
                0x08006380       0xc8 ./Middlewares/Third_Party/FreeRTOS/Source/tasks.o
                0x08006380                xTaskCheckForTimeOut
 .text.vTaskMissedYield
                0x08006448       0x18 ./Middlewares/Third_Party/FreeRTOS/Source/tasks.o
                0x08006448                vTaskMissedYield
 .text.prvIdleTask
                0x08006460       0x80 ./Middlewares/Third_Party/FreeRTOS/Source/tasks.o
 .text.eTaskConfirmSleepModeStatus
                0x080064e0       0x5c ./Middlewares/Third_Party/FreeRTOS/Source/tasks.o
                0x080064e0                eTaskConfirmSleepModeStatus
 .text.prvInitialiseTaskLists
                0x0800653c       0x80 ./Middlewares/Third_Party/FreeRTOS/Source/tasks.o
 .text.prvCheckTasksWaitingTermination
                0x080065bc       0x5c ./Middlewares/Third_Party/FreeRTOS/Source/tasks.o
 .text.prvDeleteTCB
                0x08006618       0x6a ./Middlewares/Third_Party/FreeRTOS/Source/tasks.o
 *fill*         0x08006682        0x2 
 .text.prvResetNextTaskUnblockTime
                0x08006684       0x40 ./Middlewares/Third_Party/FreeRTOS/Source/tasks.o
 .text.xTaskGetSchedulerState
                0x080066c4       0x3c ./Middlewares/Third_Party/FreeRTOS/Source/tasks.o
                0x080066c4                xTaskGetSchedulerState
 .text.xTaskPriorityDisinherit
                0x08006700       0xe0 ./Middlewares/Third_Party/FreeRTOS/Source/tasks.o
                0x08006700                xTaskPriorityDisinherit
 .text.prvAddCurrentTaskToDelayedList
                0x080067e0       0xa8 ./Middlewares/Third_Party/FreeRTOS/Source/tasks.o
 .text.xTimerCreateTimerTask
                0x08006888       0x94 ./Middlewares/Third_Party/FreeRTOS/Source/timers.o
                0x08006888                xTimerCreateTimerTask
 .text.xTimerGenericCommand
                0x0800691c       0x9c ./Middlewares/Third_Party/FreeRTOS/Source/timers.o
                0x0800691c                xTimerGenericCommand
 .text.prvProcessExpiredTimer
                0x080069b8       0x9c ./Middlewares/Third_Party/FreeRTOS/Source/timers.o
 .text.prvTimerTask
                0x08006a54       0x26 ./Middlewares/Third_Party/FreeRTOS/Source/timers.o
 *fill*         0x08006a7a        0x2 
 .text.prvProcessTimerOrBlockTask
                0x08006a7c       0x9c ./Middlewares/Third_Party/FreeRTOS/Source/timers.o
 .text.prvGetNextExpireTime
                0x08006b18       0x48 ./Middlewares/Third_Party/FreeRTOS/Source/timers.o
 .text.prvSampleTimeNow
                0x08006b60       0x40 ./Middlewares/Third_Party/FreeRTOS/Source/timers.o
 .text.prvInsertTimerInActiveList
                0x08006ba0       0x84 ./Middlewares/Third_Party/FreeRTOS/Source/timers.o
 .text.prvProcessReceivedCommands
                0x08006c24      0x1cc ./Middlewares/Third_Party/FreeRTOS/Source/timers.o
 .text.prvSwitchTimerLists
                0x08006df0       0xcc ./Middlewares/Third_Party/FreeRTOS/Source/timers.o
 .text.prvCheckForValidListAndQueue
                0x08006ebc       0x80 ./Middlewares/Third_Party/FreeRTOS/Source/timers.o
 .text.pxPortInitialiseStack
                0x08006f3c       0x68 ./Middlewares/Third_Party/FreeRTOS/Source/portable/GCC/ARM_CM4F/port.o
                0x08006f3c                pxPortInitialiseStack
 .text.prvTaskExitError
                0x08006fa4       0x5c ./Middlewares/Third_Party/FreeRTOS/Source/portable/GCC/ARM_CM4F/port.o
 .text.SVC_Handler
                0x08007000       0x28 ./Middlewares/Third_Party/FreeRTOS/Source/portable/GCC/ARM_CM4F/port.o
                0x08007000                SVC_Handler
 .text.prvPortStartFirstTask
                0x08007028       0x28 ./Middlewares/Third_Party/FreeRTOS/Source/portable/GCC/ARM_CM4F/port.o
 .text.xPortStartScheduler
                0x08007050      0x148 ./Middlewares/Third_Party/FreeRTOS/Source/portable/GCC/ARM_CM4F/port.o
                0x08007050                xPortStartScheduler
 .text.vPortEnterCritical
                0x08007198       0x64 ./Middlewares/Third_Party/FreeRTOS/Source/portable/GCC/ARM_CM4F/port.o
                0x08007198                vPortEnterCritical
 .text.vPortExitCritical
                0x080071fc       0x54 ./Middlewares/Third_Party/FreeRTOS/Source/portable/GCC/ARM_CM4F/port.o
                0x080071fc                vPortExitCritical
 .text.PendSV_Handler
                0x08007250       0x68 ./Middlewares/Third_Party/FreeRTOS/Source/portable/GCC/ARM_CM4F/port.o
                0x08007250                PendSV_Handler
 .text.xPortSysTickHandler
                0x080072b8       0x44 ./Middlewares/Third_Party/FreeRTOS/Source/portable/GCC/ARM_CM4F/port.o
                0x080072b8                xPortSysTickHandler
 .text.vPortSuppressTicksAndSleep
                0x080072fc      0x198 ./Middlewares/Third_Party/FreeRTOS/Source/portable/GCC/ARM_CM4F/port.o
                0x080072fc                vPortSuppressTicksAndSleep
 .text.vPortSetupTimerInterrupt
                0x08007494       0x78 ./Middlewares/Third_Party/FreeRTOS/Source/portable/GCC/ARM_CM4F/port.o
                0x08007494                vPortSetupTimerInterrupt
 .text.vPortEnableVFP
                0x0800750c       0x14 ./Middlewares/Third_Party/FreeRTOS/Source/portable/GCC/ARM_CM4F/port.o
 .text.vPortValidateInterruptPriority
                0x08007520       0x84 ./Middlewares/Third_Party/FreeRTOS/Source/portable/GCC/ARM_CM4F/port.o
                0x08007520                vPortValidateInterruptPriority
 .text.pvPortMalloc
                0x080075a4      0x19c ./Middlewares/Third_Party/FreeRTOS/Source/portable/MemMang/heap_4.o
                0x080075a4                pvPortMalloc
 .text.vPortFree
                0x08007740       0xc8 ./Middlewares/Third_Party/FreeRTOS/Source/portable/MemMang/heap_4.o
                0x08007740                vPortFree
 .text.prvHeapInit
                0x08007808       0xc4 ./Middlewares/Third_Party/FreeRTOS/Source/portable/MemMang/heap_4.o
 .text.prvInsertBlockIntoFreeList
                0x080078cc       0xb4 ./Middlewares/Third_Party/FreeRTOS/Source/portable/MemMang/heap_4.o
 .text.memset   0x08007980       0x10 /opt/st/stm32cubeide_1.17.0/plugins/com.st.stm32cube.ide.mcu.externaltools.gnu-tools-for-stm32.12.3.rel1.linux64_1.1.0.202410170702/tools/bin/../lib/gcc/arm-none-eabi/12.3.1/../../../../arm-none-eabi/lib/thumb/v7e-m+fp/hard/libc_nano.a(libc_a-memset.o)
                0x08007980                memset
 .text._reclaim_reent
                0x08007990       0xac /opt/st/stm32cubeide_1.17.0/plugins/com.st.stm32cube.ide.mcu.externaltools.gnu-tools-for-stm32.12.3.rel1.linux64_1.1.0.202410170702/tools/bin/../lib/gcc/arm-none-eabi/12.3.1/../../../../arm-none-eabi/lib/thumb/v7e-m+fp/hard/libc_nano.a(libc_a-reent.o)
                0x08007990                _reclaim_reent
 .text.__libc_init_array
                0x08007a3c       0x48 /opt/st/stm32cubeide_1.17.0/plugins/com.st.stm32cube.ide.mcu.externaltools.gnu-tools-for-stm32.12.3.rel1.linux64_1.1.0.202410170702/tools/bin/../lib/gcc/arm-none-eabi/12.3.1/../../../../arm-none-eabi/lib/thumb/v7e-m+fp/hard/libc_nano.a(libc_a-init.o)
                0x08007a3c                __libc_init_array
 .text.__retarget_lock_acquire_recursive
                0x08007a84        0x2 /opt/st/stm32cubeide_1.17.0/plugins/com.st.stm32cube.ide.mcu.externaltools.gnu-tools-for-stm32.12.3.rel1.linux64_1.1.0.202410170702/tools/bin/../lib/gcc/arm-none-eabi/12.3.1/../../../../arm-none-eabi/lib/thumb/v7e-m+fp/hard/libc_nano.a(libc_a-lock.o)
                0x08007a84                __retarget_lock_acquire_recursive
 .text.__retarget_lock_release_recursive
                0x08007a86        0x2 /opt/st/stm32cubeide_1.17.0/plugins/com.st.stm32cube.ide.mcu.externaltools.gnu-tools-for-stm32.12.3.rel1.linux64_1.1.0.202410170702/tools/bin/../lib/gcc/arm-none-eabi/12.3.1/../../../../arm-none-eabi/lib/thumb/v7e-m+fp/hard/libc_nano.a(libc_a-lock.o)
                0x08007a86                __retarget_lock_release_recursive
 .text.memcpy   0x08007a88       0x1c /opt/st/stm32cubeide_1.17.0/plugins/com.st.stm32cube.ide.mcu.externaltools.gnu-tools-for-stm32.12.3.rel1.linux64_1.1.0.202410170702/tools/bin/../lib/gcc/arm-none-eabi/12.3.1/../../../../arm-none-eabi/lib/thumb/v7e-m+fp/hard/libc_nano.a(libc_a-memcpy-stub.o)
                0x08007a88                memcpy
 .text._free_r  0x08007aa4       0x94 /opt/st/stm32cubeide_1.17.0/plugins/com.st.stm32cube.ide.mcu.externaltools.gnu-tools-for-stm32.12.3.rel1.linux64_1.1.0.202410170702/tools/bin/../lib/gcc/arm-none-eabi/12.3.1/../../../../arm-none-eabi/lib/thumb/v7e-m+fp/hard/libc_nano.a(libc_a-freer.o)
                0x08007aa4                _free_r
 .text.__malloc_lock
                0x08007b38        0xc /opt/st/stm32cubeide_1.17.0/plugins/com.st.stm32cube.ide.mcu.externaltools.gnu-tools-for-stm32.12.3.rel1.linux64_1.1.0.202410170702/tools/bin/../lib/gcc/arm-none-eabi/12.3.1/../../../../arm-none-eabi/lib/thumb/v7e-m+fp/hard/libc_nano.a(libc_a-mlock.o)
                0x08007b38                __malloc_lock
 .text.__malloc_unlock
                0x08007b44        0xc /opt/st/stm32cubeide_1.17.0/plugins/com.st.stm32cube.ide.mcu.externaltools.gnu-tools-for-stm32.12.3.rel1.linux64_1.1.0.202410170702/tools/bin/../lib/gcc/arm-none-eabi/12.3.1/../../../../arm-none-eabi/lib/thumb/v7e-m+fp/hard/libc_nano.a(libc_a-mlock.o)
                0x08007b44                __malloc_unlock
 *(.glue_7)
 .glue_7        0x08007b50        0x0 linker stubs
 *(.glue_7t)
 .glue_7t       0x08007b50        0x0 linker stubs
 *(.eh_frame)
 .eh_frame      0x08007b50        0x0 /opt/st/stm32cubeide_1.17.0/plugins/com.st.stm32cube.ide.mcu.externaltools.gnu-tools-for-stm32.12.3.rel1.linux64_1.1.0.202410170702/tools/bin/../lib/gcc/arm-none-eabi/12.3.1/thumb/v7e-m+fp/hard/crtbegin.o
 *(.init)
 .init          0x08007b50        0x4 /opt/st/stm32cubeide_1.17.0/plugins/com.st.stm32cube.ide.mcu.externaltools.gnu-tools-for-stm32.12.3.rel1.linux64_1.1.0.202410170702/tools/bin/../lib/gcc/arm-none-eabi/12.3.1/thumb/v7e-m+fp/hard/crti.o
                0x08007b50                _init
 .init          0x08007b54        0x8 /opt/st/stm32cubeide_1.17.0/plugins/com.st.stm32cube.ide.mcu.externaltools.gnu-tools-for-stm32.12.3.rel1.linux64_1.1.0.202410170702/tools/bin/../lib/gcc/arm-none-eabi/12.3.1/thumb/v7e-m+fp/hard/crtn.o
 *(.fini)
 .fini          0x08007b5c        0x4 /opt/st/stm32cubeide_1.17.0/plugins/com.st.stm32cube.ide.mcu.externaltools.gnu-tools-for-stm32.12.3.rel1.linux64_1.1.0.202410170702/tools/bin/../lib/gcc/arm-none-eabi/12.3.1/thumb/v7e-m+fp/hard/crti.o
                0x08007b5c                _fini
 .fini          0x08007b60        0x8 /opt/st/stm32cubeide_1.17.0/plugins/com.st.stm32cube.ide.mcu.externaltools.gnu-tools-for-stm32.12.3.rel1.linux64_1.1.0.202410170702/tools/bin/../lib/gcc/arm-none-eabi/12.3.1/thumb/v7e-m+fp/hard/crtn.o
                0x08007b68                        . = ALIGN (0x4)
                0x08007b68                        _etext = .

.vfp11_veneer   0x08007b68        0x0
 .vfp11_veneer  0x08007b68        0x0 linker stubs

.v4_bx          0x08007b68        0x0
 .v4_bx         0x08007b68        0x0 linker stubs

.iplt           0x08007b68        0x0
 .iplt          0x08007b68        0x0 /opt/st/stm32cubeide_1.17.0/plugins/com.st.stm32cube.ide.mcu.externaltools.gnu-tools-for-stm32.12.3.rel1.linux64_1.1.0.202410170702/tools/bin/../lib/gcc/arm-none-eabi/12.3.1/thumb/v7e-m+fp/hard/crtbegin.o

.rodata         0x08007b68      0x1f4
                0x08007b68                        . = ALIGN (0x4)
 *(.rodata)
 .rodata        0x08007b68       0x7f ./Core/Src/freertos.o
 *fill*         0x08007be7        0x1 
 .rodata        0x08007be8       0x30 ./Middlewares/Third_Party/FreeRTOS/Source/tasks.o
 .rodata        0x08007c18        0xd ./Middlewares/Third_Party/FreeRTOS/Source/timers.o
 *(.rodata*)
 *fill*         0x08007c25        0x3 
 .rodata.defaultTask_attributes
                0x08007c28       0x24 ./Core/Src/freertos.o
                0x08007c28                defaultTask_attributes
 .rodata.control_task_attributes
                0x08007c4c       0x24 ./Core/Src/freertos.o
                0x08007c4c                control_task_attributes
 .rodata.imu_read_task_attributes
                0x08007c70       0x24 ./Core/Src/freertos.o
                0x08007c70                imu_read_task_attributes
 .rodata.adc_read_task_attributes
                0x08007c94       0x24 ./Core/Src/freertos.o
                0x08007c94                adc_read_task_attributes
 .rodata.telemetry_task_attributes
                0x08007cb8       0x24 ./Core/Src/freertos.o
                0x08007cb8                telemetry_task_attributes
 .rodata.radioQueue_attributes
                0x08007cdc       0x18 ./Core/Src/freertos.o
                0x08007cdc                radioQueue_attributes
 .rodata.adcQueue_attributes
                0x08007cf4       0x18 ./Core/Src/freertos.o
                0x08007cf4                adcQueue_attributes
 .rodata.imuQueue_attributes
                0x08007d0c       0x18 ./Core/Src/freertos.o
                0x08007d0c                imuQueue_attributes
 .rodata.telemetryQueue_attributes
                0x08007d24       0x18 ./Core/Src/freertos.o
                0x08007d24                telemetryQueue_attributes
 .rodata.AHBPrescTable
                0x08007d3c       0x10 ./Core/Src/system_stm32f4xx.o
                0x08007d3c                AHBPrescTable
 .rodata.APBPrescTable
                0x08007d4c        0x8 ./Core/Src/system_stm32f4xx.o
                0x08007d4c                APBPrescTable
 .rodata.flagBitshiftOffset.0
                0x08007d54        0x8 ./Drivers/STM32F4xx_HAL_Driver/Src/stm32f4xx_hal_dma.o
                0x08007d5c                        . = ALIGN (0x4)

.ARM.extab      0x08007d5c        0x0
                0x08007d5c                        . = ALIGN (0x4)
 *(.ARM.extab* .gnu.linkonce.armextab.*)
                0x08007d5c                        . = ALIGN (0x4)

.ARM            0x08007d5c        0x8
                0x08007d5c                        . = ALIGN (0x4)
                0x08007d5c                        __exidx_start = .
 *(.ARM.exidx*)
 .ARM.exidx     0x08007d5c        0x8 /opt/st/stm32cubeide_1.17.0/plugins/com.st.stm32cube.ide.mcu.externaltools.gnu-tools-for-stm32.12.3.rel1.linux64_1.1.0.202410170702/tools/bin/../lib/gcc/arm-none-eabi/12.3.1/thumb/v7e-m+fp/hard/libgcc.a(_udivmoddi4.o)
                0x08007d64                        __exidx_end = .
                0x08007d64                        . = ALIGN (0x4)

.preinit_array  0x08007d64        0x0
                0x08007d64                        . = ALIGN (0x4)
                0x08007d64                        PROVIDE (__preinit_array_start = .)
 *(.preinit_array*)
                0x08007d64                        PROVIDE (__preinit_array_end = .)
                0x08007d64                        . = ALIGN (0x4)

.init_array     0x08007d64        0x4
                0x08007d64                        . = ALIGN (0x4)
                0x08007d64                        PROVIDE (__init_array_start = .)
 *(SORT_BY_NAME(.init_array.*))
 *(.init_array*)
 .init_array    0x08007d64        0x4 /opt/st/stm32cubeide_1.17.0/plugins/com.st.stm32cube.ide.mcu.externaltools.gnu-tools-for-stm32.12.3.rel1.linux64_1.1.0.202410170702/tools/bin/../lib/gcc/arm-none-eabi/12.3.1/thumb/v7e-m+fp/hard/crtbegin.o
                0x08007d68                        PROVIDE (__init_array_end = .)
                0x08007d68                        . = ALIGN (0x4)

.fini_array     0x08007d68        0x4
                0x08007d68                        . = ALIGN (0x4)
                [!provide]                        PROVIDE (__fini_array_start = .)
 *(SORT_BY_NAME(.fini_array.*))
 *(.fini_array*)
 .fini_array    0x08007d68        0x4 /opt/st/stm32cubeide_1.17.0/plugins/com.st.stm32cube.ide.mcu.externaltools.gnu-tools-for-stm32.12.3.rel1.linux64_1.1.0.202410170702/tools/bin/../lib/gcc/arm-none-eabi/12.3.1/thumb/v7e-m+fp/hard/crtbegin.o
                [!provide]                        PROVIDE (__fini_array_end = .)
                0x08007d6c                        . = ALIGN (0x4)
                0x08007d6c                        _sidata = LOADADDR (.data)

.rel.dyn        0x08007d6c        0x0
 .rel.iplt      0x08007d6c        0x0 /opt/st/stm32cubeide_1.17.0/plugins/com.st.stm32cube.ide.mcu.externaltools.gnu-tools-for-stm32.12.3.rel1.linux64_1.1.0.202410170702/tools/bin/../lib/gcc/arm-none-eabi/12.3.1/thumb/v7e-m+fp/hard/crtbegin.o

.data           0x20000000       0x60 load address 0x08007d6c
                0x20000000                        . = ALIGN (0x4)
                0x20000000                        _sdata = .
 *(.data)
 *(.data*)
 .data.SystemCoreClock
                0x20000000        0x4 ./Core/Src/system_stm32f4xx.o
                0x20000000                SystemCoreClock
 .data.uwTickPrio
                0x20000004        0x4 ./Drivers/STM32F4xx_HAL_Driver/Src/stm32f4xx_hal.o
                0x20000004                uwTickPrio
 .data.uwTickFreq
                0x20000008        0x1 ./Drivers/STM32F4xx_HAL_Driver/Src/stm32f4xx_hal.o
                0x20000008                uwTickFreq
 *fill*         0x20000009        0x3 
 .data.uxCriticalNesting
                0x2000000c        0x4 ./Middlewares/Third_Party/FreeRTOS/Source/portable/GCC/ARM_CM4F/port.o
 .data._impure_ptr
                0x20000010        0x4 /opt/st/stm32cubeide_1.17.0/plugins/com.st.stm32cube.ide.mcu.externaltools.gnu-tools-for-stm32.12.3.rel1.linux64_1.1.0.202410170702/tools/bin/../lib/gcc/arm-none-eabi/12.3.1/../../../../arm-none-eabi/lib/thumb/v7e-m+fp/hard/libc_nano.a(libc_a-impure.o)
                0x20000010                _impure_ptr
 .data._impure_data
                0x20000014       0x4c /opt/st/stm32cubeide_1.17.0/plugins/com.st.stm32cube.ide.mcu.externaltools.gnu-tools-for-stm32.12.3.rel1.linux64_1.1.0.202410170702/tools/bin/../lib/gcc/arm-none-eabi/12.3.1/../../../../arm-none-eabi/lib/thumb/v7e-m+fp/hard/libc_nano.a(libc_a-impure.o)
                0x20000014                _impure_data
 *(.RamFunc)
 *(.RamFunc*)
                0x20000060                        . = ALIGN (0x4)
                0x20000060                        _edata = .

.igot.plt       0x20000060        0x0 load address 0x08007dcc
 .igot.plt      0x20000060        0x0 /opt/st/stm32cubeide_1.17.0/plugins/com.st.stm32cube.ide.mcu.externaltools.gnu-tools-for-stm32.12.3.rel1.linux64_1.1.0.202410170702/tools/bin/../lib/gcc/arm-none-eabi/12.3.1/thumb/v7e-m+fp/hard/crtbegin.o
                0x20000060                        . = ALIGN (0x4)

.bss            0x20000060     0x4e4c load address 0x08007dcc
                0x20000060                        _sbss = .
                0x20000060                        __bss_start__ = _sbss
 *(.bss)
 .bss           0x20000060       0x1c /opt/st/stm32cubeide_1.17.0/plugins/com.st.stm32cube.ide.mcu.externaltools.gnu-tools-for-stm32.12.3.rel1.linux64_1.1.0.202410170702/tools/bin/../lib/gcc/arm-none-eabi/12.3.1/thumb/v7e-m+fp/hard/crtbegin.o
 *(.bss*)
 .bss.hadc1     0x2000007c       0x48 ./Core/Src/adc.o
                0x2000007c                hadc1
 .bss.hdma_adc1
                0x200000c4       0x60 ./Core/Src/adc.o
                0x200000c4                hdma_adc1
 .bss.idle_dummy
                0x20000124        0x4 ./Core/Src/freertos.o
                0x20000124                idle_dummy
 .bss.control_dummy
                0x20000128        0x4 ./Core/Src/freertos.o
                0x20000128                control_dummy
 .bss.telemetry_dummy
                0x2000012c        0x4 ./Core/Src/freertos.o
                0x2000012c                telemetry_dummy
 .bss.imu_dummy
                0x20000130        0x4 ./Core/Src/freertos.o
                0x20000130                imu_dummy
 .bss.adc_dummy
                0x20000134        0x4 ./Core/Src/freertos.o
                0x20000134                adc_dummy
 .bss.defaultTaskHandle
                0x20000138        0x4 ./Core/Src/freertos.o
                0x20000138                defaultTaskHandle
 .bss.control_taskHandle
                0x2000013c        0x4 ./Core/Src/freertos.o
                0x2000013c                control_taskHandle
 .bss.imu_read_taskHandle
                0x20000140        0x4 ./Core/Src/freertos.o
                0x20000140                imu_read_taskHandle
 .bss.adc_read_taskHandle
                0x20000144        0x4 ./Core/Src/freertos.o
                0x20000144                adc_read_taskHandle
 .bss.telemetry_taskHandle
                0x20000148        0x4 ./Core/Src/freertos.o
                0x20000148                telemetry_taskHandle
 .bss.radioQueueHandle
                0x2000014c        0x4 ./Core/Src/freertos.o
                0x2000014c                radioQueueHandle
 .bss.adcQueueHandle
                0x20000150        0x4 ./Core/Src/freertos.o
                0x20000150                adcQueueHandle
 .bss.imuQueueHandle
                0x20000154        0x4 ./Core/Src/freertos.o
                0x20000154                imuQueueHandle
 .bss.telemetryQueueHandle
                0x20000158        0x4 ./Core/Src/freertos.o
                0x20000158                telemetryQueueHandle
 .bss.hi2c3     0x2000015c       0x54 ./Core/Src/i2c.o
                0x2000015c                hi2c3
 .bss.htim10    0x200001b0       0x48 ./Core/Src/stm32f4xx_hal_timebase_tim.o
                0x200001b0                htim10
 .bss.ulHighFrequencyTimerTicks
                0x200001f8        0x4 ./Core/Src/stm32f4xx_it.o
                0x200001f8                ulHighFrequencyTimerTicks
 .bss.htim3     0x200001fc       0x48 ./Core/Src/tim.o
                0x200001fc                htim3
 .bss.htim4     0x20000244       0x48 ./Core/Src/tim.o
                0x20000244                htim4
 .bss.htim11    0x2000028c       0x48 ./Core/Src/tim.o
                0x2000028c                htim11
 .bss.huart1    0x200002d4       0x48 ./Core/Src/usart.o
                0x200002d4                huart1
 .bss.uwTick    0x2000031c        0x4 ./Drivers/STM32F4xx_HAL_Driver/Src/stm32f4xx_hal.o
                0x2000031c                uwTick
 .bss.KernelState
                0x20000320        0x4 ./Middlewares/Third_Party/FreeRTOS/Source/CMSIS_RTOS_V2/cmsis_os2.o
 .bss.Idle_TCB.3
                0x20000324       0xb0 ./Middlewares/Third_Party/FreeRTOS/Source/CMSIS_RTOS_V2/cmsis_os2.o
 .bss.Idle_Stack.2
                0x200003d4      0x200 ./Middlewares/Third_Party/FreeRTOS/Source/CMSIS_RTOS_V2/cmsis_os2.o
 .bss.Timer_TCB.1
                0x200005d4       0xb0 ./Middlewares/Third_Party/FreeRTOS/Source/CMSIS_RTOS_V2/cmsis_os2.o
 .bss.Timer_Stack.0
                0x20000684      0x400 ./Middlewares/Third_Party/FreeRTOS/Source/CMSIS_RTOS_V2/cmsis_os2.o
 .bss.xQueueRegistry
                0x20000a84       0x80 ./Middlewares/Third_Party/FreeRTOS/Source/queue.o
                0x20000a84                xQueueRegistry
 .bss.pxCurrentTCB
                0x20000b04        0x4 ./Middlewares/Third_Party/FreeRTOS/Source/tasks.o
                0x20000b04                pxCurrentTCB
 .bss.pxReadyTasksLists
                0x20000b08      0x460 ./Middlewares/Third_Party/FreeRTOS/Source/tasks.o
 .bss.xDelayedTaskList1
                0x20000f68       0x14 ./Middlewares/Third_Party/FreeRTOS/Source/tasks.o
 .bss.xDelayedTaskList2
                0x20000f7c       0x14 ./Middlewares/Third_Party/FreeRTOS/Source/tasks.o
 .bss.pxDelayedTaskList
                0x20000f90        0x4 ./Middlewares/Third_Party/FreeRTOS/Source/tasks.o
 .bss.pxOverflowDelayedTaskList
                0x20000f94        0x4 ./Middlewares/Third_Party/FreeRTOS/Source/tasks.o
 .bss.xPendingReadyList
                0x20000f98       0x14 ./Middlewares/Third_Party/FreeRTOS/Source/tasks.o
 .bss.xTasksWaitingTermination
                0x20000fac       0x14 ./Middlewares/Third_Party/FreeRTOS/Source/tasks.o
 .bss.uxDeletedTasksWaitingCleanUp
                0x20000fc0        0x4 ./Middlewares/Third_Party/FreeRTOS/Source/tasks.o
 .bss.xSuspendedTaskList
                0x20000fc4       0x14 ./Middlewares/Third_Party/FreeRTOS/Source/tasks.o
 .bss.uxCurrentNumberOfTasks
                0x20000fd8        0x4 ./Middlewares/Third_Party/FreeRTOS/Source/tasks.o
 .bss.xTickCount
                0x20000fdc        0x4 ./Middlewares/Third_Party/FreeRTOS/Source/tasks.o
 .bss.uxTopReadyPriority
                0x20000fe0        0x4 ./Middlewares/Third_Party/FreeRTOS/Source/tasks.o
 .bss.xSchedulerRunning
                0x20000fe4        0x4 ./Middlewares/Third_Party/FreeRTOS/Source/tasks.o
 .bss.xPendedTicks
                0x20000fe8        0x4 ./Middlewares/Third_Party/FreeRTOS/Source/tasks.o
 .bss.xYieldPending
                0x20000fec        0x4 ./Middlewares/Third_Party/FreeRTOS/Source/tasks.o
 .bss.xNumOfOverflows
                0x20000ff0        0x4 ./Middlewares/Third_Party/FreeRTOS/Source/tasks.o
 .bss.uxTaskNumber
                0x20000ff4        0x4 ./Middlewares/Third_Party/FreeRTOS/Source/tasks.o
 .bss.xNextTaskUnblockTime
                0x20000ff8        0x4 ./Middlewares/Third_Party/FreeRTOS/Source/tasks.o
 .bss.xIdleTaskHandle
                0x20000ffc        0x4 ./Middlewares/Third_Party/FreeRTOS/Source/tasks.o
 .bss.uxSchedulerSuspended
                0x20001000        0x4 ./Middlewares/Third_Party/FreeRTOS/Source/tasks.o
 .bss.ulTaskSwitchedInTime
                0x20001004        0x4 ./Middlewares/Third_Party/FreeRTOS/Source/tasks.o
 .bss.ulTotalRunTime
                0x20001008        0x4 ./Middlewares/Third_Party/FreeRTOS/Source/tasks.o
 .bss.xActiveTimerList1
                0x2000100c       0x14 ./Middlewares/Third_Party/FreeRTOS/Source/timers.o
 .bss.xActiveTimerList2
                0x20001020       0x14 ./Middlewares/Third_Party/FreeRTOS/Source/timers.o
 .bss.pxCurrentTimerList
                0x20001034        0x4 ./Middlewares/Third_Party/FreeRTOS/Source/timers.o
 .bss.pxOverflowTimerList
                0x20001038        0x4 ./Middlewares/Third_Party/FreeRTOS/Source/timers.o
 .bss.xTimerQueue
                0x2000103c        0x4 ./Middlewares/Third_Party/FreeRTOS/Source/timers.o
 .bss.xTimerTaskHandle
                0x20001040        0x4 ./Middlewares/Third_Party/FreeRTOS/Source/timers.o
 .bss.xLastTime.2
                0x20001044        0x4 ./Middlewares/Third_Party/FreeRTOS/Source/timers.o
 .bss.ucStaticTimerQueueStorage.1
                0x20001048       0xa0 ./Middlewares/Third_Party/FreeRTOS/Source/timers.o
 .bss.xStaticTimerQueue.0
                0x200010e8       0x50 ./Middlewares/Third_Party/FreeRTOS/Source/timers.o
 .bss.ulTimerCountsForOneTick
                0x20001138        0x4 ./Middlewares/Third_Party/FreeRTOS/Source/portable/GCC/ARM_CM4F/port.o
 .bss.xMaximumPossibleSuppressedTicks
                0x2000113c        0x4 ./Middlewares/Third_Party/FreeRTOS/Source/portable/GCC/ARM_CM4F/port.o
 .bss.ulStoppedTimerCompensation
                0x20001140        0x4 ./Middlewares/Third_Party/FreeRTOS/Source/portable/GCC/ARM_CM4F/port.o
 .bss.ucMaxSysCallPriority
                0x20001144        0x1 ./Middlewares/Third_Party/FreeRTOS/Source/portable/GCC/ARM_CM4F/port.o
 *fill*         0x20001145        0x3 
 .bss.ulMaxPRIGROUPValue
                0x20001148        0x4 ./Middlewares/Third_Party/FreeRTOS/Source/portable/GCC/ARM_CM4F/port.o
 .bss.ucHeap    0x2000114c     0x3c00 ./Middlewares/Third_Party/FreeRTOS/Source/portable/MemMang/heap_4.o
 .bss.xStart    0x20004d4c        0x8 ./Middlewares/Third_Party/FreeRTOS/Source/portable/MemMang/heap_4.o
 .bss.pxEnd     0x20004d54        0x4 ./Middlewares/Third_Party/FreeRTOS/Source/portable/MemMang/heap_4.o
 .bss.xFreeBytesRemaining
                0x20004d58        0x4 ./Middlewares/Third_Party/FreeRTOS/Source/portable/MemMang/heap_4.o
 .bss.xMinimumEverFreeBytesRemaining
                0x20004d5c        0x4 ./Middlewares/Third_Party/FreeRTOS/Source/portable/MemMang/heap_4.o
 .bss.xNumberOfSuccessfulAllocations
                0x20004d60        0x4 ./Middlewares/Third_Party/FreeRTOS/Source/portable/MemMang/heap_4.o
 .bss.xNumberOfSuccessfulFrees
                0x20004d64        0x4 ./Middlewares/Third_Party/FreeRTOS/Source/portable/MemMang/heap_4.o
 .bss.xBlockAllocatedBit
                0x20004d68        0x4 ./Middlewares/Third_Party/FreeRTOS/Source/portable/MemMang/heap_4.o
 .bss.__sf      0x20004d6c      0x138 /opt/st/stm32cubeide_1.17.0/plugins/com.st.stm32cube.ide.mcu.externaltools.gnu-tools-for-stm32.12.3.rel1.linux64_1.1.0.202410170702/tools/bin/../lib/gcc/arm-none-eabi/12.3.1/../../../../arm-none-eabi/lib/thumb/v7e-m+fp/hard/libc_nano.a(libc_a-findfp.o)
                0x20004d6c                __sf
 .bss.__lock___malloc_recursive_mutex
                0x20004ea4        0x1 /opt/st/stm32cubeide_1.17.0/plugins/com.st.stm32cube.ide.mcu.externaltools.gnu-tools-for-stm32.12.3.rel1.linux64_1.1.0.202410170702/tools/bin/../lib/gcc/arm-none-eabi/12.3.1/../../../../arm-none-eabi/lib/thumb/v7e-m+fp/hard/libc_nano.a(libc_a-lock.o)
                0x20004ea4                __lock___malloc_recursive_mutex
 *fill*         0x20004ea5        0x3 
 .bss.__malloc_free_list
                0x20004ea8        0x4 /opt/st/stm32cubeide_1.17.0/plugins/com.st.stm32cube.ide.mcu.externaltools.gnu-tools-for-stm32.12.3.rel1.linux64_1.1.0.202410170702/tools/bin/../lib/gcc/arm-none-eabi/12.3.1/../../../../arm-none-eabi/lib/thumb/v7e-m+fp/hard/libc_nano.a(libc_a-mallocr.o)
                0x20004ea8                __malloc_free_list
 *(COMMON)
                0x20004eac                        . = ALIGN (0x4)
                0x20004eac                        _ebss = .
                0x20004eac                        __bss_end__ = _ebss

._user_heap_stack
                0x20004eac      0x604 load address 0x08007dcc
                0x20004eb0                        . = ALIGN (0x8)
 *fill*         0x20004eac        0x4 
                [!provide]                        PROVIDE (end = .)
                0x20004eb0                        PROVIDE (_end = .)
                0x200050b0                        . = (. + _Min_Heap_Size)
 *fill*         0x20004eb0      0x200 
                0x200054b0                        . = (. + _Min_Stack_Size)
 *fill*         0x200050b0      0x400 
                0x200054b0                        . = ALIGN (0x8)

/DISCARD/
 libc.a(*)
 libm.a(*)
 libgcc.a(*)

.ARM.attributes
                0x00000000       0x30
 *(.ARM.attributes)
 .ARM.attributes
                0x00000000       0x22 /opt/st/stm32cubeide_1.17.0/plugins/com.st.stm32cube.ide.mcu.externaltools.gnu-tools-for-stm32.12.3.rel1.linux64_1.1.0.202410170702/tools/bin/../lib/gcc/arm-none-eabi/12.3.1/thumb/v7e-m+fp/hard/crti.o
 .ARM.attributes
                0x00000022       0x34 /opt/st/stm32cubeide_1.17.0/plugins/com.st.stm32cube.ide.mcu.externaltools.gnu-tools-for-stm32.12.3.rel1.linux64_1.1.0.202410170702/tools/bin/../lib/gcc/arm-none-eabi/12.3.1/thumb/v7e-m+fp/hard/crtbegin.o
 .ARM.attributes
                0x00000056       0x34 ./Core/Src/ANALOG.o
 .ARM.attributes
                0x0000008a       0x34 ./Core/Src/CONTROL.o
 .ARM.attributes
                0x000000be       0x34 ./Core/Src/IMU.o
 .ARM.attributes
                0x000000f2       0x34 ./Core/Src/TELEMETRY.o
 .ARM.attributes
                0x00000126       0x34 ./Core/Src/adc.o
 .ARM.attributes
                0x0000015a       0x34 ./Core/Src/dma.o
 .ARM.attributes
                0x0000018e       0x34 ./Core/Src/freertos.o
 .ARM.attributes
                0x000001c2       0x34 ./Core/Src/gpio.o
 .ARM.attributes
                0x000001f6       0x34 ./Core/Src/i2c.o
 .ARM.attributes
                0x0000022a       0x34 ./Core/Src/main.o
 .ARM.attributes
                0x0000025e       0x34 ./Core/Src/stm32f4xx_hal_msp.o
 .ARM.attributes
                0x00000292       0x34 ./Core/Src/stm32f4xx_hal_timebase_tim.o
 .ARM.attributes
                0x000002c6       0x34 ./Core/Src/stm32f4xx_it.o
 .ARM.attributes
                0x000002fa       0x34 ./Core/Src/system_stm32f4xx.o
 .ARM.attributes
                0x0000032e       0x34 ./Core/Src/tim.o
 .ARM.attributes
                0x00000362       0x34 ./Core/Src/usart.o
 .ARM.attributes
                0x00000396       0x21 ./Core/Startup/startup_stm32f401cbux.o
 .ARM.attributes
                0x000003b7       0x34 ./Drivers/STM32F4xx_HAL_Driver/Src/stm32f4xx_hal.o
 .ARM.attributes
                0x000003eb       0x34 ./Drivers/STM32F4xx_HAL_Driver/Src/stm32f4xx_hal_adc.o
 .ARM.attributes
                0x0000041f       0x34 ./Drivers/STM32F4xx_HAL_Driver/Src/stm32f4xx_hal_cortex.o
 .ARM.attributes
                0x00000453       0x34 ./Drivers/STM32F4xx_HAL_Driver/Src/stm32f4xx_hal_dma.o
 .ARM.attributes
                0x00000487       0x34 ./Drivers/STM32F4xx_HAL_Driver/Src/stm32f4xx_hal_gpio.o
 .ARM.attributes
                0x000004bb       0x34 ./Drivers/STM32F4xx_HAL_Driver/Src/stm32f4xx_hal_i2c.o
 .ARM.attributes
                0x000004ef       0x34 ./Drivers/STM32F4xx_HAL_Driver/Src/stm32f4xx_hal_rcc.o
 .ARM.attributes
                0x00000523       0x34 ./Drivers/STM32F4xx_HAL_Driver/Src/stm32f4xx_hal_tim.o
 .ARM.attributes
                0x00000557       0x34 ./Drivers/STM32F4xx_HAL_Driver/Src/stm32f4xx_hal_tim_ex.o
 .ARM.attributes
                0x0000058b       0x34 ./Drivers/STM32F4xx_HAL_Driver/Src/stm32f4xx_hal_uart.o
 .ARM.attributes
                0x000005bf       0x34 ./Middlewares/Third_Party/FreeRTOS/Source/CMSIS_RTOS_V2/cmsis_os2.o
 .ARM.attributes
                0x000005f3       0x34 ./Middlewares/Third_Party/FreeRTOS/Source/list.o
 .ARM.attributes
                0x00000627       0x34 ./Middlewares/Third_Party/FreeRTOS/Source/queue.o
 .ARM.attributes
                0x0000065b       0x34 ./Middlewares/Third_Party/FreeRTOS/Source/tasks.o
 .ARM.attributes
                0x0000068f       0x34 ./Middlewares/Third_Party/FreeRTOS/Source/timers.o
 .ARM.attributes
                0x000006c3       0x34 ./Middlewares/Third_Party/FreeRTOS/Source/portable/GCC/ARM_CM4F/port.o
 .ARM.attributes
                0x000006f7       0x34 ./Middlewares/Third_Party/FreeRTOS/Source/portable/MemMang/heap_4.o
 .ARM.attributes
                0x0000072b       0x34 /opt/st/stm32cubeide_1.17.0/plugins/com.st.stm32cube.ide.mcu.externaltools.gnu-tools-for-stm32.12.3.rel1.linux64_1.1.0.202410170702/tools/bin/../lib/gcc/arm-none-eabi/12.3.1/../../../../arm-none-eabi/lib/thumb/v7e-m+fp/hard/libc_nano.a(libc_a-findfp.o)
 .ARM.attributes
                0x0000075f       0x34 /opt/st/stm32cubeide_1.17.0/plugins/com.st.stm32cube.ide.mcu.externaltools.gnu-tools-for-stm32.12.3.rel1.linux64_1.1.0.202410170702/tools/bin/../lib/gcc/arm-none-eabi/12.3.1/../../../../arm-none-eabi/lib/thumb/v7e-m+fp/hard/libc_nano.a(libc_a-memset.o)
 .ARM.attributes
                0x00000793       0x34 /opt/st/stm32cubeide_1.17.0/plugins/com.st.stm32cube.ide.mcu.externaltools.gnu-tools-for-stm32.12.3.rel1.linux64_1.1.0.202410170702/tools/bin/../lib/gcc/arm-none-eabi/12.3.1/../../../../arm-none-eabi/lib/thumb/v7e-m+fp/hard/libc_nano.a(libc_a-reent.o)
 .ARM.attributes
                0x000007c7       0x34 /opt/st/stm32cubeide_1.17.0/plugins/com.st.stm32cube.ide.mcu.externaltools.gnu-tools-for-stm32.12.3.rel1.linux64_1.1.0.202410170702/tools/bin/../lib/gcc/arm-none-eabi/12.3.1/../../../../arm-none-eabi/lib/thumb/v7e-m+fp/hard/libc_nano.a(libc_a-impure.o)
 .ARM.attributes
                0x000007fb       0x34 /opt/st/stm32cubeide_1.17.0/plugins/com.st.stm32cube.ide.mcu.externaltools.gnu-tools-for-stm32.12.3.rel1.linux64_1.1.0.202410170702/tools/bin/../lib/gcc/arm-none-eabi/12.3.1/../../../../arm-none-eabi/lib/thumb/v7e-m+fp/hard/libc_nano.a(libc_a-init.o)
 .ARM.attributes
                0x0000082f       0x34 /opt/st/stm32cubeide_1.17.0/plugins/com.st.stm32cube.ide.mcu.externaltools.gnu-tools-for-stm32.12.3.rel1.linux64_1.1.0.202410170702/tools/bin/../lib/gcc/arm-none-eabi/12.3.1/../../../../arm-none-eabi/lib/thumb/v7e-m+fp/hard/libc_nano.a(libc_a-lock.o)
 .ARM.attributes
                0x00000863       0x34 /opt/st/stm32cubeide_1.17.0/plugins/com.st.stm32cube.ide.mcu.externaltools.gnu-tools-for-stm32.12.3.rel1.linux64_1.1.0.202410170702/tools/bin/../lib/gcc/arm-none-eabi/12.3.1/../../../../arm-none-eabi/lib/thumb/v7e-m+fp/hard/libc_nano.a(libc_a-memcpy-stub.o)
 .ARM.attributes
                0x00000897       0x34 /opt/st/stm32cubeide_1.17.0/plugins/com.st.stm32cube.ide.mcu.externaltools.gnu-tools-for-stm32.12.3.rel1.linux64_1.1.0.202410170702/tools/bin/../lib/gcc/arm-none-eabi/12.3.1/../../../../arm-none-eabi/lib/thumb/v7e-m+fp/hard/libc_nano.a(libc_a-freer.o)
 .ARM.attributes
                0x000008cb       0x34 /opt/st/stm32cubeide_1.17.0/plugins/com.st.stm32cube.ide.mcu.externaltools.gnu-tools-for-stm32.12.3.rel1.linux64_1.1.0.202410170702/tools/bin/../lib/gcc/arm-none-eabi/12.3.1/../../../../arm-none-eabi/lib/thumb/v7e-m+fp/hard/libc_nano.a(libc_a-mallocr.o)
 .ARM.attributes
                0x000008ff       0x34 /opt/st/stm32cubeide_1.17.0/plugins/com.st.stm32cube.ide.mcu.externaltools.gnu-tools-for-stm32.12.3.rel1.linux64_1.1.0.202410170702/tools/bin/../lib/gcc/arm-none-eabi/12.3.1/../../../../arm-none-eabi/lib/thumb/v7e-m+fp/hard/libc_nano.a(libc_a-mlock.o)
 .ARM.attributes
                0x00000933       0x22 /opt/st/stm32cubeide_1.17.0/plugins/com.st.stm32cube.ide.mcu.externaltools.gnu-tools-for-stm32.12.3.rel1.linux64_1.1.0.202410170702/tools/bin/../lib/gcc/arm-none-eabi/12.3.1/thumb/v7e-m+fp/hard/libgcc.a(_aeabi_uldivmod.o)
 .ARM.attributes
                0x00000955       0x34 /opt/st/stm32cubeide_1.17.0/plugins/com.st.stm32cube.ide.mcu.externaltools.gnu-tools-for-stm32.12.3.rel1.linux64_1.1.0.202410170702/tools/bin/../lib/gcc/arm-none-eabi/12.3.1/thumb/v7e-m+fp/hard/libgcc.a(_udivmoddi4.o)
 .ARM.attributes
                0x00000989       0x22 /opt/st/stm32cubeide_1.17.0/plugins/com.st.stm32cube.ide.mcu.externaltools.gnu-tools-for-stm32.12.3.rel1.linux64_1.1.0.202410170702/tools/bin/../lib/gcc/arm-none-eabi/12.3.1/thumb/v7e-m+fp/hard/libgcc.a(_dvmd_tls.o)
 .ARM.attributes
                0x000009ab       0x22 /opt/st/stm32cubeide_1.17.0/plugins/com.st.stm32cube.ide.mcu.externaltools.gnu-tools-for-stm32.12.3.rel1.linux64_1.1.0.202410170702/tools/bin/../lib/gcc/arm-none-eabi/12.3.1/thumb/v7e-m+fp/hard/crtn.o
OUTPUT(RCSailingEEBE_STM32.elf elf32-littlearm)
LOAD linker stubs
LOAD /opt/st/stm32cubeide_1.17.0/plugins/com.st.stm32cube.ide.mcu.externaltools.gnu-tools-for-stm32.12.3.rel1.linux64_1.1.0.202410170702/tools/bin/../lib/gcc/arm-none-eabi/12.3.1/../../../../arm-none-eabi/lib/thumb/v7e-m+fp/hard/libc.a
LOAD /opt/st/stm32cubeide_1.17.0/plugins/com.st.stm32cube.ide.mcu.externaltools.gnu-tools-for-stm32.12.3.rel1.linux64_1.1.0.202410170702/tools/bin/../lib/gcc/arm-none-eabi/12.3.1/../../../../arm-none-eabi/lib/thumb/v7e-m+fp/hard/libm.a
LOAD /opt/st/stm32cubeide_1.17.0/plugins/com.st.stm32cube.ide.mcu.externaltools.gnu-tools-for-stm32.12.3.rel1.linux64_1.1.0.202410170702/tools/bin/../lib/gcc/arm-none-eabi/12.3.1/thumb/v7e-m+fp/hard/libgcc.a

.debug_info     0x00000000    0x1e6f8
 .debug_info    0x00000000       0x3d ./Core/Src/ANALOG.o
 .debug_info    0x0000003d       0x3d ./Core/Src/CONTROL.o
 .debug_info    0x0000007a       0x3d ./Core/Src/IMU.o
 .debug_info    0x000000b7       0x3d ./Core/Src/TELEMETRY.o
 .debug_info    0x000000f4      0xa06 ./Core/Src/adc.o
 .debug_info    0x00000afa      0x43f ./Core/Src/dma.o
 .debug_info    0x00000f39      0xcd2 ./Core/Src/freertos.o
 .debug_info    0x00001c0b      0x291 ./Core/Src/gpio.o
 .debug_info    0x00001e9c      0x9c1 ./Core/Src/i2c.o
 .debug_info    0x0000285d      0xb78 ./Core/Src/main.o
 .debug_info    0x000033d5      0x449 ./Core/Src/stm32f4xx_hal_msp.o
 .debug_info    0x0000381e      0xb6f ./Core/Src/stm32f4xx_hal_timebase_tim.o
 .debug_info    0x0000438d      0x718 ./Core/Src/stm32f4xx_it.o
 .debug_info    0x00004aa5      0x53e ./Core/Src/system_stm32f4xx.o
 .debug_info    0x00004fe3      0xfbc ./Core/Src/tim.o
 .debug_info    0x00005f9f      0x94e ./Core/Src/usart.o
 .debug_info    0x000068ed       0x30 ./Core/Startup/startup_stm32f401cbux.o
 .debug_info    0x0000691d      0x8bb ./Drivers/STM32F4xx_HAL_Driver/Src/stm32f4xx_hal.o
 .debug_info    0x000071d8      0xcd1 ./Drivers/STM32F4xx_HAL_Driver/Src/stm32f4xx_hal_adc.o
 .debug_info    0x00007ea9      0xcf6 ./Drivers/STM32F4xx_HAL_Driver/Src/stm32f4xx_hal_cortex.o
 .debug_info    0x00008b9f      0x8e6 ./Drivers/STM32F4xx_HAL_Driver/Src/stm32f4xx_hal_dma.o
 .debug_info    0x00009485      0x6f9 ./Drivers/STM32F4xx_HAL_Driver/Src/stm32f4xx_hal_gpio.o
 .debug_info    0x00009b7e     0x2426 ./Drivers/STM32F4xx_HAL_Driver/Src/stm32f4xx_hal_i2c.o
 .debug_info    0x0000bfa4      0x8f1 ./Drivers/STM32F4xx_HAL_Driver/Src/stm32f4xx_hal_rcc.o
 .debug_info    0x0000c895     0x2996 ./Drivers/STM32F4xx_HAL_Driver/Src/stm32f4xx_hal_tim.o
 .debug_info    0x0000f22b     0x14d4 ./Drivers/STM32F4xx_HAL_Driver/Src/stm32f4xx_hal_tim_ex.o
 .debug_info    0x000106ff     0x2f56 ./Drivers/STM32F4xx_HAL_Driver/Src/stm32f4xx_hal_uart.o
 .debug_info    0x00013655     0x408f ./Middlewares/Third_Party/FreeRTOS/Source/CMSIS_RTOS_V2/cmsis_os2.o
 .debug_info    0x000176e4      0x2af ./Middlewares/Third_Party/FreeRTOS/Source/list.o
 .debug_info    0x00017993     0x1b79 ./Middlewares/Third_Party/FreeRTOS/Source/queue.o
 .debug_info    0x0001950c     0x2baf ./Middlewares/Third_Party/FreeRTOS/Source/tasks.o
 .debug_info    0x0001c0bb     0x1b6c ./Middlewares/Third_Party/FreeRTOS/Source/timers.o
 .debug_info    0x0001dc27      0x5fc ./Middlewares/Third_Party/FreeRTOS/Source/portable/GCC/ARM_CM4F/port.o
 .debug_info    0x0001e223      0x4d5 ./Middlewares/Third_Party/FreeRTOS/Source/portable/MemMang/heap_4.o

.debug_abbrev   0x00000000     0x4539
 .debug_abbrev  0x00000000       0x2f ./Core/Src/ANALOG.o
 .debug_abbrev  0x0000002f       0x2f ./Core/Src/CONTROL.o
 .debug_abbrev  0x0000005e       0x2f ./Core/Src/IMU.o
 .debug_abbrev  0x0000008d       0x2f ./Core/Src/TELEMETRY.o
 .debug_abbrev  0x000000bc      0x204 ./Core/Src/adc.o
 .debug_abbrev  0x000002c0      0x10e ./Core/Src/dma.o
 .debug_abbrev  0x000003ce      0x250 ./Core/Src/freertos.o
 .debug_abbrev  0x0000061e       0xd8 ./Core/Src/gpio.o
 .debug_abbrev  0x000006f6      0x1f0 ./Core/Src/i2c.o
 .debug_abbrev  0x000008e6      0x246 ./Core/Src/main.o
 .debug_abbrev  0x00000b2c      0x119 ./Core/Src/stm32f4xx_hal_msp.o
 .debug_abbrev  0x00000c45      0x207 ./Core/Src/stm32f4xx_hal_timebase_tim.o
 .debug_abbrev  0x00000e4c      0x1a7 ./Core/Src/stm32f4xx_it.o
 .debug_abbrev  0x00000ff3      0x11a ./Core/Src/system_stm32f4xx.o
 .debug_abbrev  0x0000110d      0x2bb ./Core/Src/tim.o
 .debug_abbrev  0x000013c8      0x1f8 ./Core/Src/usart.o
 .debug_abbrev  0x000015c0       0x24 ./Core/Startup/startup_stm32f401cbux.o
 .debug_abbrev  0x000015e4      0x24b ./Drivers/STM32F4xx_HAL_Driver/Src/stm32f4xx_hal.o
 .debug_abbrev  0x0000182f      0x20e ./Drivers/STM32F4xx_HAL_Driver/Src/stm32f4xx_hal_adc.o
 .debug_abbrev  0x00001a3d      0x31d ./Drivers/STM32F4xx_HAL_Driver/Src/stm32f4xx_hal_cortex.o
 .debug_abbrev  0x00001d5a      0x221 ./Drivers/STM32F4xx_HAL_Driver/Src/stm32f4xx_hal_dma.o
 .debug_abbrev  0x00001f7b      0x1d3 ./Drivers/STM32F4xx_HAL_Driver/Src/stm32f4xx_hal_gpio.o
 .debug_abbrev  0x0000214e      0x2bc ./Drivers/STM32F4xx_HAL_Driver/Src/stm32f4xx_hal_i2c.o
 .debug_abbrev  0x0000240a      0x2b6 ./Drivers/STM32F4xx_HAL_Driver/Src/stm32f4xx_hal_rcc.o
 .debug_abbrev  0x000026c0      0x28b ./Drivers/STM32F4xx_HAL_Driver/Src/stm32f4xx_hal_tim.o
 .debug_abbrev  0x0000294b      0x296 ./Drivers/STM32F4xx_HAL_Driver/Src/stm32f4xx_hal_tim_ex.o
 .debug_abbrev  0x00002be1      0x31b ./Drivers/STM32F4xx_HAL_Driver/Src/stm32f4xx_hal_uart.o
 .debug_abbrev  0x00002efc      0x548 ./Middlewares/Third_Party/FreeRTOS/Source/CMSIS_RTOS_V2/cmsis_os2.o
 .debug_abbrev  0x00003444       0xf5 ./Middlewares/Third_Party/FreeRTOS/Source/list.o
 .debug_abbrev  0x00003539      0x3b6 ./Middlewares/Third_Party/FreeRTOS/Source/queue.o
 .debug_abbrev  0x000038ef      0x405 ./Middlewares/Third_Party/FreeRTOS/Source/tasks.o
 .debug_abbrev  0x00003cf4      0x368 ./Middlewares/Third_Party/FreeRTOS/Source/timers.o
 .debug_abbrev  0x0000405c      0x2c0 ./Middlewares/Third_Party/FreeRTOS/Source/portable/GCC/ARM_CM4F/port.o
 .debug_abbrev  0x0000431c      0x21d ./Middlewares/Third_Party/FreeRTOS/Source/portable/MemMang/heap_4.o

.debug_aranges  0x00000000     0x1a00
 .debug_aranges
                0x00000000       0x20 ./Core/Src/ANALOG.o
 .debug_aranges
                0x00000020       0x20 ./Core/Src/CONTROL.o
 .debug_aranges
                0x00000040       0x20 ./Core/Src/IMU.o
 .debug_aranges
                0x00000060       0x20 ./Core/Src/TELEMETRY.o
 .debug_aranges
                0x00000080       0x30 ./Core/Src/adc.o
 .debug_aranges
                0x000000b0       0x20 ./Core/Src/dma.o
 .debug_aranges
                0x000000d0       0x68 ./Core/Src/freertos.o
 .debug_aranges
                0x00000138       0x20 ./Core/Src/gpio.o
 .debug_aranges
                0x00000158       0x30 ./Core/Src/i2c.o
 .debug_aranges
                0x00000188       0x38 ./Core/Src/main.o
 .debug_aranges
                0x000001c0       0x20 ./Core/Src/stm32f4xx_hal_msp.o
 .debug_aranges
                0x000001e0       0x30 ./Core/Src/stm32f4xx_hal_timebase_tim.o
 .debug_aranges
                0x00000210       0x68 ./Core/Src/stm32f4xx_it.o
 .debug_aranges
                0x00000278       0x28 ./Core/Src/system_stm32f4xx.o
 .debug_aranges
                0x000002a0       0x58 ./Core/Src/tim.o
 .debug_aranges
                0x000002f8       0x30 ./Core/Src/usart.o
 .debug_aranges
                0x00000328       0x28 ./Core/Startup/startup_stm32f401cbux.o
 .debug_aranges
                0x00000350       0xf0 ./Drivers/STM32F4xx_HAL_Driver/Src/stm32f4xx_hal.o
 .debug_aranges
                0x00000440       0xe8 ./Drivers/STM32F4xx_HAL_Driver/Src/stm32f4xx_hal_adc.o
 .debug_aranges
                0x00000528      0x130 ./Drivers/STM32F4xx_HAL_Driver/Src/stm32f4xx_hal_cortex.o
 .debug_aranges
                0x00000658       0x90 ./Drivers/STM32F4xx_HAL_Driver/Src/stm32f4xx_hal_dma.o
 .debug_aranges
                0x000006e8       0x58 ./Drivers/STM32F4xx_HAL_Driver/Src/stm32f4xx_hal_gpio.o
 .debug_aranges
                0x00000740      0x2a8 ./Drivers/STM32F4xx_HAL_Driver/Src/stm32f4xx_hal_i2c.o
 .debug_aranges
                0x000009e8       0x88 ./Drivers/STM32F4xx_HAL_Driver/Src/stm32f4xx_hal_rcc.o
 .debug_aranges
                0x00000a70      0x3d0 ./Drivers/STM32F4xx_HAL_Driver/Src/stm32f4xx_hal_tim.o
 .debug_aranges
                0x00000e40      0x168 ./Drivers/STM32F4xx_HAL_Driver/Src/stm32f4xx_hal_tim_ex.o
 .debug_aranges
                0x00000fa8      0x208 ./Drivers/STM32F4xx_HAL_Driver/Src/stm32f4xx_hal_uart.o
 .debug_aranges
                0x000011b0      0x2b0 ./Middlewares/Third_Party/FreeRTOS/Source/CMSIS_RTOS_V2/cmsis_os2.o
 .debug_aranges
                0x00001460       0x40 ./Middlewares/Third_Party/FreeRTOS/Source/list.o
 .debug_aranges
                0x000014a0      0x158 ./Middlewares/Third_Party/FreeRTOS/Source/queue.o
 .debug_aranges
                0x000015f8      0x238 ./Middlewares/Third_Party/FreeRTOS/Source/tasks.o
 .debug_aranges
                0x00001830       0xf0 ./Middlewares/Third_Party/FreeRTOS/Source/timers.o
 .debug_aranges
                0x00001920       0x88 ./Middlewares/Third_Party/FreeRTOS/Source/portable/GCC/ARM_CM4F/port.o
 .debug_aranges
                0x000019a8       0x58 ./Middlewares/Third_Party/FreeRTOS/Source/portable/MemMang/heap_4.o

.debug_rnglists
                0x00000000     0x142d
 .debug_rnglists
                0x00000000       0x13 ./Core/Src/ANALOG.o
 .debug_rnglists
                0x00000013       0x13 ./Core/Src/CONTROL.o
 .debug_rnglists
                0x00000026       0x13 ./Core/Src/IMU.o
 .debug_rnglists
                0x00000039       0x13 ./Core/Src/TELEMETRY.o
 .debug_rnglists
                0x0000004c       0x21 ./Core/Src/adc.o
 .debug_rnglists
                0x0000006d       0x13 ./Core/Src/dma.o
 .debug_rnglists
                0x00000080       0x4a ./Core/Src/freertos.o
 .debug_rnglists
                0x000000ca       0x13 ./Core/Src/gpio.o
 .debug_rnglists
                0x000000dd       0x20 ./Core/Src/i2c.o
 .debug_rnglists
                0x000000fd       0x26 ./Core/Src/main.o
 .debug_rnglists
                0x00000123       0x13 ./Core/Src/stm32f4xx_hal_msp.o
 .debug_rnglists
                0x00000136       0x20 ./Core/Src/stm32f4xx_hal_timebase_tim.o
 .debug_rnglists
                0x00000156       0x49 ./Core/Src/stm32f4xx_it.o
 .debug_rnglists
                0x0000019f       0x1a ./Core/Src/system_stm32f4xx.o
 .debug_rnglists
                0x000001b9       0x40 ./Core/Src/tim.o
 .debug_rnglists
                0x000001f9       0x20 ./Core/Src/usart.o
 .debug_rnglists
                0x00000219       0x19 ./Core/Startup/startup_stm32f401cbux.o
 .debug_rnglists
                0x00000232       0xaf ./Drivers/STM32F4xx_HAL_Driver/Src/stm32f4xx_hal.o
 .debug_rnglists
                0x000002e1       0xb5 ./Drivers/STM32F4xx_HAL_Driver/Src/stm32f4xx_hal_adc.o
 .debug_rnglists
                0x00000396       0xe0 ./Drivers/STM32F4xx_HAL_Driver/Src/stm32f4xx_hal_cortex.o
 .debug_rnglists
                0x00000476       0x70 ./Drivers/STM32F4xx_HAL_Driver/Src/stm32f4xx_hal_dma.o
 .debug_rnglists
                0x000004e6       0x3f ./Drivers/STM32F4xx_HAL_Driver/Src/stm32f4xx_hal_gpio.o
 .debug_rnglists
                0x00000525      0x23c ./Drivers/STM32F4xx_HAL_Driver/Src/stm32f4xx_hal_i2c.o
 .debug_rnglists
                0x00000761       0x66 ./Drivers/STM32F4xx_HAL_Driver/Src/stm32f4xx_hal_rcc.o
 .debug_rnglists
                0x000007c7      0x31a ./Drivers/STM32F4xx_HAL_Driver/Src/stm32f4xx_hal_tim.o
 .debug_rnglists
                0x00000ae1      0x125 ./Drivers/STM32F4xx_HAL_Driver/Src/stm32f4xx_hal_tim_ex.o
 .debug_rnglists
                0x00000c06      0x1bc ./Drivers/STM32F4xx_HAL_Driver/Src/stm32f4xx_hal_uart.o
 .debug_rnglists
                0x00000dc2      0x212 ./Middlewares/Third_Party/FreeRTOS/Source/CMSIS_RTOS_V2/cmsis_os2.o
 .debug_rnglists
                0x00000fd4       0x2b ./Middlewares/Third_Party/FreeRTOS/Source/list.o
 .debug_rnglists
                0x00000fff      0x109 ./Middlewares/Third_Party/FreeRTOS/Source/queue.o
 .debug_rnglists
                0x00001108      0x1c7 ./Middlewares/Third_Party/FreeRTOS/Source/tasks.o
 .debug_rnglists
                0x000012cf       0xb8 ./Middlewares/Third_Party/FreeRTOS/Source/timers.o
 .debug_rnglists
                0x00001387       0x64 ./Middlewares/Third_Party/FreeRTOS/Source/portable/GCC/ARM_CM4F/port.o
 .debug_rnglists
                0x000013eb       0x42 ./Middlewares/Third_Party/FreeRTOS/Source/portable/MemMang/heap_4.o

.debug_macro    0x00000000    0x1ace1
 .debug_macro   0x00000000       0x1b ./Core/Src/ANALOG.o
 .debug_macro   0x0000001b      0xab4 ./Core/Src/ANALOG.o
 .debug_macro   0x00000acf       0x1b ./Core/Src/CONTROL.o
 .debug_macro   0x00000aea       0x1b ./Core/Src/IMU.o
 .debug_macro   0x00000b05       0x1b ./Core/Src/TELEMETRY.o
 .debug_macro   0x00000b20      0x228 ./Core/Src/adc.o
 .debug_macro   0x00000d48      0x2a7 ./Core/Src/adc.o
 .debug_macro   0x00000fef       0x2e ./Core/Src/adc.o
 .debug_macro   0x0000101d       0x28 ./Core/Src/adc.o
 .debug_macro   0x00001045       0x22 ./Core/Src/adc.o
 .debug_macro   0x00001067       0x8e ./Core/Src/adc.o
 .debug_macro   0x000010f5       0x51 ./Core/Src/adc.o
 .debug_macro   0x00001146      0x103 ./Core/Src/adc.o
 .debug_macro   0x00001249       0x6a ./Core/Src/adc.o
 .debug_macro   0x000012b3      0x1df ./Core/Src/adc.o
 .debug_macro   0x00001492       0x1c ./Core/Src/adc.o
 .debug_macro   0x000014ae       0x22 ./Core/Src/adc.o
 .debug_macro   0x000014d0       0xfb ./Core/Src/adc.o
 .debug_macro   0x000015cb     0x1011 ./Core/Src/adc.o
 .debug_macro   0x000025dc      0x11f ./Core/Src/adc.o
 .debug_macro   0x000026fb     0xb86c ./Core/Src/adc.o
 .debug_macro   0x0000df67       0x6d ./Core/Src/adc.o
 .debug_macro   0x0000dfd4     0x369a ./Core/Src/adc.o
 .debug_macro   0x0001166e      0x189 ./Core/Src/adc.o
 .debug_macro   0x000117f7       0x5c ./Core/Src/adc.o
 .debug_macro   0x00011853      0x416 ./Core/Src/adc.o
 .debug_macro   0x00011c69      0x9e9 ./Core/Src/adc.o
 .debug_macro   0x00012652      0x115 ./Core/Src/adc.o
 .debug_macro   0x00012767       0xf8 ./Core/Src/adc.o
 .debug_macro   0x0001285f       0xa5 ./Core/Src/adc.o
 .debug_macro   0x00012904      0x15f ./Core/Src/adc.o
 .debug_macro   0x00012a63      0x287 ./Core/Src/adc.o
 .debug_macro   0x00012cea       0x5f ./Core/Src/adc.o
 .debug_macro   0x00012d49      0x236 ./Core/Src/adc.o
 .debug_macro   0x00012f7f      0x9e1 ./Core/Src/adc.o
 .debug_macro   0x00013960      0x38b ./Core/Src/adc.o
 .debug_macro   0x00013ceb      0x176 ./Core/Src/adc.o
 .debug_macro   0x00013e61       0xf9 ./Core/Src/adc.o
 .debug_macro   0x00013f5a      0x132 ./Core/Src/adc.o
 .debug_macro   0x0001408c      0x23a ./Core/Src/adc.o
 .debug_macro   0x000142c6       0x2e ./Core/Src/adc.o
 .debug_macro   0x000142f4      0x1b5 ./Core/Src/adc.o
 .debug_macro   0x000144a9       0x22 ./Core/Src/adc.o
 .debug_macro   0x000144cb       0xd6 ./Core/Src/adc.o
 .debug_macro   0x000145a1      0x127 ./Core/Src/adc.o
 .debug_macro   0x000146c8       0x85 ./Core/Src/adc.o
 .debug_macro   0x0001474d       0x89 ./Core/Src/adc.o
 .debug_macro   0x000147d6      0x8ed ./Core/Src/adc.o
 .debug_macro   0x000150c3       0x47 ./Core/Src/adc.o
 .debug_macro   0x0001510a      0x2aa ./Core/Src/adc.o
 .debug_macro   0x000153b4      0x126 ./Core/Src/adc.o
 .debug_macro   0x000154da       0xc4 ./Core/Src/adc.o
 .debug_macro   0x0001559e      0x228 ./Core/Src/dma.o
 .debug_macro   0x000157c6      0x39d ./Core/Src/freertos.o
 .debug_macro   0x00015b63      0x1a6 ./Core/Src/freertos.o
 .debug_macro   0x00015d09      0x15a ./Core/Src/freertos.o
 .debug_macro   0x00015e63       0xc9 ./Core/Src/freertos.o
 .debug_macro   0x00015f2c       0x1c ./Core/Src/freertos.o
 .debug_macro   0x00015f48       0x26 ./Core/Src/freertos.o
 .debug_macro   0x00015f6e       0x61 ./Core/Src/freertos.o
 .debug_macro   0x00015fcf       0x2a ./Core/Src/freertos.o
 .debug_macro   0x00015ff9       0x43 ./Core/Src/freertos.o
 .debug_macro   0x0001603c       0x34 ./Core/Src/freertos.o
 .debug_macro   0x00016070       0x16 ./Core/Src/freertos.o
 .debug_macro   0x00016086       0x43 ./Core/Src/freertos.o
 .debug_macro   0x000160c9       0x34 ./Core/Src/freertos.o
 .debug_macro   0x000160fd       0x10 ./Core/Src/freertos.o
 .debug_macro   0x0001610d       0x58 ./Core/Src/freertos.o
 .debug_macro   0x00016165       0x8e ./Core/Src/freertos.o
 .debug_macro   0x000161f3       0x1c ./Core/Src/freertos.o
 .debug_macro   0x0001620f      0x177 ./Core/Src/freertos.o
 .debug_macro   0x00016386       0x10 ./Core/Src/freertos.o
 .debug_macro   0x00016396       0x35 ./Core/Src/freertos.o
 .debug_macro   0x000163cb      0x48e ./Core/Src/freertos.o
 .debug_macro   0x00016859       0xb5 ./Core/Src/freertos.o
 .debug_macro   0x0001690e       0xaa ./Core/Src/freertos.o
 .debug_macro   0x000169b8       0x6c ./Core/Src/freertos.o
 .debug_macro   0x00016a24       0x74 ./Core/Src/freertos.o
 .debug_macro   0x00016a98       0xdd ./Core/Src/freertos.o
 .debug_macro   0x00016b75      0x228 ./Core/Src/gpio.o
 .debug_macro   0x00016d9d      0x228 ./Core/Src/i2c.o
 .debug_macro   0x00016fc5      0x38b ./Core/Src/main.o
 .debug_macro   0x00017350      0x1a6 ./Core/Src/main.o
 .debug_macro   0x000174f6       0x66 ./Core/Src/main.o
 .debug_macro   0x0001755c      0x21e ./Core/Src/stm32f4xx_hal_msp.o
 .debug_macro   0x0001777a      0x20f ./Core/Src/stm32f4xx_hal_timebase_tim.o
 .debug_macro   0x00017989      0x228 ./Core/Src/stm32f4xx_it.o
 .debug_macro   0x00017bb1      0x20f ./Core/Src/system_stm32f4xx.o
 .debug_macro   0x00017dc0      0x228 ./Core/Src/tim.o
 .debug_macro   0x00017fe8      0x228 ./Core/Src/usart.o
 .debug_macro   0x00018210      0x26f ./Drivers/STM32F4xx_HAL_Driver/Src/stm32f4xx_hal.o
 .debug_macro   0x0001847f      0x210 ./Drivers/STM32F4xx_HAL_Driver/Src/stm32f4xx_hal_adc.o
 .debug_macro   0x0001868f      0x20f ./Drivers/STM32F4xx_HAL_Driver/Src/stm32f4xx_hal_cortex.o
 .debug_macro   0x0001889e      0x215 ./Drivers/STM32F4xx_HAL_Driver/Src/stm32f4xx_hal_dma.o
 .debug_macro   0x00018ab3      0x215 ./Drivers/STM32F4xx_HAL_Driver/Src/stm32f4xx_hal_gpio.o
 .debug_macro   0x00018cc8      0x25d ./Drivers/STM32F4xx_HAL_Driver/Src/stm32f4xx_hal_i2c.o
 .debug_macro   0x00018f25      0x233 ./Drivers/STM32F4xx_HAL_Driver/Src/stm32f4xx_hal_rcc.o
 .debug_macro   0x00019158      0x210 ./Drivers/STM32F4xx_HAL_Driver/Src/stm32f4xx_hal_tim.o
 .debug_macro   0x00019368      0x20f ./Drivers/STM32F4xx_HAL_Driver/Src/stm32f4xx_hal_tim_ex.o
 .debug_macro   0x00019577      0x210 ./Drivers/STM32F4xx_HAL_Driver/Src/stm32f4xx_hal_uart.o
 .debug_macro   0x00019787      0x418 ./Middlewares/Third_Party/FreeRTOS/Source/CMSIS_RTOS_V2/cmsis_os2.o
 .debug_macro   0x00019b9f       0x10 ./Middlewares/Third_Party/FreeRTOS/Source/CMSIS_RTOS_V2/cmsis_os2.o
 .debug_macro   0x00019baf       0x20 ./Middlewares/Third_Party/FreeRTOS/Source/CMSIS_RTOS_V2/cmsis_os2.o
 .debug_macro   0x00019bcf       0x10 ./Middlewares/Third_Party/FreeRTOS/Source/CMSIS_RTOS_V2/cmsis_os2.o
 .debug_macro   0x00019bdf       0xf5 ./Middlewares/Third_Party/FreeRTOS/Source/CMSIS_RTOS_V2/cmsis_os2.o
 .debug_macro   0x00019cd4       0x16 ./Middlewares/Third_Party/FreeRTOS/Source/CMSIS_RTOS_V2/cmsis_os2.o
 .debug_macro   0x00019cea       0x91 ./Middlewares/Third_Party/FreeRTOS/Source/CMSIS_RTOS_V2/cmsis_os2.o
 .debug_macro   0x00019d7b       0x8d ./Middlewares/Third_Party/FreeRTOS/Source/CMSIS_RTOS_V2/cmsis_os2.o
 .debug_macro   0x00019e08       0x9a ./Middlewares/Third_Party/FreeRTOS/Source/CMSIS_RTOS_V2/cmsis_os2.o
 .debug_macro   0x00019ea2       0x22 ./Middlewares/Third_Party/FreeRTOS/Source/CMSIS_RTOS_V2/cmsis_os2.o
 .debug_macro   0x00019ec4       0x56 ./Middlewares/Third_Party/FreeRTOS/Source/CMSIS_RTOS_V2/cmsis_os2.o
 .debug_macro   0x00019f1a      0x199 ./Middlewares/Third_Party/FreeRTOS/Source/list.o
 .debug_macro   0x0001a0b3      0x228 ./Middlewares/Third_Party/FreeRTOS/Source/queue.o
 .debug_macro   0x0001a2db       0x16 ./Middlewares/Third_Party/FreeRTOS/Source/queue.o
 .debug_macro   0x0001a2f1       0x87 ./Middlewares/Third_Party/FreeRTOS/Source/queue.o
 .debug_macro   0x0001a378      0x2c5 ./Middlewares/Third_Party/FreeRTOS/Source/tasks.o
 .debug_macro   0x0001a63d       0x10 ./Middlewares/Third_Party/FreeRTOS/Source/tasks.o
 .debug_macro   0x0001a64d       0x1c ./Middlewares/Third_Party/FreeRTOS/Source/tasks.o
 .debug_macro   0x0001a669      0x1ee ./Middlewares/Third_Party/FreeRTOS/Source/timers.o
 .debug_macro   0x0001a857       0x97 ./Middlewares/Third_Party/FreeRTOS/Source/timers.o