../Core/Src/freertos.c:149:13:configureTimerForRunTimeStats	8	static
../Core/Src/freertos.c:155:22:getRunTimeCounterValue	4	static
../Core/Src/freertos.c:162:13:PreSleepProcessing	16	static
../Core/Src/freertos.c:167:13:PostSleepProcessing	16	static
../Core/Src/freertos.c:178:6:MX_FREERTOS_Init	8	static
../Core/Src/freertos.c:261:6:StartDefaultTask	16	static
../Core/Src/freertos.c:280:6:_control_task	16	static
../Core/Src/freertos.c:299:6:_imu_read_task	16	static
../Core/Src/freertos.c:318:6:_adc_read_task	16	static
../Core/Src/freertos.c:337:6:_telemetry_task	16	static
