../Core/Src/freertos.c:138:13:configureTimerForRunTimeStats	8	static
../Core/Src/freertos.c:144:22:getRunTimeCounterValue	4	static
../Core/Src/freertos.c:151:13:PreSleepProcessing	16	static
../Core/Src/freertos.c:156:13:PostSleepProcessing	16	static
../Core/Src/freertos.c:167:6:MX_FREERTOS_Init	8	static
../Core/Src/freertos.c:246:6:StartDefaultTask	16	static
../Core/Src/freertos.c:265:6:_control_task	16	static
../Core/Src/freertos.c:284:6:_imu_read_task	16	static
../Core/Src/freertos.c:303:6:_adc_read_task	16	static
../Core/Src/freertos.c:322:6:_telemetry_task	16	static
