Archive member included to satisfy reference by file (symbol)

C:/ST/STM32CubeIDE_1.18.0/STM32CubeIDE/plugins/com.st.stm32cube.ide.mcu.externaltools.gnu-tools-for-stm32.13.3.rel1.win32_1.0.0.202411081344/tools/bin/../lib/gcc/arm-none-eabi/13.3.1/../../../../arm-none-eabi/lib/thumb/v7e-m+fp/hard\libc_nano.a(libc_a-atof.o)
                              ./Core/Src/TELEMETRY.o (atof)
C:/ST/STM32CubeIDE_1.18.0/STM32CubeIDE/plugins/com.st.stm32cube.ide.mcu.externaltools.gnu-tools-for-stm32.13.3.rel1.win32_1.0.0.202411081344/tools/bin/../lib/gcc/arm-none-eabi/13.3.1/../../../../arm-none-eabi/lib/thumb/v7e-m+fp/hard\libc_nano.a(libc_a-exit.o)
                              C:/ST/STM32CubeIDE_1.18.0/STM32CubeIDE/plugins/com.st.stm32cube.ide.mcu.externaltools.gnu-tools-for-stm32.13.3.rel1.win32_1.0.0.202411081344/tools/bin/../lib/gcc/arm-none-eabi/13.3.1/../../../../arm-none-eabi/lib/thumb/v7e-m+fp/hard/crt0.o (exit)
C:/ST/STM32CubeIDE_1.18.0/STM32CubeIDE/plugins/com.st.stm32cube.ide.mcu.externaltools.gnu-tools-for-stm32.13.3.rel1.win32_1.0.0.202411081344/tools/bin/../lib/gcc/arm-none-eabi/13.3.1/../../../../arm-none-eabi/lib/thumb/v7e-m+fp/hard\libc_nano.a(libc_a-strtod.o)
                              C:/ST/STM32CubeIDE_1.18.0/STM32CubeIDE/plugins/com.st.stm32cube.ide.mcu.externaltools.gnu-tools-for-stm32.13.3.rel1.win32_1.0.0.202411081344/tools/bin/../lib/gcc/arm-none-eabi/13.3.1/../../../../arm-none-eabi/lib/thumb/v7e-m+fp/hard\libc_nano.a(libc_a-atof.o) (strtod)
C:/ST/STM32CubeIDE_1.18.0/STM32CubeIDE/plugins/com.st.stm32cube.ide.mcu.externaltools.gnu-tools-for-stm32.13.3.rel1.win32_1.0.0.202411081344/tools/bin/../lib/gcc/arm-none-eabi/13.3.1/../../../../arm-none-eabi/lib/thumb/v7e-m+fp/hard\libc_nano.a(libc_a-nano-vfprintf_float.o)
                              (_printf_float)
C:/ST/STM32CubeIDE_1.18.0/STM32CubeIDE/plugins/com.st.stm32cube.ide.mcu.externaltools.gnu-tools-for-stm32.13.3.rel1.win32_1.0.0.202411081344/tools/bin/../lib/gcc/arm-none-eabi/13.3.1/../../../../arm-none-eabi/lib/thumb/v7e-m+fp/hard\libc_nano.a(libc_a-nano-vfprintf_i.o)
                              C:/ST/STM32CubeIDE_1.18.0/STM32CubeIDE/plugins/com.st.stm32cube.ide.mcu.externaltools.gnu-tools-for-stm32.13.3.rel1.win32_1.0.0.202411081344/tools/bin/../lib/gcc/arm-none-eabi/13.3.1/../../../../arm-none-eabi/lib/thumb/v7e-m+fp/hard\libc_nano.a(libc_a-nano-vfprintf_float.o) (_printf_common)
C:/ST/STM32CubeIDE_1.18.0/STM32CubeIDE/plugins/com.st.stm32cube.ide.mcu.externaltools.gnu-tools-for-stm32.13.3.rel1.win32_1.0.0.202411081344/tools/bin/../lib/gcc/arm-none-eabi/13.3.1/../../../../arm-none-eabi/lib/thumb/v7e-m+fp/hard\libc_nano.a(libc_a-nano-vfscanf_float.o)
                              (_scanf_float)
C:/ST/STM32CubeIDE_1.18.0/STM32CubeIDE/plugins/com.st.stm32cube.ide.mcu.externaltools.gnu-tools-for-stm32.13.3.rel1.win32_1.0.0.202411081344/tools/bin/../lib/gcc/arm-none-eabi/13.3.1/../../../../arm-none-eabi/lib/thumb/v7e-m+fp/hard\libc_nano.a(libc_a-findfp.o)
                              ./Middlewares/Third_Party/FreeRTOS/Source/tasks.o (__sf)
C:/ST/STM32CubeIDE_1.18.0/STM32CubeIDE/plugins/com.st.stm32cube.ide.mcu.externaltools.gnu-tools-for-stm32.13.3.rel1.win32_1.0.0.202411081344/tools/bin/../lib/gcc/arm-none-eabi/13.3.1/../../../../arm-none-eabi/lib/thumb/v7e-m+fp/hard\libc_nano.a(libc_a-fwalk.o)
                              C:/ST/STM32CubeIDE_1.18.0/STM32CubeIDE/plugins/com.st.stm32cube.ide.mcu.externaltools.gnu-tools-for-stm32.13.3.rel1.win32_1.0.0.202411081344/tools/bin/../lib/gcc/arm-none-eabi/13.3.1/../../../../arm-none-eabi/lib/thumb/v7e-m+fp/hard\libc_nano.a(libc_a-findfp.o) (_fwalk_sglue)
C:/ST/STM32CubeIDE_1.18.0/STM32CubeIDE/plugins/com.st.stm32cube.ide.mcu.externaltools.gnu-tools-for-stm32.13.3.rel1.win32_1.0.0.202411081344/tools/bin/../lib/gcc/arm-none-eabi/13.3.1/../../../../arm-none-eabi/lib/thumb/v7e-m+fp/hard\libc_nano.a(libc_a-snprintf.o)
                              ./Core/Src/TELEMETRY.o (snprintf)
C:/ST/STM32CubeIDE_1.18.0/STM32CubeIDE/plugins/com.st.stm32cube.ide.mcu.externaltools.gnu-tools-for-stm32.13.3.rel1.win32_1.0.0.202411081344/tools/bin/../lib/gcc/arm-none-eabi/13.3.1/../../../../arm-none-eabi/lib/thumb/v7e-m+fp/hard\libc_nano.a(libc_a-sprintf.o)
                              ./Middlewares/Third_Party/FreeRTOS/Source/tasks.o (sprintf)
C:/ST/STM32CubeIDE_1.18.0/STM32CubeIDE/plugins/com.st.stm32cube.ide.mcu.externaltools.gnu-tools-for-stm32.13.3.rel1.win32_1.0.0.202411081344/tools/bin/../lib/gcc/arm-none-eabi/13.3.1/../../../../arm-none-eabi/lib/thumb/v7e-m+fp/hard\libc_nano.a(libc_a-stdio.o)
                              C:/ST/STM32CubeIDE_1.18.0/STM32CubeIDE/plugins/com.st.stm32cube.ide.mcu.externaltools.gnu-tools-for-stm32.13.3.rel1.win32_1.0.0.202411081344/tools/bin/../lib/gcc/arm-none-eabi/13.3.1/../../../../arm-none-eabi/lib/thumb/v7e-m+fp/hard\libc_nano.a(libc_a-findfp.o) (__sread)
[...]
Memory Configuration

Name             Origin             Length             Attributes
RAM              0x20000000         0x00010000         xrw
FLASH            0x08000000         0x00020000         xr
*default*        0x00000000         0xffffffff

Linker script and memory map

LOAD C:/ST/STM32CubeIDE_1.18.0/STM32CubeIDE/plugins/com.st.stm32cube.ide.mcu.externaltools.gnu-tools-for-stm32.13.3.rel1.win32_1.0.0.202411081344/tools/bin/../lib/gcc/arm-none-eabi/13.3.1/thumb/v7e-m+fp/hard/crti.o
LOAD C:/ST/STM32CubeIDE_1.18.0/STM32CubeIDE/plugins/com.st.stm32cube.ide.mcu.externaltools.gnu-tools-for-stm32.13.3.rel1.win32_1.0.0.202411081344/tools/bin/../lib/gcc/arm-none-eabi/13.3.1/thumb/v7e-m+fp/hard/crtbegin.o
LOAD C:/ST/STM32CubeIDE_1.18.0/STM32CubeIDE/plugins/com.st.stm32cube.ide.mcu.externaltools.gnu-tools-for-stm32.13.3.rel1.win32_1.0.0.202411081344/tools/bin/../lib/gcc/arm-none-eabi/13.3.1/../../../../arm-none-eabi/lib/thumb/v7e-m+fp/hard/crt0.o
LOAD ./Core/Src/ANALOG.o
LOAD ./Core/Src/CONTROL.o
LOAD ./Core/Src/IMU.o
LOAD ./Core/Src/TELEMETRY.o
LOAD ./Core/Src/adc.o
LOAD ./Core/Src/bno055.o
LOAD ./Core/Src/dma.o
LOAD ./Core/Src/freertos.o
LOAD ./Core/Src/gpio.o
LOAD ./Core/Src/i2c.o
LOAD ./Core/Src/main.o
LOAD ./Core/Src/stm32f4xx_hal_msp.o
LOAD ./Core/Src/stm32f4xx_hal_timebase_tim.o
LOAD ./Core/Src/stm32f4xx_it.o
LOAD ./Core/Src/syscalls.o
LOAD ./Core/Src/sysmem.o
LOAD ./Core/Src/system_stm32f4xx.o
LOAD ./Core/Src/tim.o
LOAD ./Core/Src/usart.o
LOAD ./Core/Startup/startup_stm32f401cbux.o
LOAD ./Drivers/STM32F4xx_HAL_Driver/Src/stm32f4xx_hal.o
LOAD ./Drivers/STM32F4xx_HAL_Driver/Src/stm32f4xx_hal_adc.o
LOAD ./Drivers/STM32F4xx_HAL_Driver/Src/stm32f4xx_hal_adc_ex.o
LOAD ./Drivers/STM32F4xx_HAL_Driver/Src/stm32f4xx_hal_cortex.o
LOAD ./Drivers/STM32F4xx_HAL_Driver/Src/stm32f4xx_hal_dma.o
LOAD ./Drivers/STM32F4xx_HAL_Driver/Src/stm32f4xx_hal_dma_ex.o
LOAD ./Drivers/STM32F4xx_HAL_Driver/Src/stm32f4xx_hal_exti.o
LOAD ./Drivers/STM32F4xx_HAL_Driver/Src/stm32f4xx_hal_flash.o
LOAD ./Drivers/STM32F4xx_HAL_Driver/Src/stm32f4xx_hal_flash_ex.o
LOAD ./Drivers/STM32F4xx_HAL_Driver/Src/stm32f4xx_hal_flash_ramfunc.o
LOAD ./Drivers/STM32F4xx_HAL_Driver/Src/stm32f4xx_hal_gpio.o
LOAD ./Drivers/STM32F4xx_HAL_Driver/Src/stm32f4xx_hal_i2c.o
LOAD ./Drivers/STM32F4xx_HAL_Driver/Src/stm32f4xx_hal_i2c_ex.o
LOAD ./Drivers/STM32F4xx_HAL_Driver/Src/stm32f4xx_hal_pwr.o
LOAD ./Drivers/STM32F4xx_HAL_Driver/Src/stm32f4xx_hal_pwr_ex.o
LOAD ./Drivers/STM32F4xx_HAL_Driver/Src/stm32f4xx_hal_rcc.o
LOAD ./Drivers/STM32F4xx_HAL_Driver/Src/stm32f4xx_hal_rcc_ex.o
LOAD ./Drivers/STM32F4xx_HAL_Driver/Src/stm32f4xx_hal_tim.o
LOAD ./Drivers/STM32F4xx_HAL_Driver/Src/stm32f4xx_hal_tim_ex.o
LOAD ./Drivers/STM32F4xx_HAL_Driver/Src/stm32f4xx_hal_uart.o
LOAD ./Drivers/STM32F4xx_HAL_Driver/Src/stm32f4xx_ll_adc.o
LOAD ./Middlewares/Third_Party/FreeRTOS/Source/CMSIS_RTOS_V2/cmsis_os2.o
LOAD ./Middlewares/Third_Party/FreeRTOS/Source/croutine.o
LOAD ./Middlewares/Third_Party/FreeRTOS/Source/event_groups.o
LOAD ./Middlewares/Third_Party/FreeRTOS/Source/list.o
LOAD ./Middlewares/Third_Party/FreeRTOS/Source/queue.o
LOAD ./Middlewares/Third_Party/FreeRTOS/Source/stream_buffer.o
LOAD ./Middlewares/Third_Party/FreeRTOS/Source/tasks.o
LOAD ./Middlewares/Third_Party/FreeRTOS/Source/timers.o
LOAD ./Middlewares/Third_Party/FreeRTOS/Source/portable/GCC/ARM_CM4F/port.o
LOAD ./Middlewares/Third_Party/FreeRTOS/Source/portable/MemMang/heap_4.o
START GROUP
LOAD C:/ST/STM32CubeIDE_1.18.0/STM32CubeIDE/plugins/com.st.stm32cube.ide.mcu.externaltools.gnu-tools-for-stm32.13.3.rel1.win32_1.0.0.202411081344/tools/bin/../lib/gcc/arm-none-eabi/13.3.1/../../../../arm-none-eabi/lib/thumb/v7e-m+fp/hard\libc_nano.a
LOAD C:/ST/STM32CubeIDE_1.18.0/STM32CubeIDE/plugins/com.st.stm32cube.ide.mcu.externaltools.gnu-tools-for-stm32.13.3.rel1.win32_1.0.0.202411081344/tools/bin/../lib/gcc/arm-none-eabi/13.3.1/../../../../arm-none-eabi/lib/thumb/v7e-m+fp/hard\libm.a
END GROUP
START GROUP
LOAD C:/ST/STM32CubeIDE_1.18.0/STM32CubeIDE/plugins/com.st.stm32cube.ide.mcu.externaltools.gnu-tools-for-stm32.13.3.rel1.win32_1.0.0.202411081344/tools/bin/../lib/gcc/arm-none-eabi/13.3.1/thumb/v7e-m+fp/hard\libgcc.a
LOAD C:/ST/STM32CubeIDE_1.18.0/STM32CubeIDE/plugins/com.st.stm32cube.ide.mcu.externaltools.gnu-tools-for-stm32.13.3.rel1.win32_1.0.0.202411081344/tools/bin/../lib/gcc/arm-none-eabi/13.3.1/../../../../arm-none-eabi/lib/thumb/v7e-m+fp/hard\libc_nano.a
END GROUP
START GROUP
LOAD C:/ST/STM32CubeIDE_1.18.0/STM32CubeIDE/plugins/com.st.stm32cube.ide.mcu.externaltools.gnu-tools-for-stm32.13.3.rel1.win32_1.0.0.202411081344/tools/bin/../lib/gcc/arm-none-eabi/13.3.1/thumb/v7e-m+fp/hard\libgcc.a
LOAD C:/ST/STM32CubeIDE_1.18.0/STM32CubeIDE/plugins/com.st.stm32cube.ide.mcu.externaltools.gnu-tools-for-stm32.13.3.rel1.win32_1.0.0.202411081344/tools/bin/../lib/gcc/arm-none-eabi/13.3.1/../../../../arm-none-eabi/lib/thumb/v7e-m+fp/hard\libc_nano.a
LOAD C:/ST/STM32CubeIDE_1.18.0/STM32CubeIDE/plugins/com.st.stm32cube.ide.mcu.externaltools.gnu-tools-for-stm32.13.3.rel1.win32_1.0.0.202411081344/tools/bin/../lib/gcc/arm-none-eabi/13.3.1/../../../../arm-none-eabi/lib/thumb/v7e-m+fp/hard\libnosys.a
END GROUP
START GROUP
LOAD C:/ST/STM32CubeIDE_1.18.0/STM32CubeIDE/plugins/com.st.stm32cube.ide.mcu.externaltools.gnu-tools-for-stm32.13.3.rel1.win32_1.0.0.202411081344/tools/bin/../lib/gcc/arm-none-eabi/13.3.1/thumb/v7e-m+fp/hard\libgcc.a
LOAD C:/ST/STM32CubeIDE_1.18.0/STM32CubeIDE/plugins/com.st.stm32cube.ide.mcu.externaltools.gnu-tools-for-stm32.13.3.rel1.win32_1.0.0.202411081344/tools/bin/../lib/gcc/arm-none-eabi/13.3.1/../../../../arm-none-eabi/lib/thumb/v7e-m+fp/hard\libc_nano.a
LOAD C:/ST/STM32CubeIDE_1.18.0/STM32CubeIDE/plugins/com.st.stm32cube.ide.mcu.externaltools.gnu-tools-for-stm32.13.3.rel1.win32_1.0.0.202411081344/tools/bin/../lib/gcc/arm-none-eabi/13.3.1/../../../../arm-none-eabi/lib/thumb/v7e-m+fp/hard\libnosys.a
END GROUP
LOAD C:/ST/STM32CubeIDE_1.18.0/STM32CubeIDE/plugins/com.st.stm32cube.ide.mcu.externaltools.gnu-tools-for-stm32.13.3.rel1.win32_1.0.0.202411081344/tools/bin/../lib/gcc/arm-none-eabi/13.3.1/thumb/v7e-m+fp/hard/crtend.o
LOAD C:/ST/STM32CubeIDE_1.18.0/STM32CubeIDE/plugins/com.st.stm32cube.ide.mcu.externaltools.gnu-tools-for-stm32.13.3.rel1.win32_1.0.0.202411081344/tools/bin/../lib/gcc/arm-none-eabi/13.3.1/thumb/v7e-m+fp/hard/crtn.o
                0x20010000                        _estack = (ORIGIN (RAM) + LENGTH (RAM))
                0x00000200                        _Min_Heap_Size = 0x200
                0x00000400                        _Min_Stack_Size = 0x400

.isr_vector     0x08000000      0x194
                0x08000000                        . = ALIGN (0x4)
 *(.isr_vector)
 .isr_vector    0x08000000      0x194 ./Core/Startup/startup_stm32f401cbux.o
                0x08000000                g_pfnVectors
                0x08000194                        . = ALIGN (0x4)

.text           0x080001a0    0x11a84
                0x080001a0                        . = ALIGN (0x4)
 *(.text)
 .text          0x080001a0       0x40 C:/ST/STM32CubeIDE_1.18.0/STM32CubeIDE/plugins/com.st.stm32cube.ide.mcu.externaltools.gnu-tools-for-stm32.13.3.rel1.win32_1.0.0.202411081344/tools/bin/../lib/gcc/arm-none-eabi/13.3.1/thumb/v7e-m+fp/hard/crtbegin.o
 .text          0x080001e0       0xa0 C:/ST/STM32CubeIDE_1.18.0/STM32CubeIDE/plugins/com.st.stm32cube.ide.mcu.externaltools.gnu-tools-for-stm32.13.3.rel1.win32_1.0.0.202411081344/tools/bin/../lib/gcc/arm-none-eabi/13.3.1/../../../../arm-none-eabi/lib/thumb/v7e-m+fp/hard\libc_nano.a(libc_a-memchr.o)
                0x080001e0                memchr
 .text          0x08000280       0x10 C:/ST/STM32CubeIDE_1.18.0/STM32CubeIDE/plugins/com.st.stm32cube.ide.mcu.externaltools.gnu-tools-for-stm32.13.3.rel1.win32_1.0.0.202411081344/tools/bin/../lib/gcc/arm-none-eabi/13.3.1/../../../../arm-none-eabi/lib/thumb/v7e-m+fp/hard\libc_nano.a(libc_a-strlen.o)
                0x08000280                strlen
 .text          0x08000290      0x378 C:/ST/STM32CubeIDE_1.18.0/STM32CubeIDE/plugins/com.st.stm32cube.ide.mcu.externaltools.gnu-tools-for-stm32.13.3.rel1.win32_1.0.0.202411081344/tools/bin/../lib/gcc/arm-none-eabi/13.3.1/thumb/v7e-m+fp/hard\libgcc.a(_arm_addsubdf3.o)
                0x08000290                __aeabi_drsub
                0x08000298                __aeabi_dsub
                0x08000298                __subdf3
                0x0800029c                __aeabi_dadd
                0x0800029c                __adddf3
                0x08000514                __floatunsidf
                0x08000514                __aeabi_ui2d
                0x08000534                __floatsidf
                0x08000534                __aeabi_i2d
                0x08000558                __aeabi_f2d
                0x08000558                __extendsfdf2
                0x0800059c                __floatundidf
                0x0800059c                __aeabi_ul2d
                0x080005ac                __floatdidf
                0x080005ac                __aeabi_l2d
 .text          0x08000608      0x424 C:/ST/STM32CubeIDE_1.18.0/STM32CubeIDE/plugins/com.st.stm32cube.ide.mcu.externaltools.gnu-tools-for-stm32.13.3.rel1.win32_1.0.0.202411081344/tools/bin/../lib/gcc/arm-none-eabi/13.3.1/thumb/v7e-m+fp/hard\libgcc.a(_arm_muldivdf3.o)
                0x08000608                __aeabi_dmul
                0x08000608                __muldf3
                0x0800085c                __divdf3
                0x0800085c                __aeabi_ddiv
 .text          0x08000a2c      0x110 C:/ST/STM32CubeIDE_1.18.0/STM32CubeIDE/plugins/com.st.stm32cube.ide.mcu.externaltools.gnu-tools-for-stm32.13.3.rel1.win32_1.0.0.202411081344/tools/bin/../lib/gcc/arm-none-eabi/13.3.1/thumb/v7e-m+fp/hard\libgcc.a(_arm_cmpdf2.o)
                0x08000a2c                __gtdf2
                0x08000a2c                __gedf2
                0x08000a34                __ltdf2
                0x08000a34                __ledf2
                0x08000a3c                __nedf2
                0x08000a3c                __eqdf2
                0x08000a3c                __cmpdf2
                0x08000ab8                __aeabi_cdrcmple
                0x08000ac8                __aeabi_cdcmpeq
                0x08000ac8                __aeabi_cdcmple
                0x08000ad8                __aeabi_dcmpeq
                0x08000aec                __aeabi_dcmplt
                0x08000b00                __aeabi_dcmple
                0x08000b14                __aeabi_dcmpge
                0x08000b28                __aeabi_dcmpgt
 .text          0x08000b3c       0x2c C:/ST/STM32CubeIDE_1.18.0/STM32CubeIDE/plugins/com.st.stm32cube.ide.mcu.externaltools.gnu-tools-for-stm32.13.3.rel1.win32_1.0.0.202411081344/tools/bin/../lib/gcc/arm-none-eabi/13.3.1/thumb/v7e-m+fp/hard\libgcc.a(_arm_unorddf2.o)
                0x08000b3c                __unorddf2
                0x08000b3c                __aeabi_dcmpun
 .text          0x08000b68       0x50 C:/ST/STM32CubeIDE_1.18.0/STM32CubeIDE/plugins/com.st.stm32cube.ide.mcu.externaltools.gnu-tools-for-stm32.13.3.rel1.win32_1.0.0.202411081344/tools/bin/../lib/gcc/arm-none-eabi/13.3.1/thumb/v7e-m+fp/hard\libgcc.a(_arm_fixdfsi.o)
                0x08000b68                __aeabi_d2iz
                0x08000b68                __fixdfsi
 .text          0x08000bb8       0x40 C:/ST/STM32CubeIDE_1.18.0/STM32CubeIDE/plugins/com.st.stm32cube.ide.mcu.externaltools.gnu-tools-for-stm32.13.3.rel1.win32_1.0.0.202411081344/tools/bin/../lib/gcc/arm-none-eabi/13.3.1/thumb/v7e-m+fp/hard\libgcc.a(_arm_fixunsdfsi.o)
                0x08000bb8                __aeabi_d2uiz
                0x08000bb8                __fixunsdfsi
 .text          0x08000bf8       0xa0 C:/ST/STM32CubeIDE_1.18.0/STM32CubeIDE/plugins/com.st.stm32cube.ide.mcu.externaltools.gnu-tools-for-stm32.13.3.rel1.win32_1.0.0.202411081344/tools/bin/../lib/gcc/arm-none-eabi/13.3.1/thumb/v7e-m+fp/hard\libgcc.a(_arm_truncdfsf2.o)
                0x08000bf8                __truncdfsf2
                0x08000bf8                __aeabi_d2f
 .text          0x08000c98       0x30 C:/ST/STM32CubeIDE_1.18.0/STM32CubeIDE/plugins/com.st.stm32cube.ide.mcu.externaltools.gnu-tools-for-stm32.13.3.rel1.win32_1.0.0.202411081344/tools/bin/../lib/gcc/arm-none-eabi/13.3.1/thumb/v7e-m+fp/hard\libgcc.a(_aeabi_uldivmod.o)
                0x08000c98                __aeabi_uldivmod
 .text          0x08000cc8       0x30 C:/ST/STM32CubeIDE_1.18.0/STM32CubeIDE/plugins/com.st.stm32cube.ide.mcu.externaltools.gnu-tools-for-stm32.13.3.rel1.win32_1.0.0.202411081344/tools/bin/../lib/gcc/arm-none-eabi/13.3.1/thumb/v7e-m+fp/hard\libgcc.a(_fixdfdi.o)
                0x08000cc8                __fixdfdi
                0x08000cc8                __aeabi_d2lz
 .text          0x08000cf8       0x3c C:/ST/STM32CubeIDE_1.18.0/STM32CubeIDE/plugins/com.st.stm32cube.ide.mcu.externaltools.gnu-tools-for-stm32.13.3.rel1.win32_1.0.0.202411081344/tools/bin/../lib/gcc/arm-none-eabi/13.3.1/thumb/v7e-m+fp/hard\libgcc.a(_fixunsdfdi.o)
                0x08000cf8                __fixunsdfdi
                0x08000cf8                __aeabi_d2ulz
 .text          0x08000d34      0x2f8 C:/ST/STM32CubeIDE_1.18.0/STM32CubeIDE/plugins/com.st.stm32cube.ide.mcu.externaltools.gnu-tools-for-stm32.13.3.rel1.win32_1.0.0.202411081344/tools/bin/../lib/gcc/arm-none-eabi/13.3.1/thumb/v7e-m+fp/hard\libgcc.a(_udivmoddi4.o)
                0x08000d34                __udivmoddi4
 .text          0x0800102c        0x4 C:/ST/STM32CubeIDE_1.18.0/STM32CubeIDE/plugins/com.st.stm32cube.ide.mcu.externaltools.gnu-tools-for-stm32.13.3.rel1.win32_1.0.0.202411081344/tools/bin/../lib/gcc/arm-none-eabi/13.3.1/thumb/v7e-m+fp/hard\libgcc.a(_dvmd_tls.o)
                0x0800102c                __aeabi_idiv0
                0x0800102c                __aeabi_ldiv0
 *(.text*)
 .text.adc_read
                0x08001030       0xf0 ./Core/Src/ANALOG.o
                0x08001030                adc_read
 .text.map_float
                0x08001120       0x5c ./Core/Src/CONTROL.o
 .text.map_radio_to_mech_rudder
                0x0800117c       0x30 ./Core/Src/CONTROL.o
 .text.map_radio_to_mech_trim
                0x080011ac       0x30 ./Core/Src/CONTROL.o
 .text.map_radio_to_mech_twist
                0x080011dc       0x30 ./Core/Src/CONTROL.o
 .text.map_radio_to_mech_extra
                0x0800120c       0x30 ./Core/Src/CONTROL.o
 .text.mech_to_servo_rudder
                0x0800123c       0x34 ./Core/Src/CONTROL.o
 .text.mech_to_servo_trim
                0x08001270       0x34 ./Core/Src/CONTROL.o
 .text.mech_to_servo_twist
                0x080012a4       0x34 ./Core/Src/CONTROL.o
 .text.mech_to_servo_extra
                0x080012d8       0x34 ./Core/Src/CONTROL.o
 .text.servo_angle_to_pulse
                0x0800130c       0x68 ./Core/Src/CONTROL.o
 .text.set_rudder
                0x08001374       0x40 ./Core/Src/CONTROL.o
 .text.set_trim
                0x080013b4       0x40 ./Core/Src/CONTROL.o
 .text.set_twist
                0x080013f4       0x40 ./Core/Src/CONTROL.o
 .text.set_extra
                0x08001434       0x40 ./Core/Src/CONTROL.o
 .text.roll_control
                0x08001474       0xe8 ./Core/Src/CONTROL.o
                0x08001474                roll_control
 .text.handleDirectInputMode
                0x0800155c       0x7e ./Core/Src/CONTROL.o
 .text.autoControlMode1
                0x080015da       0x72 ./Core/Src/CONTROL.o
 .text.autoControlMode2
                0x0800164c        0xe ./Core/Src/CONTROL.o
 .text.autoControlMode3
                0x0800165a        0xe ./Core/Src/CONTROL.o
 .text.autoControlMode4
                0x08001668        0xe ./Core/Src/CONTROL.o
 *fill*         0x08001676        0x2 
 .text.handleAutoControlMode
                0x08001678       0x50 ./Core/Src/CONTROL.o
 .text.control  0x080016c8       0xe4 ./Core/Src/CONTROL.o
                0x080016c8                control
 .text.get_radio_ch1
                0x080017ac       0x60 ./Core/Src/CONTROL.o
 .text.get_radio_ch2
                0x0800180c       0x60 ./Core/Src/CONTROL.o
 .text.get_radio_ch3
                0x0800186c       0x60 ./Core/Src/CONTROL.o
 .text.get_radio_ch4
                0x080018cc       0x60 ./Core/Src/CONTROL.o
 .text.handleCalibrationMode
                0x0800192c      0x120 ./Core/Src/CONTROL.o
 .text.imu_read
                0x08001a4c       0xe8 ./Core/Src/IMU.o
                0x08001a4c                imu_read
 .text.is_imu_initialized
                0x08001b34       0x18 ./Core/Src/IMU.o
                0x08001b34                is_imu_initialized
 .text.telemetry_transmit
                0x08001b4c       0x50 ./Core/Src/TELEMETRY.o
 .text.telemetry_start_rx_dma
                0x08001b9c       0x1c ./Core/Src/TELEMETRY.o
 .text.telemetry_receive
                0x08001bb8      0x114 ./Core/Src/TELEMETRY.o
                0x08001bb8                telemetry_receive
 .text.telemetry
                0x08001ccc      0x364 ./Core/Src/TELEMETRY.o
                0x08001ccc                telemetry
 .text.MX_ADC1_Init
                0x08002030       0xf8 ./Core/Src/adc.o
                0x08002030                MX_ADC1_Init
 .text.HAL_ADC_MspInit
                0x08002128       0xf0 ./Core/Src/adc.o
                0x08002128                HAL_ADC_MspInit
 .text.bno055_init
                0x08002218      0x248 ./Core/Src/bno055.o
                0x08002218                bno055_init
 .text.bno055_temperature
                0x08002460       0x66 ./Core/Src/bno055.o
                0x08002460                bno055_temperature
 *fill*         0x080024c6        0x2 
 .text.bno055_acc_x
                0x080024c8       0x80 ./Core/Src/bno055.o
                0x080024c8                bno055_acc_x
 .text.bno055_acc_y
                0x08002548       0x80 ./Core/Src/bno055.o
                0x08002548                bno055_acc_y
 .text.bno055_acc_z
                0x080025c8       0x80 ./Core/Src/bno055.o
                0x080025c8                bno055_acc_z
 .text.bno055_acc
                0x08002648       0xd0 ./Core/Src/bno055.o
                0x08002648                bno055_acc
 .text.bno055_linear_acc_x
                0x08002718       0x80 ./Core/Src/bno055.o
                0x08002718                bno055_linear_acc_x
 .text.bno055_linear_acc_y
                0x08002798       0x80 ./Core/Src/bno055.o
                0x08002798                bno055_linear_acc_y
 .text.bno055_linear_acc_z
                0x08002818       0x80 ./Core/Src/bno055.o
                0x08002818                bno055_linear_acc_z
 .text.bno055_linear_acc
                0x08002898       0xd0 ./Core/Src/bno055.o
                0x08002898                bno055_linear_acc
 .text.bno055_gyro_x
                0x08002968       0x80 ./Core/Src/bno055.o
                0x08002968                bno055_gyro_x
 .text.bno055_gyro_y
                0x080029e8       0x80 ./Core/Src/bno055.o
                0x080029e8                bno055_gyro_y
 .text.bno055_gyro_z
                0x08002a68       0x80 ./Core/Src/bno055.o
                0x08002a68                bno055_gyro_z
 .text.bno055_gyro
                0x08002ae8       0xd0 ./Core/Src/bno055.o
                0x08002ae8                bno055_gyro
 .text.bno055_mag_x
                0x08002bb8       0x6e ./Core/Src/bno055.o
                0x08002bb8                bno055_mag_x
 .text.bno055_mag_y
                0x08002c26       0x6e ./Core/Src/bno055.o
                0x08002c26                bno055_mag_y
 .text.bno055_mag_z
                0x08002c94       0x6e ./Core/Src/bno055.o
                0x08002c94                bno055_mag_z
 .text.bno055_mag
                0x08002d02       0xba ./Core/Src/bno055.o
                0x08002d02                bno055_mag
 .text.bno055_gravity_x
                0x08002dbc       0x84 ./Core/Src/bno055.o
                0x08002dbc                bno055_gravity_x
 .text.bno055_gravity_y
                0x08002e40       0x84 ./Core/Src/bno055.o
                0x08002e40                bno055_gravity_y
 .text.bno055_gravity_z
                0x08002ec4       0x84 ./Core/Src/bno055.o
                0x08002ec4                bno055_gravity_z
 .text.bno055_gravity
                0x08002f48       0xd0 ./Core/Src/bno055.o
                0x08002f48                bno055_gravity
 .text.bno055_euler_yaw
                0x08003018       0x84 ./Core/Src/bno055.o
                0x08003018                bno055_euler_yaw
 .text.bno055_euler_roll
                0x0800309c       0x84 ./Core/Src/bno055.o
                0x0800309c                bno055_euler_roll
 .text.bno055_euler_pitch
                0x08003120       0x84 ./Core/Src/bno055.o
                0x08003120                bno055_euler_pitch
 .text.bno055_euler
                0x080031a4       0xd0 ./Core/Src/bno055.o
                0x080031a4                bno055_euler
 .text.bno055_quaternion_w
                0x08003274       0x74 ./Core/Src/bno055.o
                0x08003274                bno055_quaternion_w
 .text.bno055_quaternion_x
                0x080032e8       0x74 ./Core/Src/bno055.o
                0x080032e8                bno055_quaternion_x
 .text.bno055_quaternion_y
                0x0800335c       0x74 ./Core/Src/bno055.o
                0x0800335c                bno055_quaternion_y
 .text.bno055_quaternion_z
                0x080033d0       0x74 ./Core/Src/bno055.o
                0x080033d0                bno055_quaternion_z
 .text.bno055_quaternion
                0x08003444       0xe4 ./Core/Src/bno055.o
                0x08003444                bno055_quaternion
 .text.bno055_acc_conf
                0x08003528       0xd0 ./Core/Src/bno055.o
                0x08003528                bno055_acc_conf
 .text.bno055_gyr_conf
                0x080035f8       0xce ./Core/Src/bno055.o
                0x080035f8                bno055_gyr_conf
 .text.bno055_mag_conf
                0x080036c6       0xd0 ./Core/Src/bno055.o
                0x080036c6                bno055_mag_conf
 .text.bno055_set_opmode
                0x08003796       0x4e ./Core/Src/bno055.o
                0x08003796                bno055_set_opmode
 .text.bno055_set_pwr_mode
                0x080037e4       0xba ./Core/Src/bno055.o
                0x080037e4                bno055_set_pwr_mode
 .text.bno055_reset
                0x0800389e       0x46 ./Core/Src/bno055.o
                0x0800389e                bno055_reset
 .text.bno055_on
                0x080038e4       0x46 ./Core/Src/bno055.o
                0x080038e4                bno055_on
 .text.bno055_read_regs
                0x0800392a       0x6c ./Core/Src/bno055.o
                0x0800392a                bno055_read_regs
 .text.bno055_write_regs
                0x08003996       0x5c ./Core/Src/bno055.o
                0x08003996                bno055_write_regs
 .text.bno055_set_page
                0x080039f2       0x6c ./Core/Src/bno055.o
                0x080039f2                bno055_set_page
 *fill*         0x08003a5e        0x2 
 .text.MX_DMA_Init
                0x08003a60       0x50 ./Core/Src/dma.o
                0x08003a60                MX_DMA_Init
 .text.configureTimerForRunTimeStats
                0x08003ab0       0x38 ./Core/Src/freertos.o
                0x08003ab0                configureTimerForRunTimeStats
 .text.getRunTimeCounterValue
                0x08003ae8       0x18 ./Core/Src/freertos.o
                0x08003ae8                getRunTimeCounterValue
 .text.PreSleepProcessing
                0x08003b00       0x14 ./Core/Src/freertos.o
                0x08003b00                PreSleepProcessing
 .text.PostSleepProcessing
                0x08003b14       0x14 ./Core/Src/freertos.o
                0x08003b14                PostSleepProcessing
 .text.MX_FREERTOS_Init
                0x08003b28      0x1a4 ./Core/Src/freertos.o
                0x08003b28                MX_FREERTOS_Init
 .text.StartDefaultTask
                0x08003ccc       0x20 ./Core/Src/freertos.o
                0x08003ccc                StartDefaultTask
 .text._control_task
                0x08003cec       0x24 ./Core/Src/freertos.o
                0x08003cec                _control_task
 .text._imu_read_task
                0x08003d10       0x24 ./Core/Src/freertos.o
                0x08003d10                _imu_read_task
 .text._adc_read_task
                0x08003d34       0x24 ./Core/Src/freertos.o
                0x08003d34                _adc_read_task
 .text._telemetry_task
                0x08003d58       0x24 ./Core/Src/freertos.o
                0x08003d58                _telemetry_task
 .text.MX_GPIO_Init
                0x08003d7c       0x50 ./Core/Src/gpio.o
                0x08003d7c                MX_GPIO_Init
 .text.MX_I2C3_Init
                0x08003dcc       0x5c ./Core/Src/i2c.o
                0x08003dcc                MX_I2C3_Init
 .text.HAL_I2C_MspInit
                0x08003e28       0xd0 ./Core/Src/i2c.o
                0x08003e28                HAL_I2C_MspInit
 .text.main     0x08003ef8       0x3c ./Core/Src/main.o
                0x08003ef8                main
 .text.SystemClock_Config
                0x08003f34       0xd4 ./Core/Src/main.o
                0x08003f34                SystemClock_Config
 .text.HAL_TIM_PeriodElapsedCallback
                0x08004008       0x24 ./Core/Src/main.o
                0x08004008                HAL_TIM_PeriodElapsedCallback
 .text.Error_Handler
                0x0800402c        0xc ./Core/Src/main.o
                0x0800402c                Error_Handler
 .text.HAL_MspInit
                0x08004038       0x58 ./Core/Src/stm32f4xx_hal_msp.o
                0x08004038                HAL_MspInit
 .text.HAL_InitTick
                0x08004090       0xe4 ./Core/Src/stm32f4xx_hal_timebase_tim.o
                0x08004090                HAL_InitTick
 .text.NMI_Handler
                0x08004174        0x8 ./Core/Src/stm32f4xx_it.o
                0x08004174                NMI_Handler
 .text.HardFault_Handler
                0x0800417c        0x8 ./Core/Src/stm32f4xx_it.o
                0x0800417c                HardFault_Handler
 .text.MemManage_Handler
                0x08004184        0x8 ./Core/Src/stm32f4xx_it.o
                0x08004184                MemManage_Handler
 .text.BusFault_Handler
                0x0800418c        0x8 ./Core/Src/stm32f4xx_it.o
                0x0800418c                BusFault_Handler
 .text.UsageFault_Handler
                0x08004194        0x8 ./Core/Src/stm32f4xx_it.o
                0x08004194                UsageFault_Handler
 .text.DebugMon_Handler
                0x0800419c        0xe ./Core/Src/stm32f4xx_it.o
                0x0800419c                DebugMon_Handler
 *fill*         0x080041aa        0x2 
 .text.TIM1_UP_TIM10_IRQHandler
                0x080041ac       0x14 ./Core/Src/stm32f4xx_it.o
                0x080041ac                TIM1_UP_TIM10_IRQHandler
 .text.TIM1_TRG_COM_TIM11_IRQHandler
                0x080041c0       0x20 ./Core/Src/stm32f4xx_it.o
                0x080041c0                TIM1_TRG_COM_TIM11_IRQHandler
 .text.TIM3_IRQHandler
                0x080041e0       0x14 ./Core/Src/stm32f4xx_it.o
                0x080041e0                TIM3_IRQHandler
 .text.DMA2_Stream0_IRQHandler
                0x080041f4       0x14 ./Core/Src/stm32f4xx_it.o
                0x080041f4                DMA2_Stream0_IRQHandler
 .text.DMA2_Stream2_IRQHandler
                0x08004208       0x14 ./Core/Src/stm32f4xx_it.o
                0x08004208                DMA2_Stream2_IRQHandler
 .text.SendRadioData
                0x0800421c       0x50 ./Core/Src/stm32f4xx_it.o
 .text.HAL_TIM_IC_CaptureCallback
                0x0800426c      0x36c ./Core/Src/stm32f4xx_it.o
                0x0800426c                HAL_TIM_IC_CaptureCallback
 .text._getpid  0x080045d8       0x10 ./Core/Src/syscalls.o
                0x080045d8                _getpid
 .text._kill    0x080045e8       0x20 ./Core/Src/syscalls.o
                0x080045e8                _kill
 .text._exit    0x08004608       0x16 ./Core/Src/syscalls.o
                0x08004608                _exit
 .text._read    0x0800461e       0x3a ./Core/Src/syscalls.o
                0x0800461e                _read
 .text._write   0x08004658       0x38 ./Core/Src/syscalls.o
                0x08004658                _write
 .text._close   0x08004690       0x18 ./Core/Src/syscalls.o
                0x08004690                _close
 .text._fstat   0x080046a8       0x20 ./Core/Src/syscalls.o
                0x080046a8                _fstat
 .text._isatty  0x080046c8       0x16 ./Core/Src/syscalls.o
                0x080046c8                _isatty
 .text._lseek   0x080046de       0x1a ./Core/Src/syscalls.o
                0x080046de                _lseek
 .text._sbrk    0x080046f8       0x6c ./Core/Src/sysmem.o
                0x080046f8                _sbrk
 .text.SystemInit
                0x08004764       0x24 ./Core/Src/system_stm32f4xx.o
                0x08004764                SystemInit
 .text.MX_TIM3_Init
                0x08004788      0x124 ./Core/Src/tim.o
                0x08004788                MX_TIM3_Init
 .text.MX_TIM4_Init
                0x080048ac       0xf4 ./Core/Src/tim.o
                0x080048ac                MX_TIM4_Init
 .text.MX_TIM11_Init
                0x080049a0       0x44 ./Core/Src/tim.o
                0x080049a0                MX_TIM11_Init
 .text.HAL_TIM_Base_MspInit
                0x080049e4      0x11c ./Core/Src/tim.o
                0x080049e4                HAL_TIM_Base_MspInit
 .text.HAL_TIM_PWM_MspInit
                0x08004b00       0x44 ./Core/Src/tim.o
                0x08004b00                HAL_TIM_PWM_MspInit
 .text.HAL_TIM_MspPostInit
                0x08004b44       0x74 ./Core/Src/tim.o
                0x08004b44                HAL_TIM_MspPostInit
 .text.MX_USART1_UART_Init
                0x08004bb8       0x54 ./Core/Src/usart.o
                0x08004bb8                MX_USART1_UART_Init
 .text.HAL_UART_MspInit
                0x08004c0c       0xf8 ./Core/Src/usart.o
                0x08004c0c                HAL_UART_MspInit
 .text.Reset_Handler
                0x08004d04       0x50 ./Core/Startup/startup_stm32f401cbux.o
                0x08004d04                Reset_Handler
 .text.Default_Handler
                0x08004d54        0x2 ./Core/Startup/startup_stm32f401cbux.o
                0x08004d54                RTC_Alarm_IRQHandler
                0x08004d54                EXTI2_IRQHandler
                0x08004d54                SPI4_IRQHandler
                0x08004d54                TIM1_CC_IRQHandler
                0x08004d54                DMA2_Stream5_IRQHandler
                0x08004d54                DMA1_Stream5_IRQHandler
                0x08004d54                PVD_IRQHandler
                0x08004d54                SDIO_IRQHandler
                0x08004d54                TAMP_STAMP_IRQHandler
                0x08004d54                EXTI3_IRQHandler
                0x08004d54                I2C3_ER_IRQHandler
                0x08004d54                EXTI0_IRQHandler
                0x08004d54                I2C2_EV_IRQHandler
                0x08004d54                DMA1_Stream2_IRQHandler
                0x08004d54                FPU_IRQHandler
                0x08004d54                SPI1_IRQHandler
                0x08004d54                TIM1_BRK_TIM9_IRQHandler
                0x08004d54                DMA2_Stream3_IRQHandler
                0x08004d54                USART6_IRQHandler
                0x08004d54                TIM4_IRQHandler
                0x08004d54                I2C1_EV_IRQHandler
                0x08004d54                DMA1_Stream6_IRQHandler
                0x08004d54                DMA1_Stream1_IRQHandler
                0x08004d54                RCC_IRQHandler
                0x08004d54                Default_Handler
                0x08004d54                EXTI15_10_IRQHandler
                0x08004d54                ADC_IRQHandler
                0x08004d54                DMA1_Stream7_IRQHandler
                0x08004d54                TIM5_IRQHandler
                0x08004d54                DMA2_Stream7_IRQHandler
                0x08004d54                I2C3_EV_IRQHandler
                0x08004d54                EXTI9_5_IRQHandler
                0x08004d54                RTC_WKUP_IRQHandler
                0x08004d54                SPI2_IRQHandler
                0x08004d54                DMA1_Stream0_IRQHandler
                0x08004d54                EXTI4_IRQHandler
                0x08004d54                WWDG_IRQHandler
                0x08004d54                TIM2_IRQHandler
                0x08004d54                OTG_FS_WKUP_IRQHandler
                0x08004d54                EXTI1_IRQHandler
                0x08004d54                USART2_IRQHandler
                0x08004d54                I2C2_ER_IRQHandler
                0x08004d54                DMA2_Stream1_IRQHandler
                0x08004d54                FLASH_IRQHandler
                0x08004d54                DMA2_Stream4_IRQHandler
                0x08004d54                USART1_IRQHandler
                0x08004d54                OTG_FS_IRQHandler
                0x08004d54                SPI3_IRQHandler
                0x08004d54                DMA1_Stream4_IRQHandler
                0x08004d54                I2C1_ER_IRQHandler
                0x08004d54                DMA2_Stream6_IRQHandler
                0x08004d54                DMA1_Stream3_IRQHandler
 *fill*         0x08004d56        0x2 
 .text.HAL_Init
                0x08004d58       0x44 ./Drivers/STM32F4xx_HAL_Driver/Src/stm32f4xx_hal.o
                0x08004d58                HAL_Init
 .text.HAL_IncTick
                0x08004d9c       0x28 ./Drivers/STM32F4xx_HAL_Driver/Src/stm32f4xx_hal.o
                0x08004d9c                HAL_IncTick
 .text.HAL_GetTick
                0x08004dc4       0x18 ./Drivers/STM32F4xx_HAL_Driver/Src/stm32f4xx_hal.o
                0x08004dc4                HAL_GetTick
 .text.HAL_ADC_Init
                0x08004ddc       0x86 ./Drivers/STM32F4xx_HAL_Driver/Src/stm32f4xx_hal_adc.o
                0x08004ddc                HAL_ADC_Init
 *fill*         0x08004e62        0x2 
 .text.HAL_ADC_Start_DMA
                0x08004e64      0x1e0 ./Drivers/STM32F4xx_HAL_Driver/Src/stm32f4xx_hal_adc.o
                0x08004e64                HAL_ADC_Start_DMA
 .text.HAL_ADC_ConvCpltCallback
                0x08005044       0x14 ./Drivers/STM32F4xx_HAL_Driver/Src/stm32f4xx_hal_adc.o
                0x08005044                HAL_ADC_ConvCpltCallback
 .text.HAL_ADC_ConvHalfCpltCallback
                0x08005058       0x14 ./Drivers/STM32F4xx_HAL_Driver/Src/stm32f4xx_hal_adc.o
                0x08005058                HAL_ADC_ConvHalfCpltCallback
 .text.HAL_ADC_ErrorCallback
                0x0800506c       0x14 ./Drivers/STM32F4xx_HAL_Driver/Src/stm32f4xx_hal_adc.o
                0x0800506c                HAL_ADC_ErrorCallback
 .text.HAL_ADC_ConfigChannel
                0x08005080      0x244 ./Drivers/STM32F4xx_HAL_Driver/Src/stm32f4xx_hal_adc.o
                0x08005080                HAL_ADC_ConfigChannel
 .text.ADC_Init
                0x080052c4      0x1f8 ./Drivers/STM32F4xx_HAL_Driver/Src/stm32f4xx_hal_adc.o
 .text.ADC_DMAConvCplt
                0x080054bc       0xba ./Drivers/STM32F4xx_HAL_Driver/Src/stm32f4xx_hal_adc.o
 .text.ADC_DMAHalfConvCplt
                0x08005576       0x1c ./Drivers/STM32F4xx_HAL_Driver/Src/stm32f4xx_hal_adc.o
 .text.ADC_DMAError
                0x08005592       0x2e ./Drivers/STM32F4xx_HAL_Driver/Src/stm32f4xx_hal_adc.o
 .text.__NVIC_SetPriorityGrouping
                0x080055c0       0x48 ./Drivers/STM32F4xx_HAL_Driver/Src/stm32f4xx_hal_cortex.o
 .text.__NVIC_GetPriorityGrouping
                0x08005608       0x1c ./Drivers/STM32F4xx_HAL_Driver/Src/stm32f4xx_hal_cortex.o
 .text.__NVIC_EnableIRQ
                0x08005624       0x3c ./Drivers/STM32F4xx_HAL_Driver/Src/stm32f4xx_hal_cortex.o
 .text.__NVIC_SetPriority
                0x08005660       0x54 ./Drivers/STM32F4xx_HAL_Driver/Src/stm32f4xx_hal_cortex.o
 .text.NVIC_EncodePriority
                0x080056b4       0x66 ./Drivers/STM32F4xx_HAL_Driver/Src/stm32f4xx_hal_cortex.o
 .text.HAL_NVIC_SetPriorityGrouping
                0x0800571a       0x16 ./Drivers/STM32F4xx_HAL_Driver/Src/stm32f4xx_hal_cortex.o
                0x0800571a                HAL_NVIC_SetPriorityGrouping
 .text.HAL_NVIC_SetPriority
                0x08005730       0x38 ./Drivers/STM32F4xx_HAL_Driver/Src/stm32f4xx_hal_cortex.o
                0x08005730                HAL_NVIC_SetPriority
 .text.HAL_NVIC_EnableIRQ
                0x08005768       0x1c ./Drivers/STM32F4xx_HAL_Driver/Src/stm32f4xx_hal_cortex.o
                0x08005768                HAL_NVIC_EnableIRQ
 .text.HAL_DMA_Init
                0x08005784      0x15c ./Drivers/STM32F4xx_HAL_Driver/Src/stm32f4xx_hal_dma.o
                0x08005784                HAL_DMA_Init
 .text.HAL_DMA_Start_IT
                0x080058e0       0xb0 ./Drivers/STM32F4xx_HAL_Driver/Src/stm32f4xx_hal_dma.o
                0x080058e0                HAL_DMA_Start_IT
 .text.HAL_DMA_IRQHandler
                0x08005990      0x314 ./Drivers/STM32F4xx_HAL_Driver/Src/stm32f4xx_hal_dma.o
                0x08005990                HAL_DMA_IRQHandler
 .text.DMA_SetConfig
                0x08005ca4       0x5c ./Drivers/STM32F4xx_HAL_Driver/Src/stm32f4xx_hal_dma.o
 .text.DMA_CalcBaseAndBitshift
                0x08005d00       0x6c ./Drivers/STM32F4xx_HAL_Driver/Src/stm32f4xx_hal_dma.o
 .text.DMA_CheckFifoParam
                0x08005d6c       0xf8 ./Drivers/STM32F4xx_HAL_Driver/Src/stm32f4xx_hal_dma.o
 .text.HAL_GPIO_Init
                0x08005e64      0x308 ./Drivers/STM32F4xx_HAL_Driver/Src/stm32f4xx_hal_gpio.o
                0x08005e64                HAL_GPIO_Init
 .text.HAL_I2C_Init
                0x0800616c      0x288 ./Drivers/STM32F4xx_HAL_Driver/Src/stm32f4xx_hal_i2c.o
                0x0800616c                HAL_I2C_Init
 .text.HAL_I2C_Master_Transmit
                0x080063f4      0x1fc ./Drivers/STM32F4xx_HAL_Driver/Src/stm32f4xx_hal_i2c.o
                0x080063f4                HAL_I2C_Master_Transmit
 .text.HAL_I2C_Master_Receive
                0x080065f0      0x464 ./Drivers/STM32F4xx_HAL_Driver/Src/stm32f4xx_hal_i2c.o
                0x080065f0                HAL_I2C_Master_Receive
 .text.HAL_I2C_Mem_Write
                0x08006a54      0x1f4 ./Drivers/STM32F4xx_HAL_Driver/Src/stm32f4xx_hal_i2c.o
                0x08006a54                HAL_I2C_Mem_Write
 .text.I2C_MasterRequestWrite
                0x08006c48      0x104 ./Drivers/STM32F4xx_HAL_Driver/Src/stm32f4xx_hal_i2c.o
 .text.I2C_MasterRequestRead
                0x08006d4c      0x19c ./Drivers/STM32F4xx_HAL_Driver/Src/stm32f4xx_hal_i2c.o
 .text.I2C_RequestMemoryWrite
                0x08006ee8      0x12c ./Drivers/STM32F4xx_HAL_Driver/Src/stm32f4xx_hal_i2c.o
 .text.I2C_WaitOnFlagUntilTimeout
                0x08007014       0xf4 ./Drivers/STM32F4xx_HAL_Driver/Src/stm32f4xx_hal_i2c.o
 .text.I2C_WaitOnMasterAddressFlagUntilTimeout
                0x08007108      0x140 ./Drivers/STM32F4xx_HAL_Driver/Src/stm32f4xx_hal_i2c.o
 .text.I2C_WaitOnTXEFlagUntilTimeout
                0x08007248       0x90 ./Drivers/STM32F4xx_HAL_Driver/Src/stm32f4xx_hal_i2c.o
 .text.I2C_WaitOnBTFFlagUntilTimeout
                0x080072d8       0x90 ./Drivers/STM32F4xx_HAL_Driver/Src/stm32f4xx_hal_i2c.o
 .text.I2C_WaitOnRXNEFlagUntilTimeout
                0x08007368       0xba ./Drivers/STM32F4xx_HAL_Driver/Src/stm32f4xx_hal_i2c.o
 .text.I2C_IsAcknowledgeFailed
                0x08007422       0x5e ./Drivers/STM32F4xx_HAL_Driver/Src/stm32f4xx_hal_i2c.o
 .text.HAL_RCC_OscConfig
                0x08007480      0x4f0 ./Drivers/STM32F4xx_HAL_Driver/Src/stm32f4xx_hal_rcc.o
                0x08007480                HAL_RCC_OscConfig
 .text.HAL_RCC_ClockConfig
                0x08007970      0x1cc ./Drivers/STM32F4xx_HAL_Driver/Src/stm32f4xx_hal_rcc.o
                0x08007970                HAL_RCC_ClockConfig
 .text.HAL_RCC_GetSysClockFreq
                0x08007b3c      0x18c ./Drivers/STM32F4xx_HAL_Driver/Src/stm32f4xx_hal_rcc.o
                0x08007b3c                HAL_RCC_GetSysClockFreq
 .text.HAL_RCC_GetHCLKFreq
                0x08007cc8       0x18 ./Drivers/STM32F4xx_HAL_Driver/Src/stm32f4xx_hal_rcc.o
                0x08007cc8                HAL_RCC_GetHCLKFreq
 .text.HAL_RCC_GetPCLK1Freq
                0x08007ce0       0x28 ./Drivers/STM32F4xx_HAL_Driver/Src/stm32f4xx_hal_rcc.o
                0x08007ce0                HAL_RCC_GetPCLK1Freq
 .text.HAL_RCC_GetPCLK2Freq
                0x08007d08       0x28 ./Drivers/STM32F4xx_HAL_Driver/Src/stm32f4xx_hal_rcc.o
                0x08007d08                HAL_RCC_GetPCLK2Freq
 .text.HAL_RCC_GetClockConfig
                0x08007d30       0x64 ./Drivers/STM32F4xx_HAL_Driver/Src/stm32f4xx_hal_rcc.o
                0x08007d30                HAL_RCC_GetClockConfig
 .text.HAL_TIM_Base_Init
                0x08007d94       0x9e ./Drivers/STM32F4xx_HAL_Driver/Src/stm32f4xx_hal_tim.o
                0x08007d94                HAL_TIM_Base_Init
 *fill*         0x08007e32        0x2 
 .text.HAL_TIM_Base_Start_IT
                0x08007e34       0xc4 ./Drivers/STM32F4xx_HAL_Driver/Src/stm32f4xx_hal_tim.o
                0x08007e34                HAL_TIM_Base_Start_IT
 .text.HAL_TIM_PWM_Init
                0x08007ef8       0x9e ./Drivers/STM32F4xx_HAL_Driver/Src/stm32f4xx_hal_tim.o
                0x08007ef8                HAL_TIM_PWM_Init
 *fill*         0x08007f96        0x2 
 .text.HAL_TIM_PWM_Start
                0x08007f98      0x160 ./Drivers/STM32F4xx_HAL_Driver/Src/stm32f4xx_hal_tim.o
                0x08007f98                HAL_TIM_PWM_Start
 .text.HAL_TIM_IC_Init
                0x080080f8       0x9e ./Drivers/STM32F4xx_HAL_Driver/Src/stm32f4xx_hal_tim.o
                0x080080f8                HAL_TIM_IC_Init
 .text.HAL_TIM_IC_MspInit
                0x08008196       0x14 ./Drivers/STM32F4xx_HAL_Driver/Src/stm32f4xx_hal_tim.o
                0x08008196                HAL_TIM_IC_MspInit
 *fill*         0x080081aa        0x2 
 .text.HAL_TIM_IC_Start_IT
                0x080081ac      0x234 ./Drivers/STM32F4xx_HAL_Driver/Src/stm32f4xx_hal_tim.o
                0x080081ac                HAL_TIM_IC_Start_IT
 .text.HAL_TIM_IRQHandler
                0x080083e0      0x1e0 ./Drivers/STM32F4xx_HAL_Driver/Src/stm32f4xx_hal_tim.o
                0x080083e0                HAL_TIM_IRQHandler
 .text.HAL_TIM_IC_ConfigChannel
                0x080085c0      0x138 ./Drivers/STM32F4xx_HAL_Driver/Src/stm32f4xx_hal_tim.o
                0x080085c0                HAL_TIM_IC_ConfigChannel
 .text.HAL_TIM_PWM_ConfigChannel
                0x080086f8      0x184 ./Drivers/STM32F4xx_HAL_Driver/Src/stm32f4xx_hal_tim.o
                0x080086f8                HAL_TIM_PWM_ConfigChannel
 .text.HAL_TIM_ConfigClockSource
                0x0800887c      0x18e ./Drivers/STM32F4xx_HAL_Driver/Src/stm32f4xx_hal_tim.o
                0x0800887c                HAL_TIM_ConfigClockSource
 *fill*         0x08008a0a        0x2 
 .text.HAL_TIM_ReadCapturedValue
                0x08008a0c       0x88 ./Drivers/STM32F4xx_HAL_Driver/Src/stm32f4xx_hal_tim.o
                0x08008a0c                HAL_TIM_ReadCapturedValue
 .text.HAL_TIM_OC_DelayElapsedCallback
                0x08008a94       0x14 ./Drivers/STM32F4xx_HAL_Driver/Src/stm32f4xx_hal_tim.o
                0x08008a94                HAL_TIM_OC_DelayElapsedCallback
 .text.HAL_TIM_PWM_PulseFinishedCallback
                0x08008aa8       0x14 ./Drivers/STM32F4xx_HAL_Driver/Src/stm32f4xx_hal_tim.o
                0x08008aa8                HAL_TIM_PWM_PulseFinishedCallback
 .text.HAL_TIM_TriggerCallback
                0x08008abc       0x14 ./Drivers/STM32F4xx_HAL_Driver/Src/stm32f4xx_hal_tim.o
                0x08008abc                HAL_TIM_TriggerCallback
 .text.TIM_Base_SetConfig
                0x08008ad0      0x118 ./Drivers/STM32F4xx_HAL_Driver/Src/stm32f4xx_hal_tim.o
                0x08008ad0                TIM_Base_SetConfig
 .text.TIM_OC1_SetConfig
                0x08008be8       0xcc ./Drivers/STM32F4xx_HAL_Driver/Src/stm32f4xx_hal_tim.o
 .text.TIM_OC2_SetConfig
                0x08008cb4       0xd8 ./Drivers/STM32F4xx_HAL_Driver/Src/stm32f4xx_hal_tim.o
                0x08008cb4                TIM_OC2_SetConfig
 .text.TIM_OC3_SetConfig
                0x08008d8c       0xd4 ./Drivers/STM32F4xx_HAL_Driver/Src/stm32f4xx_hal_tim.o
 .text.TIM_OC4_SetConfig
                0x08008e60       0xa0 ./Drivers/STM32F4xx_HAL_Driver/Src/stm32f4xx_hal_tim.o
 .text.TIM_TI1_SetConfig
                0x08008f00       0xd0 ./Drivers/STM32F4xx_HAL_Driver/Src/stm32f4xx_hal_tim.o
                0x08008f00                TIM_TI1_SetConfig
 .text.TIM_TI1_ConfigInputStage
                0x08008fd0       0x5e ./Drivers/STM32F4xx_HAL_Driver/Src/stm32f4xx_hal_tim.o
 .text.TIM_TI2_SetConfig
                0x0800902e       0x7a ./Drivers/STM32F4xx_HAL_Driver/Src/stm32f4xx_hal_tim.o
 .text.TIM_TI2_ConfigInputStage
                0x080090a8       0x60 ./Drivers/STM32F4xx_HAL_Driver/Src/stm32f4xx_hal_tim.o
 .text.TIM_TI3_SetConfig
                0x08009108       0x78 ./Drivers/STM32F4xx_HAL_Driver/Src/stm32f4xx_hal_tim.o
 .text.TIM_TI4_SetConfig
                0x08009180       0x7a ./Drivers/STM32F4xx_HAL_Driver/Src/stm32f4xx_hal_tim.o
 .text.TIM_ITRx_SetConfig
                0x080091fa       0x36 ./Drivers/STM32F4xx_HAL_Driver/Src/stm32f4xx_hal_tim.o
 .text.TIM_ETR_SetConfig
                0x08009230       0x40 ./Drivers/STM32F4xx_HAL_Driver/Src/stm32f4xx_hal_tim.o
                0x08009230                TIM_ETR_SetConfig
 .text.TIM_CCxChannelCmd
                0x08009270       0x4a ./Drivers/STM32F4xx_HAL_Driver/Src/stm32f4xx_hal_tim.o
                0x08009270                TIM_CCxChannelCmd
 *fill*         0x080092ba        0x2 
 .text.HAL_TIMEx_MasterConfigSynchronization
                0x080092bc       0xdc ./Drivers/STM32F4xx_HAL_Driver/Src/stm32f4xx_hal_tim_ex.o
                0x080092bc                HAL_TIMEx_MasterConfigSynchronization
 .text.HAL_TIMEx_CommutCallback
                0x08009398       0x14 ./Drivers/STM32F4xx_HAL_Driver/Src/stm32f4xx_hal_tim_ex.o
                0x08009398                HAL_TIMEx_CommutCallback
 .text.HAL_TIMEx_BreakCallback
                0x080093ac       0x14 ./Drivers/STM32F4xx_HAL_Driver/Src/stm32f4xx_hal_tim_ex.o
                0x080093ac                HAL_TIMEx_BreakCallback
 .text.HAL_UART_Init
                0x080093c0       0xa0 ./Drivers/STM32F4xx_HAL_Driver/Src/stm32f4xx_hal_uart.o
                0x080093c0                HAL_UART_Init
 .text.HAL_UART_Transmit
                0x08009460      0x116 ./Drivers/STM32F4xx_HAL_Driver/Src/stm32f4xx_hal_uart.o
                0x08009460                HAL_UART_Transmit
 .text.HAL_UART_Receive_DMA
                0x08009576       0x4a ./Drivers/STM32F4xx_HAL_Driver/Src/stm32f4xx_hal_uart.o
                0x08009576                HAL_UART_Receive_DMA
 .text.HAL_UART_RxCpltCallback
                0x080095c0       0x14 ./Drivers/STM32F4xx_HAL_Driver/Src/stm32f4xx_hal_uart.o
                0x080095c0                HAL_UART_RxCpltCallback
 .text.HAL_UART_RxHalfCpltCallback
                0x080095d4       0x14 ./Drivers/STM32F4xx_HAL_Driver/Src/stm32f4xx_hal_uart.o
                0x080095d4                HAL_UART_RxHalfCpltCallback
 .text.HAL_UART_ErrorCallback
                0x080095e8       0x14 ./Drivers/STM32F4xx_HAL_Driver/Src/stm32f4xx_hal_uart.o
                0x080095e8                HAL_UART_ErrorCallback
 .text.HAL_UARTEx_RxEventCallback
                0x080095fc       0x18 ./Drivers/STM32F4xx_HAL_Driver/Src/stm32f4xx_hal_uart.o
                0x080095fc                HAL_UARTEx_RxEventCallback
 .text.UART_DMAReceiveCplt
                0x08009614      0x12c ./Drivers/STM32F4xx_HAL_Driver/Src/stm32f4xx_hal_uart.o
 .text.UART_DMARxHalfCplt
                0x08009740       0x3c ./Drivers/STM32F4xx_HAL_Driver/Src/stm32f4xx_hal_uart.o
 .text.UART_DMAError
                0x0800977c       0x94 ./Drivers/STM32F4xx_HAL_Driver/Src/stm32f4xx_hal_uart.o
 .text.UART_WaitOnFlagUntilTimeout
                0x08009810       0xb2 ./Drivers/STM32F4xx_HAL_Driver/Src/stm32f4xx_hal_uart.o
 *fill*         0x080098c2        0x2 
 .text.UART_Start_Receive_DMA
                0x080098c4      0x134 ./Drivers/STM32F4xx_HAL_Driver/Src/stm32f4xx_hal_uart.o
                0x080098c4                UART_Start_Receive_DMA
 .text.UART_EndTxTransfer
                0x080099f8       0x50 ./Drivers/STM32F4xx_HAL_Driver/Src/stm32f4xx_hal_uart.o
 .text.UART_EndRxTransfer
                0x08009a48       0xc6 ./Drivers/STM32F4xx_HAL_Driver/Src/stm32f4xx_hal_uart.o
 *fill*         0x08009b0e        0x2 
 .text.UART_SetConfig
                0x08009b10      0x4e8 ./Drivers/STM32F4xx_HAL_Driver/Src/stm32f4xx_hal_uart.o
 .text.__NVIC_SetPriority
                0x08009ff8       0x54 ./Middlewares/Third_Party/FreeRTOS/Source/CMSIS_RTOS_V2/cmsis_os2.o
 .text.SysTick_Handler
                0x0800a04c       0x20 ./Middlewares/Third_Party/FreeRTOS/Source/CMSIS_RTOS_V2/cmsis_os2.o
                0x0800a04c                SysTick_Handler
 .text.SVC_Setup
                0x0800a06c       0x12 ./Middlewares/Third_Party/FreeRTOS/Source/CMSIS_RTOS_V2/cmsis_os2.o
 *fill*         0x0800a07e        0x2 
 .text.osKernelInitialize
                0x0800a080       0x48 ./Middlewares/Third_Party/FreeRTOS/Source/CMSIS_RTOS_V2/cmsis_os2.o
                0x0800a080                osKernelInitialize
 .text.osKernelStart
                0x0800a0c8       0x4c ./Middlewares/Third_Party/FreeRTOS/Source/CMSIS_RTOS_V2/cmsis_os2.o
                0x0800a0c8                osKernelStart
 .text.osThreadNew
                0x0800a114      0x124 ./Middlewares/Third_Party/FreeRTOS/Source/CMSIS_RTOS_V2/cmsis_os2.o
                0x0800a114                osThreadNew
 .text.osDelay  0x0800a238       0x36 ./Middlewares/Third_Party/FreeRTOS/Source/CMSIS_RTOS_V2/cmsis_os2.o
                0x0800a238                osDelay
 .text.osMessageQueueNew
                0x0800a26e       0xe6 ./Middlewares/Third_Party/FreeRTOS/Source/CMSIS_RTOS_V2/cmsis_os2.o
                0x0800a26e                osMessageQueueNew
 .text.osMessageQueuePut
                0x0800a354       0xc0 ./Middlewares/Third_Party/FreeRTOS/Source/CMSIS_RTOS_V2/cmsis_os2.o
                0x0800a354                osMessageQueuePut
 .text.osMessageQueueGet
                0x0800a414       0xbc ./Middlewares/Third_Party/FreeRTOS/Source/CMSIS_RTOS_V2/cmsis_os2.o
                0x0800a414                osMessageQueueGet
 .text.osMessageQueueGetCount
                0x0800a4d0       0x40 ./Middlewares/Third_Party/FreeRTOS/Source/CMSIS_RTOS_V2/cmsis_os2.o
                0x0800a4d0                osMessageQueueGetCount
 .text.vApplicationGetIdleTaskMemory
                0x0800a510       0x34 ./Middlewares/Third_Party/FreeRTOS/Source/CMSIS_RTOS_V2/cmsis_os2.o
                0x0800a510                vApplicationGetIdleTaskMemory
 .text.vApplicationGetTimerTaskMemory
                0x0800a544       0x34 ./Middlewares/Third_Party/FreeRTOS/Source/CMSIS_RTOS_V2/cmsis_os2.o
                0x0800a544                vApplicationGetTimerTaskMemory
 .text.vListInitialise
                0x0800a578       0x40 ./Middlewares/Third_Party/FreeRTOS/Source/list.o
                0x0800a578                vListInitialise
 .text.vListInitialiseItem
                0x0800a5b8       0x1a ./Middlewares/Third_Party/FreeRTOS/Source/list.o
                0x0800a5b8                vListInitialiseItem
 .text.vListInsertEnd
                0x0800a5d2       0x48 ./Middlewares/Third_Party/FreeRTOS/Source/list.o
                0x0800a5d2                vListInsertEnd
 .text.vListInsert
                0x0800a61a       0x72 ./Middlewares/Third_Party/FreeRTOS/Source/list.o
                0x0800a61a                vListInsert
 .text.uxListRemove
                0x0800a68c       0x54 ./Middlewares/Third_Party/FreeRTOS/Source/list.o
                0x0800a68c                uxListRemove
 .text.xQueueGenericReset
                0x0800a6e0       0xd4 ./Middlewares/Third_Party/FreeRTOS/Source/queue.o
                0x0800a6e0                xQueueGenericReset
 .text.xQueueGenericCreateStatic
                0x0800a7b4       0xfa ./Middlewares/Third_Party/FreeRTOS/Source/queue.o
                0x0800a7b4                xQueueGenericCreateStatic
 .text.xQueueGenericCreate
                0x0800a8ae       0x76 ./Middlewares/Third_Party/FreeRTOS/Source/queue.o
                0x0800a8ae                xQueueGenericCreate
 .text.prvInitialiseNewQueue
                0x0800a924       0x46 ./Middlewares/Third_Party/FreeRTOS/Source/queue.o
 *fill*         0x0800a96a        0x2 
 .text.xQueueGenericSend
                0x0800a96c      0x204 ./Middlewares/Third_Party/FreeRTOS/Source/queue.o
                0x0800a96c                xQueueGenericSend
 .text.xQueueGenericSendFromISR
                0x0800ab70      0x13c ./Middlewares/Third_Party/FreeRTOS/Source/queue.o
                0x0800ab70                xQueueGenericSendFromISR
 .text.xQueueReceive
                0x0800acac      0x1c4 ./Middlewares/Third_Party/FreeRTOS/Source/queue.o
                0x0800acac                xQueueReceive
 .text.xQueueReceiveFromISR
                0x0800ae70      0x104 ./Middlewares/Third_Party/FreeRTOS/Source/queue.o
                0x0800ae70                xQueueReceiveFromISR
 .text.uxQueueMessagesWaiting
                0x0800af74       0x3e ./Middlewares/Third_Party/FreeRTOS/Source/queue.o
                0x0800af74                uxQueueMessagesWaiting
 .text.uxQueueMessagesWaitingFromISR
                0x0800afb2       0x3e ./Middlewares/Third_Party/FreeRTOS/Source/queue.o
                0x0800afb2                uxQueueMessagesWaitingFromISR
 .text.prvCopyDataToQueue
                0x0800aff0       0xd4 ./Middlewares/Third_Party/FreeRTOS/Source/queue.o
 .text.prvCopyDataFromQueue
                0x0800b0c4       0x4c ./Middlewares/Third_Party/FreeRTOS/Source/queue.o
 .text.prvUnlockQueue
                0x0800b110       0xa4 ./Middlewares/Third_Party/FreeRTOS/Source/queue.o
 .text.prvIsQueueEmpty
                0x0800b1b4       0x2c ./Middlewares/Third_Party/FreeRTOS/Source/queue.o
 .text.prvIsQueueFull
                0x0800b1e0       0x30 ./Middlewares/Third_Party/FreeRTOS/Source/queue.o
 .text.vQueueAddToRegistry
                0x0800b210       0x54 ./Middlewares/Third_Party/FreeRTOS/Source/queue.o
                0x0800b210                vQueueAddToRegistry
 .text.vQueueWaitForMessageRestricted
                0x0800b264       0x68 ./Middlewares/Third_Party/FreeRTOS/Source/queue.o
                0x0800b264                vQueueWaitForMessageRestricted
 .text.xTaskCreateStatic
                0x0800b2cc       0xc0 ./Middlewares/Third_Party/FreeRTOS/Source/tasks.o
                0x0800b2cc                xTaskCreateStatic
 .text.xTaskCreate
                0x0800b38c       0x8a ./Middlewares/Third_Party/FreeRTOS/Source/tasks.o
                0x0800b38c                xTaskCreate
 *fill*         0x0800b416        0x2 
 .text.prvInitialiseNewTask
                0x0800b418      0x15c ./Middlewares/Third_Party/FreeRTOS/Source/tasks.o
 .text.prvAddNewTaskToReadyList
                0x0800b574       0xe0 ./Middlewares/Third_Party/FreeRTOS/Source/tasks.o
 .text.vTaskDelay
                0x0800b654       0x6c ./Middlewares/Third_Party/FreeRTOS/Source/tasks.o
                0x0800b654                vTaskDelay
 .text.vTaskStartScheduler
                0x0800b6c0       0xe4 ./Middlewares/Third_Party/FreeRTOS/Source/tasks.o
                0x0800b6c0                vTaskStartScheduler
 .text.vTaskSuspendAll
                0x0800b7a4       0x1c ./Middlewares/Third_Party/FreeRTOS/Source/tasks.o
                0x0800b7a4                vTaskSuspendAll
 .text.prvGetExpectedIdleTime
                0x0800b7c0       0x70 ./Middlewares/Third_Party/FreeRTOS/Source/tasks.o
 .text.xTaskResumeAll
                0x0800b830      0x13c ./Middlewares/Third_Party/FreeRTOS/Source/tasks.o
                0x0800b830                xTaskResumeAll
 .text.xTaskGetTickCount
                0x0800b96c       0x20 ./Middlewares/Third_Party/FreeRTOS/Source/tasks.o
                0x0800b96c                xTaskGetTickCount
 .text.vTaskStepTick
                0x0800b98c       0x50 ./Middlewares/Third_Party/FreeRTOS/Source/tasks.o
                0x0800b98c                vTaskStepTick
 .text.xTaskIncrementTick
                0x0800b9dc      0x174 ./Middlewares/Third_Party/FreeRTOS/Source/tasks.o
                0x0800b9dc                xTaskIncrementTick
 .text.vTaskSwitchContext
                0x0800bb50      0x100 ./Middlewares/Third_Party/FreeRTOS/Source/tasks.o
                0x0800bb50                vTaskSwitchContext
 .text.vTaskPlaceOnEventList
                0x0800bc50       0x4c ./Middlewares/Third_Party/FreeRTOS/Source/tasks.o
                0x0800bc50                vTaskPlaceOnEventList
 .text.vTaskPlaceOnEventListRestricted
                0x0800bc9c       0x58 ./Middlewares/Third_Party/FreeRTOS/Source/tasks.o
                0x0800bc9c                vTaskPlaceOnEventListRestricted
 .text.xTaskRemoveFromEventList
                0x0800bcf4       0xcc ./Middlewares/Third_Party/FreeRTOS/Source/tasks.o
                0x0800bcf4                xTaskRemoveFromEventList
 .text.vTaskInternalSetTimeOutState
                0x0800bdc0       0x2c ./Middlewares/Third_Party/FreeRTOS/Source/tasks.o
                0x0800bdc0                vTaskInternalSetTimeOutState
 .text.xTaskCheckForTimeOut
                0x0800bdec       0xc8 ./Middlewares/Third_Party/FreeRTOS/Source/tasks.o
                0x0800bdec                xTaskCheckForTimeOut
 .text.vTaskMissedYield
                0x0800beb4       0x18 ./Middlewares/Third_Party/FreeRTOS/Source/tasks.o
                0x0800beb4                vTaskMissedYield
 .text.prvIdleTask
                0x0800becc       0x80 ./Middlewares/Third_Party/FreeRTOS/Source/tasks.o
 .text.eTaskConfirmSleepModeStatus
                0x0800bf4c       0x5c ./Middlewares/Third_Party/FreeRTOS/Source/tasks.o
                0x0800bf4c                eTaskConfirmSleepModeStatus
 .text.prvInitialiseTaskLists
                0x0800bfa8       0x80 ./Middlewares/Third_Party/FreeRTOS/Source/tasks.o
 .text.prvCheckTasksWaitingTermination
                0x0800c028       0x5c ./Middlewares/Third_Party/FreeRTOS/Source/tasks.o
 .text.prvDeleteTCB
                0x0800c084       0x6a ./Middlewares/Third_Party/FreeRTOS/Source/tasks.o
 *fill*         0x0800c0ee        0x2 
 .text.prvResetNextTaskUnblockTime
                0x0800c0f0       0x40 ./Middlewares/Third_Party/FreeRTOS/Source/tasks.o
 .text.xTaskGetSchedulerState
                0x0800c130       0x3c ./Middlewares/Third_Party/FreeRTOS/Source/tasks.o
                0x0800c130                xTaskGetSchedulerState
 .text.xTaskPriorityDisinherit
                0x0800c16c       0xe0 ./Middlewares/Third_Party/FreeRTOS/Source/tasks.o
                0x0800c16c                xTaskPriorityDisinherit
 .text.prvAddCurrentTaskToDelayedList
                0x0800c24c       0xa8 ./Middlewares/Third_Party/FreeRTOS/Source/tasks.o
 .text.xTimerCreateTimerTask
                0x0800c2f4       0x94 ./Middlewares/Third_Party/FreeRTOS/Source/timers.o
                0x0800c2f4                xTimerCreateTimerTask
 .text.xTimerGenericCommand
                0x0800c388       0x9c ./Middlewares/Third_Party/FreeRTOS/Source/timers.o
                0x0800c388                xTimerGenericCommand
 .text.prvProcessExpiredTimer
                0x0800c424       0x9c ./Middlewares/Third_Party/FreeRTOS/Source/timers.o
 .text.prvTimerTask
                0x0800c4c0       0x26 ./Middlewares/Third_Party/FreeRTOS/Source/timers.o
 *fill*         0x0800c4e6        0x2 
 .text.prvProcessTimerOrBlockTask
                0x0800c4e8       0x9c ./Middlewares/Third_Party/FreeRTOS/Source/timers.o
 .text.prvGetNextExpireTime
                0x0800c584       0x48 ./Middlewares/Third_Party/FreeRTOS/Source/timers.o
 .text.prvSampleTimeNow
                0x0800c5cc       0x40 ./Middlewares/Third_Party/FreeRTOS/Source/timers.o
 .text.prvInsertTimerInActiveList
                0x0800c60c       0x84 ./Middlewares/Third_Party/FreeRTOS/Source/timers.o
 .text.prvProcessReceivedCommands
                0x0800c690      0x1cc ./Middlewares/Third_Party/FreeRTOS/Source/timers.o
 .text.prvSwitchTimerLists
                0x0800c85c       0xcc ./Middlewares/Third_Party/FreeRTOS/Source/timers.o
 .text.prvCheckForValidListAndQueue
                0x0800c928       0x80 ./Middlewares/Third_Party/FreeRTOS/Source/timers.o
 .text.pxPortInitialiseStack
                0x0800c9a8       0x68 ./Middlewares/Third_Party/FreeRTOS/Source/portable/GCC/ARM_CM4F/port.o
                0x0800c9a8                pxPortInitialiseStack
 .text.prvTaskExitError
                0x0800ca10       0x5c ./Middlewares/Third_Party/FreeRTOS/Source/portable/GCC/ARM_CM4F/port.o
 *fill*         0x0800ca6c        0x4 
 .text.SVC_Handler
                0x0800ca70       0x28 ./Middlewares/Third_Party/FreeRTOS/Source/portable/GCC/ARM_CM4F/port.o
                0x0800ca70                SVC_Handler
 .text.prvPortStartFirstTask
                0x0800ca98       0x28 ./Middlewares/Third_Party/FreeRTOS/Source/portable/GCC/ARM_CM4F/port.o
 .text.xPortStartScheduler
                0x0800cac0      0x148 ./Middlewares/Third_Party/FreeRTOS/Source/portable/GCC/ARM_CM4F/port.o
                0x0800cac0                xPortStartScheduler
 .text.vPortEnterCritical
                0x0800cc08       0x64 ./Middlewares/Third_Party/FreeRTOS/Source/portable/GCC/ARM_CM4F/port.o
                0x0800cc08                vPortEnterCritical
 .text.vPortExitCritical
                0x0800cc6c       0x54 ./Middlewares/Third_Party/FreeRTOS/Source/portable/GCC/ARM_CM4F/port.o
                0x0800cc6c                vPortExitCritical
 .text.PendSV_Handler
                0x0800ccc0       0x68 ./Middlewares/Third_Party/FreeRTOS/Source/portable/GCC/ARM_CM4F/port.o
                0x0800ccc0                PendSV_Handler
 .text.xPortSysTickHandler
                0x0800cd28       0x44 ./Middlewares/Third_Party/FreeRTOS/Source/portable/GCC/ARM_CM4F/port.o
                0x0800cd28                xPortSysTickHandler
 .text.vPortSuppressTicksAndSleep
                0x0800cd6c      0x198 ./Middlewares/Third_Party/FreeRTOS/Source/portable/GCC/ARM_CM4F/port.o
                0x0800cd6c                vPortSuppressTicksAndSleep
 .text.vPortSetupTimerInterrupt
                0x0800cf04       0x78 ./Middlewares/Third_Party/FreeRTOS/Source/portable/GCC/ARM_CM4F/port.o
                0x0800cf04                vPortSetupTimerInterrupt
 .text.vPortEnableVFP
                0x0800cf7c       0x14 ./Middlewares/Third_Party/FreeRTOS/Source/portable/GCC/ARM_CM4F/port.o
 .text.vPortValidateInterruptPriority
                0x0800cf90       0x84 ./Middlewares/Third_Party/FreeRTOS/Source/portable/GCC/ARM_CM4F/port.o
                0x0800cf90                vPortValidateInterruptPriority
 .text.pvPortMalloc
                0x0800d014      0x19c ./Middlewares/Third_Party/FreeRTOS/Source/portable/MemMang/heap_4.o
                0x0800d014                pvPortMalloc
 .text.vPortFree
                0x0800d1b0       0xc8 ./Middlewares/Third_Party/FreeRTOS/Source/portable/MemMang/heap_4.o
                0x0800d1b0                vPortFree
 .text.prvHeapInit
                0x0800d278       0xc4 ./Middlewares/Third_Party/FreeRTOS/Source/portable/MemMang/heap_4.o
 .text.prvInsertBlockIntoFreeList
                0x0800d33c       0xb4 ./Middlewares/Third_Party/FreeRTOS/Source/portable/MemMang/heap_4.o
 .text.atof     0x0800d3f0        0x6 C:/ST/STM32CubeIDE_1.18.0/STM32CubeIDE/plugins/com.st.stm32cube.ide.mcu.externaltools.gnu-tools-for-stm32.13.3.rel1.win32_1.0.0.202411081344/tools/bin/../lib/gcc/arm-none-eabi/13.3.1/../../../../arm-none-eabi/lib/thumb/v7e-m+fp/hard\libc_nano.a(libc_a-atof.o)
                0x0800d3f0                atof
 .text.sulp     0x0800d3f6       0x3c C:/ST/STM32CubeIDE_1.18.0/STM32CubeIDE/plugins/com.st.stm32cube.ide.mcu.externaltools.gnu-tools-for-stm32.13.3.rel1.win32_1.0.0.202411081344/tools/bin/../lib/gcc/arm-none-eabi/13.3.1/../../../../arm-none-eabi/lib/thumb/v7e-m+fp/hard\libc_nano.a(libc_a-strtod.o)
 *fill*         0x0800d432        0x6 
 .text._strtod_l
                0x0800d438      0xbc8 C:/ST/STM32CubeIDE_1.18.0/STM32CubeIDE/plugins/com.st.stm32cube.ide.mcu.externaltools.gnu-tools-for-stm32.13.3.rel1.win32_1.0.0.202411081344/tools/bin/../lib/gcc/arm-none-eabi/13.3.1/../../../../arm-none-eabi/lib/thumb/v7e-m+fp/hard\libc_nano.a(libc_a-strtod.o)
                0x0800d438                _strtod_l
 .text._strtod_r
                0x0800e000        0xc C:/ST/STM32CubeIDE_1.18.0/STM32CubeIDE/plugins/com.st.stm32cube.ide.mcu.externaltools.gnu-tools-for-stm32.13.3.rel1.win32_1.0.0.202411081344/tools/bin/../lib/gcc/arm-none-eabi/13.3.1/../../../../arm-none-eabi/lib/thumb/v7e-m+fp/hard\libc_nano.a(libc_a-strtod.o)
                0x0800e000                _strtod_r
 .text.strtod   0x0800e00c       0x18 C:/ST/STM32CubeIDE_1.18.0/STM32CubeIDE/plugins/com.st.stm32cube.ide.mcu.externaltools.gnu-tools-for-stm32.13.3.rel1.win32_1.0.0.202411081344/tools/bin/../lib/gcc/arm-none-eabi/13.3.1/../../../../arm-none-eabi/lib/thumb/v7e-m+fp/hard\libc_nano.a(libc_a-strtod.o)
                0x0800e00c                strtod
 .text.__cvt    0x0800e024       0xca C:/ST/STM32CubeIDE_1.18.0/STM32CubeIDE/plugins/com.st.stm32cube.ide.mcu.externaltools.gnu-tools-for-stm32.13.3.rel1.win32_1.0.0.202411081344/tools/bin/../lib/gcc/arm-none-eabi/13.3.1/../../../../arm-none-eabi/lib/thumb/v7e-m+fp/hard\libc_nano.a(libc_a-nano-vfprintf_float.o)
                0x0800e024                __cvt
 .text.__exponent
                0x0800e0ee       0x74 C:/ST/STM32CubeIDE_1.18.0/STM32CubeIDE/plugins/com.st.stm32cube.ide.mcu.externaltools.gnu-tools-for-stm32.13.3.rel1.win32_1.0.0.202411081344/tools/bin/../lib/gcc/arm-none-eabi/13.3.1/../../../../arm-none-eabi/lib/thumb/v7e-m+fp/hard\libc_nano.a(libc_a-nano-vfprintf_float.o)
                0x0800e0ee                __exponent
 *fill*         0x0800e162        0x2 
 .text._printf_float
                0x0800e164      0x454 C:/ST/STM32CubeIDE_1.18.0/STM32CubeIDE/plugins/com.st.stm32cube.ide.mcu.externaltools.gnu-tools-for-stm32.13.3.rel1.win32_1.0.0.202411081344/tools/bin/../lib/gcc/arm-none-eabi/13.3.1/../../../../arm-none-eabi/lib/thumb/v7e-m+fp/hard\libc_nano.a(libc_a-nano-vfprintf_float.o)
                0x0800e164                _printf_float
 .text._printf_common
                0x0800e5b8       0xda C:/ST/STM32CubeIDE_1.18.0/STM32CubeIDE/plugins/com.st.stm32cube.ide.mcu.externaltools.gnu-tools-for-stm32.13.3.rel1.win32_1.0.0.202411081344/tools/bin/../lib/gcc/arm-none-eabi/13.3.1/../../../../arm-none-eabi/lib/thumb/v7e-m+fp/hard\libc_nano.a(libc_a-nano-vfprintf_i.o)
                0x0800e5b8                _printf_common
 *fill*         0x0800e692        0x2 
 .text._printf_i
                0x0800e694      0x23c C:/ST/STM32CubeIDE_1.18.0/STM32CubeIDE/plugins/com.st.stm32cube.ide.mcu.externaltools.gnu-tools-for-stm32.13.3.rel1.win32_1.0.0.202411081344/tools/bin/../lib/gcc/arm-none-eabi/13.3.1/../../../../arm-none-eabi/lib/thumb/v7e-m+fp/hard\libc_nano.a(libc_a-nano-vfprintf_i.o)
                0x0800e694                _printf_i
 .text._scanf_float
                0x0800e8d0      0x41c C:/ST/STM32CubeIDE_1.18.0/STM32CubeIDE/plugins/com.st.stm32cube.ide.mcu.externaltools.gnu-tools-for-stm32.13.3.rel1.win32_1.0.0.202411081344/tools/bin/../lib/gcc/arm-none-eabi/13.3.1/../../../../arm-none-eabi/lib/thumb/v7e-m+fp/hard\libc_nano.a(libc_a-nano-vfscanf_float.o)
                0x0800e8d0                _scanf_float
 .text.std      0x0800ecec       0x6c C:/ST/STM32CubeIDE_1.18.0/STM32CubeIDE/plugins/com.st.stm32cube.ide.mcu.externaltools.gnu-tools-for-stm32.13.3.rel1.win32_1.0.0.202411081344/tools/bin/../lib/gcc/arm-none-eabi/13.3.1/../../../../arm-none-eabi/lib/thumb/v7e-m+fp/hard\libc_nano.a(libc_a-findfp.o)
 .text.stdio_exit_handler
                0x0800ed58       0x18 C:/ST/STM32CubeIDE_1.18.0/STM32CubeIDE/plugins/com.st.stm32cube.ide.mcu.externaltools.gnu-tools-for-stm32.13.3.rel1.win32_1.0.0.202411081344/tools/bin/../lib/gcc/arm-none-eabi/13.3.1/../../../../arm-none-eabi/lib/thumb/v7e-m+fp/hard\libc_nano.a(libc_a-findfp.o)
 .text.cleanup_stdio
                0x0800ed70       0x40 C:/ST/STM32CubeIDE_1.18.0/STM32CubeIDE/plugins/com.st.stm32cube.ide.mcu.externaltools.gnu-tools-for-stm32.13.3.rel1.win32_1.0.0.202411081344/tools/bin/../lib/gcc/arm-none-eabi/13.3.1/../../../../arm-none-eabi/lib/thumb/v7e-m+fp/hard\libc_nano.a(libc_a-findfp.o)
 .text.global_stdio_init.part.0
                0x0800edb0       0x3c C:/ST/STM32CubeIDE_1.18.0/STM32CubeIDE/plugins/com.st.stm32cube.ide.mcu.externaltools.gnu-tools-for-stm32.13.3.rel1.win32_1.0.0.202411081344/tools/bin/../lib/gcc/arm-none-eabi/13.3.1/../../../../arm-none-eabi/lib/thumb/v7e-m+fp/hard\libc_nano.a(libc_a-findfp.o)
 .text.__sfp_lock_acquire
                0x0800edec        0xc C:/ST/STM32CubeIDE_1.18.0/STM32CubeIDE/plugins/com.st.stm32cube.ide.mcu.externaltools.gnu-tools-for-stm32.13.3.rel1.win32_1.0.0.202411081344/tools/bin/../lib/gcc/arm-none-eabi/13.3.1/../../../../arm-none-eabi/lib/thumb/v7e-m+fp/hard\libc_nano.a(libc_a-findfp.o)
                0x0800edec                __sfp_lock_acquire
 .text.__sfp_lock_release
                0x0800edf8        0xc C:/ST/STM32CubeIDE_1.18.0/STM32CubeIDE/plugins/com.st.stm32cube.ide.mcu.externaltools.gnu-tools-for-stm32.13.3.rel1.win32_1.0.0.202411081344/tools/bin/../lib/gcc/arm-none-eabi/13.3.1/../../../../arm-none-eabi/lib/thumb/v7e-m+fp/hard\libc_nano.a(libc_a-findfp.o)
                0x0800edf8                __sfp_lock_release
 .text.__sinit  0x0800ee04       0x30 C:/ST/STM32CubeIDE_1.18.0/STM32CubeIDE/plugins/com.st.stm32cube.ide.mcu.externaltools.gnu-tools-for-stm32.13.3.rel1.win32_1.0.0.202411081344/tools/bin/../lib/gcc/arm-none-eabi/13.3.1/../../../../arm-none-eabi/lib/thumb/v7e-m+fp/hard\libc_nano.a(libc_a-findfp.o)
                0x0800ee04                __sinit
 .text._fwalk_sglue
                0x0800ee34       0x3c C:/ST/STM32CubeIDE_1.18.0/STM32CubeIDE/plugins/com.st.stm32cube.ide.mcu.externaltools.gnu-tools-for-stm32.13.3.rel1.win32_1.0.0.202411081344/tools/bin/../lib/gcc/arm-none-eabi/13.3.1/../../../../arm-none-eabi/lib/thumb/v7e-m+fp/hard\libc_nano.a(libc_a-fwalk.o)
                0x0800ee34                _fwalk_sglue
 .text.snprintf
                0x0800ee70       0x6c C:/ST/STM32CubeIDE_1.18.0/STM32CubeIDE/plugins/com.st.stm32cube.ide.mcu.externaltools.gnu-tools-for-stm32.13.3.rel1.win32_1.0.0.202411081344/tools/bin/../lib/gcc/arm-none-eabi/13.3.1/../../../../arm-none-eabi/lib/thumb/v7e-m+fp/hard\libc_nano.a(libc_a-snprintf.o)
                0x0800ee70                sniprintf
                0x0800ee70                snprintf
 .text.sprintf  0x0800eedc       0x44 C:/ST/STM32CubeIDE_1.18.0/STM32CubeIDE/plugins/com.st.stm32cube.ide.mcu.externaltools.gnu-tools-for-stm32.13.3.rel1.win32_1.0.0.202411081344/tools/bin/../lib/gcc/arm-none-eabi/13.3.1/../../../../arm-none-eabi/lib/thumb/v7e-m+fp/hard\libc_nano.a(libc_a-sprintf.o)
                0x0800eedc                siprintf
                0x0800eedc                sprintf
 .text.__sread  0x0800ef20       0x22 C:/ST/STM32CubeIDE_1.18.0/STM32CubeIDE/plugins/com.st.stm32cube.ide.mcu.externaltools.gnu-tools-for-stm32.13.3.rel1.win32_1.0.0.202411081344/tools/bin/../lib/gcc/arm-none-eabi/13.3.1/../../../../arm-none-eabi/lib/thumb/v7e-m+fp/hard\libc_nano.a(libc_a-stdio.o)
                0x0800ef20                __sread
 .text.__swrite
                0x0800ef42       0x38 C:/ST/STM32CubeIDE_1.18.0/STM32CubeIDE/plugins/com.st.stm32cube.ide.mcu.externaltools.gnu-tools-for-stm32.13.3.rel1.win32_1.0.0.202411081344/tools/bin/../lib/gcc/arm-none-eabi/13.3.1/../../../../arm-none-eabi/lib/thumb/v7e-m+fp/hard\libc_nano.a(libc_a-stdio.o)
                0x0800ef42                __swrite
 .text.__sseek  0x0800ef7a       0x24 C:/ST/STM32CubeIDE_1.18.0/STM32CubeIDE/plugins/com.st.stm32cube.ide.mcu.externaltools.gnu-tools-for-stm32.13.3.rel1.win32_1.0.0.202411081344/tools/bin/../lib/gcc/arm-none-eabi/13.3.1/../../../../arm-none-eabi/lib/thumb/v7e-m+fp/hard\libc_nano.a(libc_a-stdio.o)
                0x0800ef7a                __sseek
 .text.__sclose
                0x0800ef9e        0x8 C:/ST/STM32CubeIDE_1.18.0/STM32CubeIDE/plugins/com.st.stm32cube.ide.mcu.externaltools.gnu-tools-for-stm32.13.3.rel1.win32_1.0.0.202411081344/tools/bin/../lib/gcc/arm-none-eabi/13.3.1/../../../../arm-none-eabi/lib/thumb/v7e-m+fp/hard\libc_nano.a(libc_a-stdio.o)
                0x0800ef9e                __sclose
 .text.memset   0x0800efa6       0x10 C:/ST/STM32CubeIDE_1.18.0/STM32CubeIDE/plugins/com.st.stm32cube.ide.mcu.externaltools.gnu-tools-for-stm32.13.3.rel1.win32_1.0.0.202411081344/tools/bin/../lib/gcc/arm-none-eabi/13.3.1/../../../../arm-none-eabi/lib/thumb/v7e-m+fp/hard\libc_nano.a(libc_a-memset.o)
                0x0800efa6                memset
 .text.strncmp  0x0800efb6       0x24 C:/ST/STM32CubeIDE_1.18.0/STM32CubeIDE/plugins/com.st.stm32cube.ide.mcu.externaltools.gnu-tools-for-stm32.13.3.rel1.win32_1.0.0.202411081344/tools/bin/../lib/gcc/arm-none-eabi/13.3.1/../../../../arm-none-eabi/lib/thumb/v7e-m+fp/hard\libc_nano.a(libc_a-strncmp.o)
                0x0800efb6                strncmp
 *fill*         0x0800efda        0x2 
 .text._localeconv_r
                0x0800efdc        0x8 C:/ST/STM32CubeIDE_1.18.0/STM32CubeIDE/plugins/com.st.stm32cube.ide.mcu.externaltools.gnu-tools-for-stm32.13.3.rel1.win32_1.0.0.202411081344/tools/bin/../lib/gcc/arm-none-eabi/13.3.1/../../../../arm-none-eabi/lib/thumb/v7e-m+fp/hard\libc_nano.a(libc_a-localeconv.o)
                0x0800efdc                _localeconv_r
 .text._close_r
                0x0800efe4       0x20 C:/ST/STM32CubeIDE_1.18.0/STM32CubeIDE/plugins/com.st.stm32cube.ide.mcu.externaltools.gnu-tools-for-stm32.13.3.rel1.win32_1.0.0.202411081344/tools/bin/../lib/gcc/arm-none-eabi/13.3.1/../../../../arm-none-eabi/lib/thumb/v7e-m+fp/hard\libc_nano.a(libc_a-closer.o)
                0x0800efe4                _close_r
 .text._reclaim_reent
                0x0800f004       0xbc C:/ST/STM32CubeIDE_1.18.0/STM32CubeIDE/plugins/com.st.stm32cube.ide.mcu.externaltools.gnu-tools-for-stm32.13.3.rel1.win32_1.0.0.202411081344/tools/bin/../lib/gcc/arm-none-eabi/13.3.1/../../../../arm-none-eabi/lib/thumb/v7e-m+fp/hard\libc_nano.a(libc_a-reent.o)
                0x0800f004                _reclaim_reent
 .text._lseek_r
                0x0800f0c0       0x24 C:/ST/STM32CubeIDE_1.18.0/STM32CubeIDE/plugins/com.st.stm32cube.ide.mcu.externaltools.gnu-tools-for-stm32.13.3.rel1.win32_1.0.0.202411081344/tools/bin/../lib/gcc/arm-none-eabi/13.3.1/../../../../arm-none-eabi/lib/thumb/v7e-m+fp/hard\libc_nano.a(libc_a-lseekr.o)
                0x0800f0c0                _lseek_r
 .text._read_r  0x0800f0e4       0x24 C:/ST/STM32CubeIDE_1.18.0/STM32CubeIDE/plugins/com.st.stm32cube.ide.mcu.externaltools.gnu-tools-for-stm32.13.3.rel1.win32_1.0.0.202411081344/tools/bin/../lib/gcc/arm-none-eabi/13.3.1/../../../../arm-none-eabi/lib/thumb/v7e-m+fp/hard\libc_nano.a(libc_a-readr.o)
                0x0800f0e4                _read_r
 .text._write_r
                0x0800f108       0x24 C:/ST/STM32CubeIDE_1.18.0/STM32CubeIDE/plugins/com.st.stm32cube.ide.mcu.externaltools.gnu-tools-for-stm32.13.3.rel1.win32_1.0.0.202411081344/tools/bin/../lib/gcc/arm-none-eabi/13.3.1/../../../../arm-none-eabi/lib/thumb/v7e-m+fp/hard\libc_nano.a(libc_a-writer.o)
                0x0800f108                _write_r
 .text.__errno  0x0800f12c        0xc C:/ST/STM32CubeIDE_1.18.0/STM32CubeIDE/plugins/com.st.stm32cube.ide.mcu.externaltools.gnu-tools-for-stm32.13.3.rel1.win32_1.0.0.202411081344/tools/bin/../lib/gcc/arm-none-eabi/13.3.1/../../../../arm-none-eabi/lib/thumb/v7e-m+fp/hard\libc_nano.a(libc_a-errno.o)
                0x0800f12c                __errno
 .text.__libc_init_array
                0x0800f138       0x48 C:/ST/STM32CubeIDE_1.18.0/STM32CubeIDE/plugins/com.st.stm32cube.ide.mcu.externaltools.gnu-tools-for-stm32.13.3.rel1.win32_1.0.0.202411081344/tools/bin/../lib/gcc/arm-none-eabi/13.3.1/../../../../arm-none-eabi/lib/thumb/v7e-m+fp/hard\libc_nano.a(libc_a-init.o)
                0x0800f138                __libc_init_array
 .text.__retarget_lock_init_recursive
                0x0800f180        0x2 C:/ST/STM32CubeIDE_1.18.0/STM32CubeIDE/plugins/com.st.stm32cube.ide.mcu.externaltools.gnu-tools-for-stm32.13.3.rel1.win32_1.0.0.202411081344/tools/bin/../lib/gcc/arm-none-eabi/13.3.1/../../../../arm-none-eabi/lib/thumb/v7e-m+fp/hard\libc_nano.a(libc_a-lock.o)
                0x0800f180                __retarget_lock_init_recursive
 .text.__retarget_lock_acquire_recursive
                0x0800f182        0x2 C:/ST/STM32CubeIDE_1.18.0/STM32CubeIDE/plugins/com.st.stm32cube.ide.mcu.externaltools.gnu-tools-for-stm32.13.3.rel1.win32_1.0.0.202411081344/tools/bin/../lib/gcc/arm-none-eabi/13.3.1/../../../../arm-none-eabi/lib/thumb/v7e-m+fp/hard\libc_nano.a(libc_a-lock.o)
                0x0800f182                __retarget_lock_acquire_recursive
 .text.__retarget_lock_release_recursive
                0x0800f184        0x2 C:/ST/STM32CubeIDE_1.18.0/STM32CubeIDE/plugins/com.st.stm32cube.ide.mcu.externaltools.gnu-tools-for-stm32.13.3.rel1.win32_1.0.0.202411081344/tools/bin/../lib/gcc/arm-none-eabi/13.3.1/../../../../arm-none-eabi/lib/thumb/v7e-m+fp/hard\libc_nano.a(libc_a-lock.o)
                0x0800f184                __retarget_lock_release_recursive
 .text.memcpy   0x0800f186       0x1c C:/ST/STM32CubeIDE_1.18.0/STM32CubeIDE/plugins/com.st.stm32cube.ide.mcu.externaltools.gnu-tools-for-stm32.13.3.rel1.win32_1.0.0.202411081344/tools/bin/../lib/gcc/arm-none-eabi/13.3.1/../../../../arm-none-eabi/lib/thumb/v7e-m+fp/hard\libc_nano.a(libc_a-memcpy-stub.o)
                0x0800f186                memcpy
 *fill*         0x0800f1a2        0x6 
 .text.nan      0x0800f1a8       0x10 C:/ST/STM32CubeIDE_1.18.0/STM32CubeIDE/plugins/com.st.stm32cube.ide.mcu.externaltools.gnu-tools-for-stm32.13.3.rel1.win32_1.0.0.202411081344/tools/bin/../lib/gcc/arm-none-eabi/13.3.1/../../../../arm-none-eabi/lib/thumb/v7e-m+fp/hard\libc_nano.a(libm_a-s_nan.o)
                0x0800f1a8                nan
 .text.nanf     0x0800f1b8        0xc C:/ST/STM32CubeIDE_1.18.0/STM32CubeIDE/plugins/com.st.stm32cube.ide.mcu.externaltools.gnu-tools-for-stm32.13.3.rel1.win32_1.0.0.202411081344/tools/bin/../lib/gcc/arm-none-eabi/13.3.1/../../../../arm-none-eabi/lib/thumb/v7e-m+fp/hard\libc_nano.a(libm_a-sf_nan.o)
                0x0800f1b8                nanf
 .text.quorem   0x0800f1c4      0x110 C:/ST/STM32CubeIDE_1.18.0/STM32CubeIDE/plugins/com.st.stm32cube.ide.mcu.externaltools.gnu-tools-for-stm32.13.3.rel1.win32_1.0.0.202411081344/tools/bin/../lib/gcc/arm-none-eabi/13.3.1/../../../../arm-none-eabi/lib/thumb/v7e-m+fp/hard\libc_nano.a(libc_a-dtoa.o)
 *fill*         0x0800f2d4        0x4 
 .text._dtoa_r  0x0800f2d8      0xba0 C:/ST/STM32CubeIDE_1.18.0/STM32CubeIDE/plugins/com.st.stm32cube.ide.mcu.externaltools.gnu-tools-for-stm32.13.3.rel1.win32_1.0.0.202411081344/tools/bin/../lib/gcc/arm-none-eabi/13.3.1/../../../../arm-none-eabi/lib/thumb/v7e-m+fp/hard\libc_nano.a(libc_a-dtoa.o)
                0x0800f2d8                _dtoa_r
 .text._free_r  0x0800fe78       0x94 C:/ST/STM32CubeIDE_1.18.0/STM32CubeIDE/plugins/com.st.stm32cube.ide.mcu.externaltools.gnu-tools-for-stm32.13.3.rel1.win32_1.0.0.202411081344/tools/bin/../lib/gcc/arm-none-eabi/13.3.1/../../../../arm-none-eabi/lib/thumb/v7e-m+fp/hard\libc_nano.a(libc_a-freer.o)
                0x0800fe78                _free_r
 .text.rshift   0x0800ff0c       0xa4 C:/ST/STM32CubeIDE_1.18.0/STM32CubeIDE/plugins/com.st.stm32cube.ide.mcu.externaltools.gnu-tools-for-stm32.13.3.rel1.win32_1.0.0.202411081344/tools/bin/../lib/gcc/arm-none-eabi/13.3.1/../../../../arm-none-eabi/lib/thumb/v7e-m+fp/hard\libc_nano.a(libc_a-gdtoa-gethex.o)
 .text.__hexdig_fun
                0x0800ffb0       0x2a C:/ST/STM32CubeIDE_1.18.0/STM32CubeIDE/plugins/com.st.stm32cube.ide.mcu.externaltools.gnu-tools-for-stm32.13.3.rel1.win32_1.0.0.202411081344/tools/bin/../lib/gcc/arm-none-eabi/13.3.1/../../../../arm-none-eabi/lib/thumb/v7e-m+fp/hard\libc_nano.a(libc_a-gdtoa-gethex.o)
                0x0800ffb0                __hexdig_fun
 *fill*         0x0800ffda        0x2 
 .text.__gethex
                0x0800ffdc      0x420 C:/ST/STM32CubeIDE_1.18.0/STM32CubeIDE/plugins/com.st.stm32cube.ide.mcu.externaltools.gnu-tools-for-stm32.13.3.rel1.win32_1.0.0.202411081344/tools/bin/../lib/gcc/arm-none-eabi/13.3.1/../../../../arm-none-eabi/lib/thumb/v7e-m+fp/hard\libc_nano.a(libc_a-gdtoa-gethex.o)
                0x0800ffdc                __gethex
 .text.L_shift  0x080103fc       0x24 C:/ST/STM32CubeIDE_1.18.0/STM32CubeIDE/plugins/com.st.stm32cube.ide.mcu.externaltools.gnu-tools-for-stm32.13.3.rel1.win32_1.0.0.202411081344/tools/bin/../lib/gcc/arm-none-eabi/13.3.1/../../../../arm-none-eabi/lib/thumb/v7e-m+fp/hard\libc_nano.a(libc_a-gdtoa-hexnan.o)
 .text.__match  0x08010420       0x28 C:/ST/STM32CubeIDE_1.18.0/STM32CubeIDE/plugins/com.st.stm32cube.ide.mcu.externaltools.gnu-tools-for-stm32.13.3.rel1.win32_1.0.0.202411081344/tools/bin/../lib/gcc/arm-none-eabi/13.3.1/../../../../arm-none-eabi/lib/thumb/v7e-m+fp/hard\libc_nano.a(libc_a-gdtoa-hexnan.o)
                0x08010420                __match
 .text.__hexnan
                0x08010448      0x136 C:/ST/STM32CubeIDE_1.18.0/STM32CubeIDE/plugins/com.st.stm32cube.ide.mcu.externaltools.gnu-tools-for-stm32.13.3.rel1.win32_1.0.0.202411081344/tools/bin/../lib/gcc/arm-none-eabi/13.3.1/../../../../arm-none-eabi/lib/thumb/v7e-m+fp/hard\libc_nano.a(libc_a-gdtoa-hexnan.o)
                0x08010448                __hexnan
 *fill*         0x0801057e        0x2 
 .text.malloc   0x08010580       0x10 C:/ST/STM32CubeIDE_1.18.0/STM32CubeIDE/plugins/com.st.stm32cube.ide.mcu.externaltools.gnu-tools-for-stm32.13.3.rel1.win32_1.0.0.202411081344/tools/bin/../lib/gcc/arm-none-eabi/13.3.1/../../../../arm-none-eabi/lib/thumb/v7e-m+fp/hard\libc_nano.a(libc_a-malloc.o)
                0x08010580                malloc
 .text.sbrk_aligned
                0x08010590       0x44 C:/ST/STM32CubeIDE_1.18.0/STM32CubeIDE/plugins/com.st.stm32cube.ide.mcu.externaltools.gnu-tools-for-stm32.13.3.rel1.win32_1.0.0.202411081344/tools/bin/../lib/gcc/arm-none-eabi/13.3.1/../../../../arm-none-eabi/lib/thumb/v7e-m+fp/hard\libc_nano.a(libc_a-mallocr.o)
 .text._malloc_r
                0x080105d4      0x100 C:/ST/STM32CubeIDE_1.18.0/STM32CubeIDE/plugins/com.st.stm32cube.ide.mcu.externaltools.gnu-tools-for-stm32.13.3.rel1.win32_1.0.0.202411081344/tools/bin/../lib/gcc/arm-none-eabi/13.3.1/../../../../arm-none-eabi/lib/thumb/v7e-m+fp/hard\libc_nano.a(libc_a-mallocr.o)
                0x080105d4                _malloc_r
 .text.__ascii_mbtowc
                0x080106d4       0x24 C:/ST/STM32CubeIDE_1.18.0/STM32CubeIDE/plugins/com.st.stm32cube.ide.mcu.externaltools.gnu-tools-for-stm32.13.3.rel1.win32_1.0.0.202411081344/tools/bin/../lib/gcc/arm-none-eabi/13.3.1/../../../../arm-none-eabi/lib/thumb/v7e-m+fp/hard\libc_nano.a(libc_a-mbtowc_r.o)
                0x080106d4                __ascii_mbtowc
 .text.__malloc_lock
                0x080106f8        0xc C:/ST/STM32CubeIDE_1.18.0/STM32CubeIDE/plugins/com.st.stm32cube.ide.mcu.externaltools.gnu-tools-for-stm32.13.3.rel1.win32_1.0.0.202411081344/tools/bin/../lib/gcc/arm-none-eabi/13.3.1/../../../../arm-none-eabi/lib/thumb/v7e-m+fp/hard\libc_nano.a(libc_a-mlock.o)
                0x080106f8                __malloc_lock
 .text.__malloc_unlock
                0x08010704        0xc C:/ST/STM32CubeIDE_1.18.0/STM32CubeIDE/plugins/com.st.stm32cube.ide.mcu.externaltools.gnu-tools-for-stm32.13.3.rel1.win32_1.0.0.202411081344/tools/bin/../lib/gcc/arm-none-eabi/13.3.1/../../../../arm-none-eabi/lib/thumb/v7e-m+fp/hard\libc_nano.a(libc_a-mlock.o)
                0x08010704                __malloc_unlock
 .text._Balloc  0x08010710       0x80 C:/ST/STM32CubeIDE_1.18.0/STM32CubeIDE/plugins/com.st.stm32cube.ide.mcu.externaltools.gnu-tools-for-stm32.13.3.rel1.win32_1.0.0.202411081344/tools/bin/../lib/gcc/arm-none-eabi/13.3.1/../../../../arm-none-eabi/lib/thumb/v7e-m+fp/hard\libc_nano.a(libc_a-mprec.o)
                0x08010710                _Balloc
 .text._Bfree   0x08010790       0x44 C:/ST/STM32CubeIDE_1.18.0/STM32CubeIDE/plugins/com.st.stm32cube.ide.mcu.externaltools.gnu-tools-for-stm32.13.3.rel1.win32_1.0.0.202411081344/tools/bin/../lib/gcc/arm-none-eabi/13.3.1/../../../../arm-none-eabi/lib/thumb/v7e-m+fp/hard\libc_nano.a(libc_a-mprec.o)
                0x08010790                _Bfree
 .text.__multadd
                0x080107d4       0x8c C:/ST/STM32CubeIDE_1.18.0/STM32CubeIDE/plugins/com.st.stm32cube.ide.mcu.externaltools.gnu-tools-for-stm32.13.3.rel1.win32_1.0.0.202411081344/tools/bin/../lib/gcc/arm-none-eabi/13.3.1/../../../../arm-none-eabi/lib/thumb/v7e-m+fp/hard\libc_nano.a(libc_a-mprec.o)
                0x080107d4                __multadd
 .text.__s2b    0x08010860       0x94 C:/ST/STM32CubeIDE_1.18.0/STM32CubeIDE/plugins/com.st.stm32cube.ide.mcu.externaltools.gnu-tools-for-stm32.13.3.rel1.win32_1.0.0.202411081344/tools/bin/../lib/gcc/arm-none-eabi/13.3.1/../../../../arm-none-eabi/lib/thumb/v7e-m+fp/hard\libc_nano.a(libc_a-mprec.o)
                0x08010860                __s2b
 .text.__hi0bits
                0x080108f4       0x3e C:/ST/STM32CubeIDE_1.18.0/STM32CubeIDE/plugins/com.st.stm32cube.ide.mcu.externaltools.gnu-tools-for-stm32.13.3.rel1.win32_1.0.0.202411081344/tools/bin/../lib/gcc/arm-none-eabi/13.3.1/../../../../arm-none-eabi/lib/thumb/v7e-m+fp/hard\libc_nano.a(libc_a-mprec.o)
                0x080108f4                __hi0bits
 .text.__lo0bits
                0x08010932       0x5a C:/ST/STM32CubeIDE_1.18.0/STM32CubeIDE/plugins/com.st.stm32cube.ide.mcu.externaltools.gnu-tools-for-stm32.13.3.rel1.win32_1.0.0.202411081344/tools/bin/../lib/gcc/arm-none-eabi/13.3.1/../../../../arm-none-eabi/lib/thumb/v7e-m+fp/hard\libc_nano.a(libc_a-mprec.o)
                0x08010932                __lo0bits
 .text.__i2b    0x0801098c       0x2c C:/ST/STM32CubeIDE_1.18.0/STM32CubeIDE/plugins/com.st.stm32cube.ide.mcu.externaltools.gnu-tools-for-stm32.13.3.rel1.win32_1.0.0.202411081344/tools/bin/../lib/gcc/arm-none-eabi/13.3.1/../../../../arm-none-eabi/lib/thumb/v7e-m+fp/hard\libc_nano.a(libc_a-mprec.o)
                0x0801098c                __i2b
 .text.__multiply
                0x080109b8      0x144 C:/ST/STM32CubeIDE_1.18.0/STM32CubeIDE/plugins/com.st.stm32cube.ide.mcu.externaltools.gnu-tools-for-stm32.13.3.rel1.win32_1.0.0.202411081344/tools/bin/../lib/gcc/arm-none-eabi/13.3.1/../../../../arm-none-eabi/lib/thumb/v7e-m+fp/hard\libc_nano.a(libc_a-mprec.o)
                0x080109b8                __multiply
 .text.__pow5mult
                0x08010afc       0xb4 C:/ST/STM32CubeIDE_1.18.0/STM32CubeIDE/plugins/com.st.stm32cube.ide.mcu.externaltools.gnu-tools-for-stm32.13.3.rel1.win32_1.0.0.202411081344/tools/bin/../lib/gcc/arm-none-eabi/13.3.1/../../../../arm-none-eabi/lib/thumb/v7e-m+fp/hard\libc_nano.a(libc_a-mprec.o)
                0x08010afc                __pow5mult
 .text.__lshift
                0x08010bb0       0xd8 C:/ST/STM32CubeIDE_1.18.0/STM32CubeIDE/plugins/com.st.stm32cube.ide.mcu.externaltools.gnu-tools-for-stm32.13.3.rel1.win32_1.0.0.202411081344/tools/bin/../lib/gcc/arm-none-eabi/13.3.1/../../../../arm-none-eabi/lib/thumb/v7e-m+fp/hard\libc_nano.a(libc_a-mprec.o)
                0x08010bb0                __lshift
 .text.__mcmp   0x08010c88       0x36 C:/ST/STM32CubeIDE_1.18.0/STM32CubeIDE/plugins/com.st.stm32cube.ide.mcu.externaltools.gnu-tools-for-stm32.13.3.rel1.win32_1.0.0.202411081344/tools/bin/../lib/gcc/arm-none-eabi/13.3.1/../../../../arm-none-eabi/lib/thumb/v7e-m+fp/hard\libc_nano.a(libc_a-mprec.o)
                0x08010c88                __mcmp
 *fill*         0x08010cbe        0x2 
 .text.__mdiff  0x08010cc0      0x128 C:/ST/STM32CubeIDE_1.18.0/STM32CubeIDE/plugins/com.st.stm32cube.ide.mcu.externaltools.gnu-tools-for-stm32.13.3.rel1.win32_1.0.0.202411081344/tools/bin/../lib/gcc/arm-none-eabi/13.3.1/../../../../arm-none-eabi/lib/thumb/v7e-m+fp/hard\libc_nano.a(libc_a-mprec.o)
                0x08010cc0                __mdiff
 .text.__ulp    0x08010de8       0x4c C:/ST/STM32CubeIDE_1.18.0/STM32CubeIDE/plugins/com.st.stm32cube.ide.mcu.externaltools.gnu-tools-for-stm32.13.3.rel1.win32_1.0.0.202411081344/tools/bin/../lib/gcc/arm-none-eabi/13.3.1/../../../../arm-none-eabi/lib/thumb/v7e-m+fp/hard\libc_nano.a(libc_a-mprec.o)
                0x08010de8                __ulp
 .text.__b2d    0x08010e34       0x94 C:/ST/STM32CubeIDE_1.18.0/STM32CubeIDE/plugins/com.st.stm32cube.ide.mcu.externaltools.gnu-tools-for-stm32.13.3.rel1.win32_1.0.0.202411081344/tools/bin/../lib/gcc/arm-none-eabi/13.3.1/../../../../arm-none-eabi/lib/thumb/v7e-m+fp/hard\libc_nano.a(libc_a-mprec.o)
                0x08010e34                __b2d
 .text.__d2b    0x08010ec8       0xb0 C:/ST/STM32CubeIDE_1.18.0/STM32CubeIDE/plugins/com.st.stm32cube.ide.mcu.externaltools.gnu-tools-for-stm32.13.3.rel1.win32_1.0.0.202411081344/tools/bin/../lib/gcc/arm-none-eabi/13.3.1/../../../../arm-none-eabi/lib/thumb/v7e-m+fp/hard\libc_nano.a(libc_a-mprec.o)
                0x08010ec8                __d2b
 .text.__ratio  0x08010f78       0x64 C:/ST/STM32CubeIDE_1.18.0/STM32CubeIDE/plugins/com.st.stm32cube.ide.mcu.externaltools.gnu-tools-for-stm32.13.3.rel1.win32_1.0.0.202411081344/tools/bin/../lib/gcc/arm-none-eabi/13.3.1/../../../../arm-none-eabi/lib/thumb/v7e-m+fp/hard\libc_nano.a(libc_a-mprec.o)
                0x08010f78                __ratio
 .text.__copybits
                0x08010fdc       0x46 C:/ST/STM32CubeIDE_1.18.0/STM32CubeIDE/plugins/com.st.stm32cube.ide.mcu.externaltools.gnu-tools-for-stm32.13.3.rel1.win32_1.0.0.202411081344/tools/bin/../lib/gcc/arm-none-eabi/13.3.1/../../../../arm-none-eabi/lib/thumb/v7e-m+fp/hard\libc_nano.a(libc_a-mprec.o)
                0x08010fdc                __copybits
 .text.__any_on
                0x08011022       0x42 C:/ST/STM32CubeIDE_1.18.0/STM32CubeIDE/plugins/com.st.stm32cube.ide.mcu.externaltools.gnu-tools-for-stm32.13.3.rel1.win32_1.0.0.202411081344/tools/bin/../lib/gcc/arm-none-eabi/13.3.1/../../../../arm-none-eabi/lib/thumb/v7e-m+fp/hard\libc_nano.a(libc_a-mprec.o)
                0x08011022                __any_on
 .text._strtol_l.isra.0
                0x08011064       0xf4 C:/ST/STM32CubeIDE_1.18.0/STM32CubeIDE/plugins/com.st.stm32cube.ide.mcu.externaltools.gnu-tools-for-stm32.13.3.rel1.win32_1.0.0.202411081344/tools/bin/../lib/gcc/arm-none-eabi/13.3.1/../../../../arm-none-eabi/lib/thumb/v7e-m+fp/hard\libc_nano.a(libc_a-strtol.o)
 .text._strtol_r
                0x08011158        0x4 C:/ST/STM32CubeIDE_1.18.0/STM32CubeIDE/plugins/com.st.stm32cube.ide.mcu.externaltools.gnu-tools-for-stm32.13.3.rel1.win32_1.0.0.202411081344/tools/bin/../lib/gcc/arm-none-eabi/13.3.1/../../../../arm-none-eabi/lib/thumb/v7e-m+fp/hard\libc_nano.a(libc_a-strtol.o)
                0x08011158                _strtol_r
 .text.__ascii_wctomb
                0x0801115c       0x1a C:/ST/STM32CubeIDE_1.18.0/STM32CubeIDE/plugins/com.st.stm32cube.ide.mcu.externaltools.gnu-tools-for-stm32.13.3.rel1.win32_1.0.0.202411081344/tools/bin/../lib/gcc/arm-none-eabi/13.3.1/../../../../arm-none-eabi/lib/thumb/v7e-m+fp/hard\libc_nano.a(libc_a-wctomb_r.o)
                0x0801115c                __ascii_wctomb
 .text.__ssputs_r
                0x08011176       0xb6 C:/ST/STM32CubeIDE_1.18.0/STM32CubeIDE/plugins/com.st.stm32cube.ide.mcu.externaltools.gnu-tools-for-stm32.13.3.rel1.win32_1.0.0.202411081344/tools/bin/../lib/gcc/arm-none-eabi/13.3.1/../../../../arm-none-eabi/lib/thumb/v7e-m+fp/hard\libc_nano.a(libc_a-nano-svfprintf.o)
                0x08011176                __ssputs_r
 .text._svfprintf_r
                0x0801122c      0x1f8 C:/ST/STM32CubeIDE_1.18.0/STM32CubeIDE/plugins/com.st.stm32cube.ide.mcu.externaltools.gnu-tools-for-stm32.13.3.rel1.win32_1.0.0.202411081344/tools/bin/../lib/gcc/arm-none-eabi/13.3.1/../../../../arm-none-eabi/lib/thumb/v7e-m+fp/hard\libc_nano.a(libc_a-nano-svfprintf.o)
                0x0801122c                _svfiprintf_r
                0x0801122c                _svfprintf_r
 .text.__sflush_r
                0x08011424      0x108 C:/ST/STM32CubeIDE_1.18.0/STM32CubeIDE/plugins/com.st.stm32cube.ide.mcu.externaltools.gnu-tools-for-stm32.13.3.rel1.win32_1.0.0.202411081344/tools/bin/../lib/gcc/arm-none-eabi/13.3.1/../../../../arm-none-eabi/lib/thumb/v7e-m+fp/hard\libc_nano.a(libc_a-fflush.o)
                0x08011424                __sflush_r
 .text._fflush_r
                0x0801152c       0x50 C:/ST/STM32CubeIDE_1.18.0/STM32CubeIDE/plugins/com.st.stm32cube.ide.mcu.externaltools.gnu-tools-for-stm32.13.3.rel1.win32_1.0.0.202411081344/tools/bin/../lib/gcc/arm-none-eabi/13.3.1/../../../../arm-none-eabi/lib/thumb/v7e-m+fp/hard\libc_nano.a(libc_a-fflush.o)
                0x0801152c                _fflush_r
 .text.memmove  0x0801157c       0x34 C:/ST/STM32CubeIDE_1.18.0/STM32CubeIDE/plugins/com.st.stm32cube.ide.mcu.externaltools.gnu-tools-for-stm32.13.3.rel1.win32_1.0.0.202411081344/tools/bin/../lib/gcc/arm-none-eabi/13.3.1/../../../../arm-none-eabi/lib/thumb/v7e-m+fp/hard\libc_nano.a(libc_a-memmove.o)
                0x0801157c                memmove
 .text._sbrk_r  0x080115b0       0x20 C:/ST/STM32CubeIDE_1.18.0/STM32CubeIDE/plugins/com.st.stm32cube.ide.mcu.externaltools.gnu-tools-for-stm32.13.3.rel1.win32_1.0.0.202411081344/tools/bin/../lib/gcc/arm-none-eabi/13.3.1/../../../../arm-none-eabi/lib/thumb/v7e-m+fp/hard\libc_nano.a(libc_a-sbrkr.o)
                0x080115b0                _sbrk_r
 .text.__assert_func
                0x080115d0       0x3c C:/ST/STM32CubeIDE_1.18.0/STM32CubeIDE/plugins/com.st.stm32cube.ide.mcu.externaltools.gnu-tools-for-stm32.13.3.rel1.win32_1.0.0.202411081344/tools/bin/../lib/gcc/arm-none-eabi/13.3.1/../../../../arm-none-eabi/lib/thumb/v7e-m+fp/hard\libc_nano.a(libc_a-assert.o)
                0x080115d0                __assert_func